Command line invocation:
    /Applications/Xcode.app/Contents/Developer/usr/bin/xcodebuild -project SwiftUIDemo.xcodeproj -scheme SwiftUIDemo -destination "platform=iOS Simulator,name=iPhone 16" build

Resolve Package Graph


Resolved source packages:
  swift-case-paths: https://github.com/pointfreeco/swift-case-paths @ 1.7.1
  combine-schedulers: https://github.com/pointfreeco/combine-schedulers @ 1.0.3
  swift-syntax: https://github.com/swiftlang/swift-syntax @ 601.0.1
  swift-collections: https://github.com/apple/swift-collections @ 1.2.1
  xctest-dynamic-overlay: https://github.com/pointfreeco/xctest-dynamic-overlay @ 1.6.1
  SwiftLintPlugins: https://github.com/SimplyDanny/SwiftLintPlugins @ 0.61.0
  swift-custom-dump: https://github.com/pointfreeco/swift-custom-dump @ 1.3.3
  swift-dependencies: https://github.com/pointfreeco/swift-dependencies @ 1.9.4
  swift-perception: https://github.com/pointfreeco/swift-perception @ 2.0.7
  swift-clocks: https://github.com/pointfreeco/swift-clocks @ 1.0.6
  swift-sharing: https://github.com/pointfreeco/swift-sharing @ 2.7.3
  swift-composable-architecture: https://github.com/pointfreeco/swift-composable-architecture @ 1.22.2
  swift-concurrency-extras: https://github.com/pointfreeco/swift-concurrency-extras @ 1.3.2
  swift-navigation: https://github.com/pointfreeco/swift-navigation @ 2.4.2
  swift-identified-collections: https://github.com/pointfreeco/swift-identified-collections @ 1.1.1

--- xcodebuild: WARNING: Using the first of multiple matching destinations:
{ platform:iOS Simulator, arch:arm64, id:EE46C209-3F17-4FD1-9A76-6A5AE5A92CB3, OS:18.4, name:iPhone 16 }
{ platform:iOS Simulator, arch:x86_64, id:EE46C209-3F17-4FD1-9A76-6A5AE5A92CB3, OS:18.4, name:iPhone 16 }
ComputePackagePrebuildTargetDependencyGraph

Prepare packages

CreateBuildRequest

SendProjectDescription

CreateBuildOperation

ComputeTargetDependencyGraph
note: Building targets in dependency order
note: Target dependency graph (66 targets)
    Target 'SwiftUIDemo' in project 'SwiftUIDemo'
        ➜ Explicit dependency on target 'ComposableArchitecture' in project 'swift-composable-architecture'
    Target 'ComposableArchitecture' in project 'swift-composable-architecture'
        ➜ Explicit dependency on target 'ComposableArchitecture' in project 'swift-composable-architecture'
        ➜ Explicit dependency on target 'swift-composable-architecture_ComposableArchitecture' in project 'swift-composable-architecture'
        ➜ Explicit dependency on target 'ComposableArchitectureMacros' in project 'swift-composable-architecture'
        ➜ Explicit dependency on target 'CasePaths' in project 'swift-case-paths'
        ➜ Explicit dependency on target 'CombineSchedulers' in project 'combine-schedulers'
        ➜ Explicit dependency on target 'ConcurrencyExtras' in project 'swift-concurrency-extras'
        ➜ Explicit dependency on target 'CustomDump' in project 'swift-custom-dump'
        ➜ Explicit dependency on target 'Dependencies' in project 'swift-dependencies'
        ➜ Explicit dependency on target 'DependenciesMacros' in project 'swift-dependencies'
        ➜ Explicit dependency on target 'IdentifiedCollections' in project 'swift-identified-collections'
        ➜ Explicit dependency on target 'IssueReporting' in project 'xctest-dynamic-overlay'
        ➜ Explicit dependency on target 'OrderedCollections' in project 'swift-collections'
        ➜ Explicit dependency on target 'Perception' in project 'swift-perception'
        ➜ Explicit dependency on target 'Sharing' in project 'swift-sharing'
        ➜ Explicit dependency on target 'SwiftUINavigation' in project 'swift-navigation'
        ➜ Explicit dependency on target 'UIKitNavigation' in project 'swift-navigation'
    Target 'ComposableArchitecture' in project 'swift-composable-architecture'
        ➜ Explicit dependency on target 'swift-composable-architecture_ComposableArchitecture' in project 'swift-composable-architecture'
        ➜ Explicit dependency on target 'ComposableArchitectureMacros' in project 'swift-composable-architecture'
        ➜ Explicit dependency on target 'CasePaths' in project 'swift-case-paths'
        ➜ Explicit dependency on target 'CombineSchedulers' in project 'combine-schedulers'
        ➜ Explicit dependency on target 'ConcurrencyExtras' in project 'swift-concurrency-extras'
        ➜ Explicit dependency on target 'CustomDump' in project 'swift-custom-dump'
        ➜ Explicit dependency on target 'Dependencies' in project 'swift-dependencies'
        ➜ Explicit dependency on target 'DependenciesMacros' in project 'swift-dependencies'
        ➜ Explicit dependency on target 'IdentifiedCollections' in project 'swift-identified-collections'
        ➜ Explicit dependency on target 'IssueReporting' in project 'xctest-dynamic-overlay'
        ➜ Explicit dependency on target 'OrderedCollections' in project 'swift-collections'
        ➜ Explicit dependency on target 'Perception' in project 'swift-perception'
        ➜ Explicit dependency on target 'Sharing' in project 'swift-sharing'
        ➜ Explicit dependency on target 'SwiftUINavigation' in project 'swift-navigation'
        ➜ Explicit dependency on target 'UIKitNavigation' in project 'swift-navigation'
    Target 'UIKitNavigation' in project 'swift-navigation'
        ➜ Explicit dependency on target 'UIKitNavigation' in project 'swift-navigation'
        ➜ Explicit dependency on target 'SwiftNavigation' in project 'swift-navigation'
        ➜ Explicit dependency on target 'UIKitNavigationShim' in project 'swift-navigation'
        ➜ Explicit dependency on target 'CasePaths' in project 'swift-case-paths'
        ➜ Explicit dependency on target 'CustomDump' in project 'swift-custom-dump'
        ➜ Explicit dependency on target 'ConcurrencyExtras' in project 'swift-concurrency-extras'
        ➜ Explicit dependency on target 'IssueReporting' in project 'xctest-dynamic-overlay'
        ➜ Explicit dependency on target 'OrderedCollections' in project 'swift-collections'
        ➜ Explicit dependency on target 'Perception' in project 'swift-perception'
        ➜ Explicit dependency on target 'PerceptionCore' in project 'swift-perception'
    Target 'SwiftUINavigation' in project 'swift-navigation'
        ➜ Explicit dependency on target 'SwiftUINavigation' in project 'swift-navigation'
        ➜ Explicit dependency on target 'SwiftNavigation' in project 'swift-navigation'
        ➜ Explicit dependency on target 'UIKitNavigationShim' in project 'swift-navigation'
        ➜ Explicit dependency on target 'UIKitNavigation' in project 'swift-navigation'
        ➜ Explicit dependency on target 'CasePaths' in project 'swift-case-paths'
        ➜ Explicit dependency on target 'CustomDump' in project 'swift-custom-dump'
        ➜ Explicit dependency on target 'ConcurrencyExtras' in project 'swift-concurrency-extras'
        ➜ Explicit dependency on target 'IssueReporting' in project 'xctest-dynamic-overlay'
        ➜ Explicit dependency on target 'OrderedCollections' in project 'swift-collections'
        ➜ Explicit dependency on target 'Perception' in project 'swift-perception'
        ➜ Explicit dependency on target 'PerceptionCore' in project 'swift-perception'
    Target 'SwiftUINavigation' in project 'swift-navigation'
        ➜ Explicit dependency on target 'SwiftNavigation' in project 'swift-navigation'
        ➜ Explicit dependency on target 'UIKitNavigationShim' in project 'swift-navigation'
        ➜ Explicit dependency on target 'UIKitNavigation' in project 'swift-navigation'
        ➜ Explicit dependency on target 'CasePaths' in project 'swift-case-paths'
        ➜ Explicit dependency on target 'CustomDump' in project 'swift-custom-dump'
        ➜ Explicit dependency on target 'ConcurrencyExtras' in project 'swift-concurrency-extras'
        ➜ Explicit dependency on target 'IssueReporting' in project 'xctest-dynamic-overlay'
        ➜ Explicit dependency on target 'OrderedCollections' in project 'swift-collections'
        ➜ Explicit dependency on target 'Perception' in project 'swift-perception'
        ➜ Explicit dependency on target 'PerceptionCore' in project 'swift-perception'
    Target 'UIKitNavigation' in project 'swift-navigation'
        ➜ Explicit dependency on target 'SwiftNavigation' in project 'swift-navigation'
        ➜ Explicit dependency on target 'UIKitNavigationShim' in project 'swift-navigation'
        ➜ Explicit dependency on target 'CasePaths' in project 'swift-case-paths'
        ➜ Explicit dependency on target 'CustomDump' in project 'swift-custom-dump'
        ➜ Explicit dependency on target 'ConcurrencyExtras' in project 'swift-concurrency-extras'
        ➜ Explicit dependency on target 'IssueReporting' in project 'xctest-dynamic-overlay'
        ➜ Explicit dependency on target 'OrderedCollections' in project 'swift-collections'
        ➜ Explicit dependency on target 'Perception' in project 'swift-perception'
        ➜ Explicit dependency on target 'PerceptionCore' in project 'swift-perception'
    Target 'UIKitNavigationShim' in project 'swift-navigation' (no dependencies)
    Target 'SwiftNavigation' in project 'swift-navigation'
        ➜ Explicit dependency on target 'CasePaths' in project 'swift-case-paths'
        ➜ Explicit dependency on target 'CustomDump' in project 'swift-custom-dump'
        ➜ Explicit dependency on target 'ConcurrencyExtras' in project 'swift-concurrency-extras'
        ➜ Explicit dependency on target 'IssueReporting' in project 'xctest-dynamic-overlay'
        ➜ Explicit dependency on target 'OrderedCollections' in project 'swift-collections'
        ➜ Explicit dependency on target 'Perception' in project 'swift-perception'
        ➜ Explicit dependency on target 'PerceptionCore' in project 'swift-perception'
    Target 'Sharing' in project 'swift-sharing'
        ➜ Explicit dependency on target 'Sharing' in project 'swift-sharing'
        ➜ Explicit dependency on target 'swift-sharing_Sharing' in project 'swift-sharing'
        ➜ Explicit dependency on target 'Sharing1' in project 'swift-sharing'
        ➜ Explicit dependency on target 'Sharing2' in project 'swift-sharing'
        ➜ Explicit dependency on target 'CombineSchedulers' in project 'combine-schedulers'
        ➜ Explicit dependency on target 'ConcurrencyExtras' in project 'swift-concurrency-extras'
        ➜ Explicit dependency on target 'CustomDump' in project 'swift-custom-dump'
        ➜ Explicit dependency on target 'Dependencies' in project 'swift-dependencies'
        ➜ Explicit dependency on target 'IdentifiedCollections' in project 'swift-identified-collections'
        ➜ Explicit dependency on target 'IssueReporting' in project 'xctest-dynamic-overlay'
        ➜ Explicit dependency on target 'PerceptionCore' in project 'swift-perception'
    Target 'Sharing' in project 'swift-sharing'
        ➜ Explicit dependency on target 'swift-sharing_Sharing' in project 'swift-sharing'
        ➜ Explicit dependency on target 'Sharing1' in project 'swift-sharing'
        ➜ Explicit dependency on target 'Sharing2' in project 'swift-sharing'
        ➜ Explicit dependency on target 'CombineSchedulers' in project 'combine-schedulers'
        ➜ Explicit dependency on target 'ConcurrencyExtras' in project 'swift-concurrency-extras'
        ➜ Explicit dependency on target 'CustomDump' in project 'swift-custom-dump'
        ➜ Explicit dependency on target 'Dependencies' in project 'swift-dependencies'
        ➜ Explicit dependency on target 'IdentifiedCollections' in project 'swift-identified-collections'
        ➜ Explicit dependency on target 'IssueReporting' in project 'xctest-dynamic-overlay'
        ➜ Explicit dependency on target 'PerceptionCore' in project 'swift-perception'
    Target 'PerceptionCore' in project 'swift-perception'
        ➜ Explicit dependency on target 'PerceptionCore' in project 'swift-perception'
        ➜ Explicit dependency on target 'IssueReporting' in project 'xctest-dynamic-overlay'
    Target 'Sharing2' in project 'swift-sharing' (no dependencies)
    Target 'Sharing1' in project 'swift-sharing' (no dependencies)
    Target 'swift-sharing_Sharing' in project 'swift-sharing' (no dependencies)
    Target 'Perception' in project 'swift-perception'
        ➜ Explicit dependency on target 'Perception' in project 'swift-perception'
        ➜ Explicit dependency on target 'PerceptionCore' in project 'swift-perception'
        ➜ Explicit dependency on target 'PerceptionMacros' in project 'swift-perception'
        ➜ Explicit dependency on target 'IssueReporting' in project 'xctest-dynamic-overlay'
    Target 'Perception' in project 'swift-perception'
        ➜ Explicit dependency on target 'PerceptionCore' in project 'swift-perception'
        ➜ Explicit dependency on target 'PerceptionMacros' in project 'swift-perception'
        ➜ Explicit dependency on target 'IssueReporting' in project 'xctest-dynamic-overlay'
    Target 'PerceptionMacros' in project 'swift-perception'
        ➜ Explicit dependency on target 'SwiftSyntaxMacros' in project 'swift-syntax'
        ➜ Explicit dependency on target 'SwiftCompilerPlugin' in project 'swift-syntax'
    Target 'PerceptionCore' in project 'swift-perception'
        ➜ Explicit dependency on target 'IssueReporting' in project 'xctest-dynamic-overlay'
    Target 'IdentifiedCollections' in project 'swift-identified-collections'
        ➜ Explicit dependency on target 'IdentifiedCollections' in project 'swift-identified-collections'
        ➜ Explicit dependency on target 'OrderedCollections' in project 'swift-collections'
    Target 'IdentifiedCollections' in project 'swift-identified-collections'
        ➜ Explicit dependency on target 'OrderedCollections' in project 'swift-collections'
    Target 'OrderedCollections' in project 'swift-collections'
        ➜ Explicit dependency on target 'OrderedCollections' in project 'swift-collections'
        ➜ Explicit dependency on target 'InternalCollectionsUtilities' in project 'swift-collections'
    Target 'OrderedCollections' in project 'swift-collections'
        ➜ Explicit dependency on target 'InternalCollectionsUtilities' in project 'swift-collections'
    Target 'InternalCollectionsUtilities' in project 'swift-collections' (no dependencies)
    Target 'DependenciesMacros' in project 'swift-dependencies'
        ➜ Explicit dependency on target 'DependenciesMacros' in project 'swift-dependencies'
        ➜ Explicit dependency on target 'DependenciesMacrosPlugin' in project 'swift-dependencies'
        ➜ Explicit dependency on target 'IssueReporting' in project 'xctest-dynamic-overlay'
        ➜ Explicit dependency on target 'XCTestDynamicOverlay' in project 'xctest-dynamic-overlay'
    Target 'DependenciesMacros' in project 'swift-dependencies'
        ➜ Explicit dependency on target 'DependenciesMacrosPlugin' in project 'swift-dependencies'
        ➜ Explicit dependency on target 'IssueReporting' in project 'xctest-dynamic-overlay'
        ➜ Explicit dependency on target 'XCTestDynamicOverlay' in project 'xctest-dynamic-overlay'
    Target 'DependenciesMacrosPlugin' in project 'swift-dependencies'
        ➜ Explicit dependency on target 'SwiftSyntaxMacros' in project 'swift-syntax'
        ➜ Explicit dependency on target 'SwiftCompilerPlugin' in project 'swift-syntax'
    Target 'Dependencies' in project 'swift-dependencies'
        ➜ Explicit dependency on target 'Dependencies' in project 'swift-dependencies'
        ➜ Explicit dependency on target 'Clocks' in project 'swift-clocks'
        ➜ Explicit dependency on target 'CombineSchedulers' in project 'combine-schedulers'
        ➜ Explicit dependency on target 'ConcurrencyExtras' in project 'swift-concurrency-extras'
        ➜ Explicit dependency on target 'IssueReporting' in project 'xctest-dynamic-overlay'
        ➜ Explicit dependency on target 'XCTestDynamicOverlay' in project 'xctest-dynamic-overlay'
    Target 'Dependencies' in project 'swift-dependencies'
        ➜ Explicit dependency on target 'Clocks' in project 'swift-clocks'
        ➜ Explicit dependency on target 'CombineSchedulers' in project 'combine-schedulers'
        ➜ Explicit dependency on target 'ConcurrencyExtras' in project 'swift-concurrency-extras'
        ➜ Explicit dependency on target 'IssueReporting' in project 'xctest-dynamic-overlay'
        ➜ Explicit dependency on target 'XCTestDynamicOverlay' in project 'xctest-dynamic-overlay'
    Target 'Clocks' in project 'swift-clocks'
        ➜ Explicit dependency on target 'Clocks' in project 'swift-clocks'
        ➜ Explicit dependency on target 'ConcurrencyExtras' in project 'swift-concurrency-extras'
        ➜ Explicit dependency on target 'IssueReporting' in project 'xctest-dynamic-overlay'
    Target 'Clocks' in project 'swift-clocks'
        ➜ Explicit dependency on target 'ConcurrencyExtras' in project 'swift-concurrency-extras'
        ➜ Explicit dependency on target 'IssueReporting' in project 'xctest-dynamic-overlay'
    Target 'CustomDump' in project 'swift-custom-dump'
        ➜ Explicit dependency on target 'CustomDump' in project 'swift-custom-dump'
        ➜ Explicit dependency on target 'IssueReporting' in project 'xctest-dynamic-overlay'
        ➜ Explicit dependency on target 'XCTestDynamicOverlay' in project 'xctest-dynamic-overlay'
    Target 'CustomDump' in project 'swift-custom-dump'
        ➜ Explicit dependency on target 'IssueReporting' in project 'xctest-dynamic-overlay'
        ➜ Explicit dependency on target 'XCTestDynamicOverlay' in project 'xctest-dynamic-overlay'
    Target 'CombineSchedulers' in project 'combine-schedulers'
        ➜ Explicit dependency on target 'CombineSchedulers' in project 'combine-schedulers'
        ➜ Explicit dependency on target 'ConcurrencyExtras' in project 'swift-concurrency-extras'
        ➜ Explicit dependency on target 'IssueReporting' in project 'xctest-dynamic-overlay'
    Target 'CombineSchedulers' in project 'combine-schedulers'
        ➜ Explicit dependency on target 'ConcurrencyExtras' in project 'swift-concurrency-extras'
        ➜ Explicit dependency on target 'IssueReporting' in project 'xctest-dynamic-overlay'
    Target 'ConcurrencyExtras' in project 'swift-concurrency-extras'
        ➜ Explicit dependency on target 'ConcurrencyExtras' in project 'swift-concurrency-extras'
    Target 'ConcurrencyExtras' in project 'swift-concurrency-extras' (no dependencies)
    Target 'CasePaths' in project 'swift-case-paths'
        ➜ Explicit dependency on target 'CasePaths' in project 'swift-case-paths'
        ➜ Explicit dependency on target 'CasePathsCore' in project 'swift-case-paths'
        ➜ Explicit dependency on target 'CasePathsMacros' in project 'swift-case-paths'
        ➜ Explicit dependency on target 'IssueReporting' in project 'xctest-dynamic-overlay'
        ➜ Explicit dependency on target 'XCTestDynamicOverlay' in project 'xctest-dynamic-overlay'
    Target 'CasePaths' in project 'swift-case-paths'
        ➜ Explicit dependency on target 'CasePathsCore' in project 'swift-case-paths'
        ➜ Explicit dependency on target 'CasePathsMacros' in project 'swift-case-paths'
        ➜ Explicit dependency on target 'IssueReporting' in project 'xctest-dynamic-overlay'
        ➜ Explicit dependency on target 'XCTestDynamicOverlay' in project 'xctest-dynamic-overlay'
    Target 'CasePathsMacros' in project 'swift-case-paths'
        ➜ Explicit dependency on target 'SwiftSyntaxMacros' in project 'swift-syntax'
        ➜ Explicit dependency on target 'SwiftCompilerPlugin' in project 'swift-syntax'
    Target 'CasePathsCore' in project 'swift-case-paths'
        ➜ Explicit dependency on target 'IssueReporting' in project 'xctest-dynamic-overlay'
        ➜ Explicit dependency on target 'XCTestDynamicOverlay' in project 'xctest-dynamic-overlay'
    Target 'XCTestDynamicOverlay' in project 'xctest-dynamic-overlay'
        ➜ Explicit dependency on target 'XCTestDynamicOverlay' in project 'xctest-dynamic-overlay'
        ➜ Explicit dependency on target 'IssueReportingPackageSupport' in project 'xctest-dynamic-overlay'
        ➜ Explicit dependency on target 'IssueReporting' in project 'xctest-dynamic-overlay'
    Target 'XCTestDynamicOverlay' in project 'xctest-dynamic-overlay'
        ➜ Explicit dependency on target 'IssueReportingPackageSupport' in project 'xctest-dynamic-overlay'
        ➜ Explicit dependency on target 'IssueReporting' in project 'xctest-dynamic-overlay'
    Target 'IssueReporting' in project 'xctest-dynamic-overlay'
        ➜ Explicit dependency on target 'IssueReporting' in project 'xctest-dynamic-overlay'
        ➜ Explicit dependency on target 'IssueReportingPackageSupport' in project 'xctest-dynamic-overlay'
    Target 'IssueReporting' in project 'xctest-dynamic-overlay'
        ➜ Explicit dependency on target 'IssueReportingPackageSupport' in project 'xctest-dynamic-overlay'
    Target 'IssueReportingPackageSupport' in project 'xctest-dynamic-overlay' (no dependencies)
    Target 'ComposableArchitectureMacros' in project 'swift-composable-architecture'
        ➜ Explicit dependency on target 'SwiftSyntaxMacros' in project 'swift-syntax'
        ➜ Explicit dependency on target 'SwiftCompilerPlugin' in project 'swift-syntax'
    Target 'SwiftCompilerPlugin' in project 'swift-syntax'
        ➜ Explicit dependency on target 'SwiftCompilerPlugin' in project 'swift-syntax'
        ➜ Explicit dependency on target '_SwiftSyntaxCShims' in project 'swift-syntax'
        ➜ Explicit dependency on target 'SwiftSyntax509' in project 'swift-syntax'
        ➜ Explicit dependency on target 'SwiftSyntax510' in project 'swift-syntax'
        ➜ Explicit dependency on target 'SwiftSyntax600' in project 'swift-syntax'
        ➜ Explicit dependency on target 'SwiftSyntax601' in project 'swift-syntax'
        ➜ Explicit dependency on target 'SwiftSyntax' in project 'swift-syntax'
        ➜ Explicit dependency on target 'SwiftDiagnostics' in project 'swift-syntax'
        ➜ Explicit dependency on target 'SwiftParser' in project 'swift-syntax'
        ➜ Explicit dependency on target 'SwiftOperators' in project 'swift-syntax'
        ➜ Explicit dependency on target 'SwiftBasicFormat' in project 'swift-syntax'
        ➜ Explicit dependency on target 'SwiftParserDiagnostics' in project 'swift-syntax'
        ➜ Explicit dependency on target 'SwiftSyntaxBuilder' in project 'swift-syntax'
        ➜ Explicit dependency on target 'SwiftSyntaxMacros' in project 'swift-syntax'
        ➜ Explicit dependency on target 'SwiftSyntaxMacroExpansion' in project 'swift-syntax'
        ➜ Explicit dependency on target 'SwiftCompilerPluginMessageHandling' in project 'swift-syntax'
    Target 'SwiftCompilerPlugin' in project 'swift-syntax'
        ➜ Explicit dependency on target '_SwiftSyntaxCShims' in project 'swift-syntax'
        ➜ Explicit dependency on target 'SwiftSyntax509' in project 'swift-syntax'
        ➜ Explicit dependency on target 'SwiftSyntax510' in project 'swift-syntax'
        ➜ Explicit dependency on target 'SwiftSyntax600' in project 'swift-syntax'
        ➜ Explicit dependency on target 'SwiftSyntax601' in project 'swift-syntax'
        ➜ Explicit dependency on target 'SwiftSyntax' in project 'swift-syntax'
        ➜ Explicit dependency on target 'SwiftDiagnostics' in project 'swift-syntax'
        ➜ Explicit dependency on target 'SwiftParser' in project 'swift-syntax'
        ➜ Explicit dependency on target 'SwiftOperators' in project 'swift-syntax'
        ➜ Explicit dependency on target 'SwiftBasicFormat' in project 'swift-syntax'
        ➜ Explicit dependency on target 'SwiftParserDiagnostics' in project 'swift-syntax'
        ➜ Explicit dependency on target 'SwiftSyntaxBuilder' in project 'swift-syntax'
        ➜ Explicit dependency on target 'SwiftSyntaxMacros' in project 'swift-syntax'
        ➜ Explicit dependency on target 'SwiftSyntaxMacroExpansion' in project 'swift-syntax'
        ➜ Explicit dependency on target 'SwiftCompilerPluginMessageHandling' in project 'swift-syntax'
    Target 'SwiftCompilerPluginMessageHandling' in project 'swift-syntax'
        ➜ Explicit dependency on target '_SwiftSyntaxCShims' in project 'swift-syntax'
        ➜ Explicit dependency on target 'SwiftSyntax509' in project 'swift-syntax'
        ➜ Explicit dependency on target 'SwiftSyntax510' in project 'swift-syntax'
        ➜ Explicit dependency on target 'SwiftSyntax600' in project 'swift-syntax'
        ➜ Explicit dependency on target 'SwiftSyntax601' in project 'swift-syntax'
        ➜ Explicit dependency on target 'SwiftSyntax' in project 'swift-syntax'
        ➜ Explicit dependency on target 'SwiftDiagnostics' in project 'swift-syntax'
        ➜ Explicit dependency on target 'SwiftParser' in project 'swift-syntax'
        ➜ Explicit dependency on target 'SwiftOperators' in project 'swift-syntax'
        ➜ Explicit dependency on target 'SwiftBasicFormat' in project 'swift-syntax'
        ➜ Explicit dependency on target 'SwiftParserDiagnostics' in project 'swift-syntax'
        ➜ Explicit dependency on target 'SwiftSyntaxBuilder' in project 'swift-syntax'
        ➜ Explicit dependency on target 'SwiftSyntaxMacros' in project 'swift-syntax'
        ➜ Explicit dependency on target 'SwiftSyntaxMacroExpansion' in project 'swift-syntax'
    Target 'SwiftSyntaxMacroExpansion' in project 'swift-syntax'
        ➜ Explicit dependency on target '_SwiftSyntaxCShims' in project 'swift-syntax'
        ➜ Explicit dependency on target 'SwiftSyntax509' in project 'swift-syntax'
        ➜ Explicit dependency on target 'SwiftSyntax510' in project 'swift-syntax'
        ➜ Explicit dependency on target 'SwiftSyntax600' in project 'swift-syntax'
        ➜ Explicit dependency on target 'SwiftSyntax601' in project 'swift-syntax'
        ➜ Explicit dependency on target 'SwiftSyntax' in project 'swift-syntax'
        ➜ Explicit dependency on target 'SwiftBasicFormat' in project 'swift-syntax'
        ➜ Explicit dependency on target 'SwiftParser' in project 'swift-syntax'
        ➜ Explicit dependency on target 'SwiftDiagnostics' in project 'swift-syntax'
        ➜ Explicit dependency on target 'SwiftParserDiagnostics' in project 'swift-syntax'
        ➜ Explicit dependency on target 'SwiftSyntaxBuilder' in project 'swift-syntax'
        ➜ Explicit dependency on target 'SwiftSyntaxMacros' in project 'swift-syntax'
        ➜ Explicit dependency on target 'SwiftOperators' in project 'swift-syntax'
    Target 'SwiftOperators' in project 'swift-syntax'
        ➜ Explicit dependency on target '_SwiftSyntaxCShims' in project 'swift-syntax'
        ➜ Explicit dependency on target 'SwiftSyntax509' in project 'swift-syntax'
        ➜ Explicit dependency on target 'SwiftSyntax510' in project 'swift-syntax'
        ➜ Explicit dependency on target 'SwiftSyntax600' in project 'swift-syntax'
        ➜ Explicit dependency on target 'SwiftSyntax601' in project 'swift-syntax'
        ➜ Explicit dependency on target 'SwiftSyntax' in project 'swift-syntax'
        ➜ Explicit dependency on target 'SwiftDiagnostics' in project 'swift-syntax'
        ➜ Explicit dependency on target 'SwiftParser' in project 'swift-syntax'
    Target 'SwiftSyntaxMacros' in project 'swift-syntax'
        ➜ Explicit dependency on target 'SwiftSyntaxMacros' in project 'swift-syntax'
        ➜ Explicit dependency on target '_SwiftSyntaxCShims' in project 'swift-syntax'
        ➜ Explicit dependency on target 'SwiftSyntax509' in project 'swift-syntax'
        ➜ Explicit dependency on target 'SwiftSyntax510' in project 'swift-syntax'
        ➜ Explicit dependency on target 'SwiftSyntax600' in project 'swift-syntax'
        ➜ Explicit dependency on target 'SwiftSyntax601' in project 'swift-syntax'
        ➜ Explicit dependency on target 'SwiftSyntax' in project 'swift-syntax'
        ➜ Explicit dependency on target 'SwiftDiagnostics' in project 'swift-syntax'
        ➜ Explicit dependency on target 'SwiftParser' in project 'swift-syntax'
        ➜ Explicit dependency on target 'SwiftBasicFormat' in project 'swift-syntax'
        ➜ Explicit dependency on target 'SwiftParserDiagnostics' in project 'swift-syntax'
        ➜ Explicit dependency on target 'SwiftSyntaxBuilder' in project 'swift-syntax'
    Target 'SwiftSyntaxMacros' in project 'swift-syntax'
        ➜ Explicit dependency on target '_SwiftSyntaxCShims' in project 'swift-syntax'
        ➜ Explicit dependency on target 'SwiftSyntax509' in project 'swift-syntax'
        ➜ Explicit dependency on target 'SwiftSyntax510' in project 'swift-syntax'
        ➜ Explicit dependency on target 'SwiftSyntax600' in project 'swift-syntax'
        ➜ Explicit dependency on target 'SwiftSyntax601' in project 'swift-syntax'
        ➜ Explicit dependency on target 'SwiftSyntax' in project 'swift-syntax'
        ➜ Explicit dependency on target 'SwiftDiagnostics' in project 'swift-syntax'
        ➜ Explicit dependency on target 'SwiftParser' in project 'swift-syntax'
        ➜ Explicit dependency on target 'SwiftBasicFormat' in project 'swift-syntax'
        ➜ Explicit dependency on target 'SwiftParserDiagnostics' in project 'swift-syntax'
        ➜ Explicit dependency on target 'SwiftSyntaxBuilder' in project 'swift-syntax'
    Target 'SwiftSyntaxBuilder' in project 'swift-syntax'
        ➜ Explicit dependency on target '_SwiftSyntaxCShims' in project 'swift-syntax'
        ➜ Explicit dependency on target 'SwiftSyntax509' in project 'swift-syntax'
        ➜ Explicit dependency on target 'SwiftSyntax510' in project 'swift-syntax'
        ➜ Explicit dependency on target 'SwiftSyntax600' in project 'swift-syntax'
        ➜ Explicit dependency on target 'SwiftSyntax601' in project 'swift-syntax'
        ➜ Explicit dependency on target 'SwiftSyntax' in project 'swift-syntax'
        ➜ Explicit dependency on target 'SwiftBasicFormat' in project 'swift-syntax'
        ➜ Explicit dependency on target 'SwiftParser' in project 'swift-syntax'
        ➜ Explicit dependency on target 'SwiftDiagnostics' in project 'swift-syntax'
        ➜ Explicit dependency on target 'SwiftParserDiagnostics' in project 'swift-syntax'
    Target 'SwiftParserDiagnostics' in project 'swift-syntax'
        ➜ Explicit dependency on target '_SwiftSyntaxCShims' in project 'swift-syntax'
        ➜ Explicit dependency on target 'SwiftSyntax509' in project 'swift-syntax'
        ➜ Explicit dependency on target 'SwiftSyntax510' in project 'swift-syntax'
        ➜ Explicit dependency on target 'SwiftSyntax600' in project 'swift-syntax'
        ➜ Explicit dependency on target 'SwiftSyntax601' in project 'swift-syntax'
        ➜ Explicit dependency on target 'SwiftSyntax' in project 'swift-syntax'
        ➜ Explicit dependency on target 'SwiftBasicFormat' in project 'swift-syntax'
        ➜ Explicit dependency on target 'SwiftDiagnostics' in project 'swift-syntax'
        ➜ Explicit dependency on target 'SwiftParser' in project 'swift-syntax'
    Target 'SwiftBasicFormat' in project 'swift-syntax'
        ➜ Explicit dependency on target '_SwiftSyntaxCShims' in project 'swift-syntax'
        ➜ Explicit dependency on target 'SwiftSyntax509' in project 'swift-syntax'
        ➜ Explicit dependency on target 'SwiftSyntax510' in project 'swift-syntax'
        ➜ Explicit dependency on target 'SwiftSyntax600' in project 'swift-syntax'
        ➜ Explicit dependency on target 'SwiftSyntax601' in project 'swift-syntax'
        ➜ Explicit dependency on target 'SwiftSyntax' in project 'swift-syntax'
    Target 'SwiftParser' in project 'swift-syntax'
        ➜ Explicit dependency on target '_SwiftSyntaxCShims' in project 'swift-syntax'
        ➜ Explicit dependency on target 'SwiftSyntax509' in project 'swift-syntax'
        ➜ Explicit dependency on target 'SwiftSyntax510' in project 'swift-syntax'
        ➜ Explicit dependency on target 'SwiftSyntax600' in project 'swift-syntax'
        ➜ Explicit dependency on target 'SwiftSyntax601' in project 'swift-syntax'
        ➜ Explicit dependency on target 'SwiftSyntax' in project 'swift-syntax'
    Target 'SwiftDiagnostics' in project 'swift-syntax'
        ➜ Explicit dependency on target '_SwiftSyntaxCShims' in project 'swift-syntax'
        ➜ Explicit dependency on target 'SwiftSyntax509' in project 'swift-syntax'
        ➜ Explicit dependency on target 'SwiftSyntax510' in project 'swift-syntax'
        ➜ Explicit dependency on target 'SwiftSyntax600' in project 'swift-syntax'
        ➜ Explicit dependency on target 'SwiftSyntax601' in project 'swift-syntax'
        ➜ Explicit dependency on target 'SwiftSyntax' in project 'swift-syntax'
    Target 'SwiftSyntax' in project 'swift-syntax'
        ➜ Explicit dependency on target '_SwiftSyntaxCShims' in project 'swift-syntax'
        ➜ Explicit dependency on target 'SwiftSyntax509' in project 'swift-syntax'
        ➜ Explicit dependency on target 'SwiftSyntax510' in project 'swift-syntax'
        ➜ Explicit dependency on target 'SwiftSyntax600' in project 'swift-syntax'
        ➜ Explicit dependency on target 'SwiftSyntax601' in project 'swift-syntax'
    Target 'SwiftSyntax601' in project 'swift-syntax' (no dependencies)
    Target 'SwiftSyntax600' in project 'swift-syntax' (no dependencies)
    Target 'SwiftSyntax510' in project 'swift-syntax' (no dependencies)
    Target 'SwiftSyntax509' in project 'swift-syntax' (no dependencies)
    Target '_SwiftSyntaxCShims' in project 'swift-syntax' (no dependencies)
    Target 'swift-composable-architecture_ComposableArchitecture' in project 'swift-composable-architecture' (no dependencies)

GatherProvisioningInputs

CreateBuildDescription

ExecuteExternalTool /Applications/Xcode.app/Contents/Developer/Toolchains/XcodeDefault.xctoolchain/usr/bin/clang -v -E -dM -arch arm64 -isysroot /Applications/Xcode.app/Contents/Developer/Platforms/MacOSX.platform/Developer/SDKs/MacOSX15.4.sdk -x c -c /dev/null

ExecuteExternalTool /Applications/Xcode.app/Contents/Developer/Toolchains/XcodeDefault.xctoolchain/usr/bin/swiftc --version

ExecuteExternalTool /Applications/Xcode.app/Contents/Developer/Toolchains/XcodeDefault.xctoolchain/usr/bin/clang -v -E -dM -arch arm64 -isysroot /Applications/Xcode.app/Contents/Developer/Platforms/iPhoneSimulator.platform/Developer/SDKs/iPhoneSimulator18.4.sdk -x objective-c -c /dev/null

ExecuteExternalTool /Applications/Xcode.app/Contents/Developer/Toolchains/XcodeDefault.xctoolchain/usr/bin/clang -v -E -dM -isysroot /Applications/Xcode.app/Contents/Developer/Platforms/iPhoneSimulator.platform/Developer/SDKs/iPhoneSimulator18.4.sdk -x c -c /dev/null

ExecuteExternalTool /Applications/Xcode.app/Contents/Developer/usr/bin/actool --print-asset-tag-combinations --output-format xml1 /Users/LL/Documents/wordspace/SwiftUIImprove/SwiftUIDemo/SwiftUIDemo/Assets.xcassets

ExecuteExternalTool /Applications/Xcode.app/Contents/Developer/Toolchains/XcodeDefault.xctoolchain/usr/bin/clang -v -E -dM -isysroot /Applications/Xcode.app/Contents/Developer/Platforms/MacOSX.platform/Developer/SDKs/MacOSX15.4.sdk -x c -c /dev/null

ExecuteExternalTool /Applications/Xcode.app/Contents/Developer/Toolchains/XcodeDefault.xctoolchain/usr/bin/ld -version_details

ExecuteExternalTool /Applications/Xcode.app/Contents/Developer/usr/bin/actool --version --output-format xml1

ReadFileContents /Applications/Xcode.app/Contents/Developer/Toolchains/XcodeDefault.xctoolchain/usr/share/docc/features.json

ExecuteExternalTool /Applications/Xcode.app/Contents/Developer/Toolchains/XcodeDefault.xctoolchain/usr/bin/clang -v -E -dM -arch arm64 -isysroot /Applications/Xcode.app/Contents/Developer/Platforms/iPhoneSimulator.platform/Developer/SDKs/iPhoneSimulator18.4.sdk -x c -c /dev/null

ExecuteExternalTool /Applications/Xcode.app/Contents/Developer/Toolchains/XcodeDefault.xctoolchain/usr/bin/clang -v -E -dM -arch x86_64 -isysroot /Applications/Xcode.app/Contents/Developer/Platforms/MacOSX.platform/Developer/SDKs/MacOSX15.4.sdk -x c -c /dev/null

Build description signature: c0b6d15f535bba9ac7fac3ed151abbad
Build description path: /Users/LL/Library/Developer/Xcode/DerivedData/SwiftUIDemo-gojcpzimnqflprcfscrvxatszhih/Build/Intermediates.noindex/XCBuildData/c0b6d15f535bba9ac7fac3ed151abbad.xcbuilddata
ClangStatCache /Applications/Xcode.app/Contents/Developer/Toolchains/XcodeDefault.xctoolchain/usr/bin/clang-stat-cache /Applications/Xcode.app/Contents/Developer/Platforms/iPhoneSimulator.platform/Developer/SDKs/iPhoneSimulator18.4.sdk /Users/LL/Library/Developer/Xcode/DerivedData/SDKStatCaches.noindex/iphonesimulator18.4-22E235-71825a6d136aa4733edcbe86ece5525b.sdkstatcache
    cd /Users/LL/Documents/wordspace/SwiftUIImprove/SwiftUIDemo/SwiftUIDemo.xcodeproj
    /Applications/Xcode.app/Contents/Developer/Toolchains/XcodeDefault.xctoolchain/usr/bin/clang-stat-cache /Applications/Xcode.app/Contents/Developer/Platforms/iPhoneSimulator.platform/Developer/SDKs/iPhoneSimulator18.4.sdk -o /Users/LL/Library/Developer/Xcode/DerivedData/SDKStatCaches.noindex/iphonesimulator18.4-22E235-71825a6d136aa4733edcbe86ece5525b.sdkstatcache

ClangStatCache /Applications/Xcode.app/Contents/Developer/Toolchains/XcodeDefault.xctoolchain/usr/bin/clang-stat-cache /Applications/Xcode.app/Contents/Developer/Platforms/MacOSX.platform/Developer/SDKs/MacOSX15.4.sdk /Users/LL/Library/Developer/Xcode/DerivedData/SDKStatCaches.noindex/macosx15.4-24E241-88b860576fb364319593bd8fb30666b0.sdkstatcache
    cd /Users/LL/Documents/wordspace/SwiftUIImprove/SwiftUIDemo/SwiftUIDemo.xcodeproj
    /Applications/Xcode.app/Contents/Developer/Toolchains/XcodeDefault.xctoolchain/usr/bin/clang-stat-cache /Applications/Xcode.app/Contents/Developer/Platforms/MacOSX.platform/Developer/SDKs/MacOSX15.4.sdk -o /Users/LL/Library/Developer/Xcode/DerivedData/SDKStatCaches.noindex/macosx15.4-24E241-88b860576fb364319593bd8fb30666b0.sdkstatcache

ProcessInfoPlistFile /Users/LL/Library/Developer/Xcode/DerivedData/SwiftUIDemo-gojcpzimnqflprcfscrvxatszhih/Build/Products/Debug-iphonesimulator/swift-sharing_Sharing.bundle/Info.plist /Users/LL/Library/Developer/Xcode/DerivedData/SwiftUIDemo-gojcpzimnqflprcfscrvxatszhih/Build/Intermediates.noindex/swift-sharing.build/Debug-iphonesimulator/swift-sharing_Sharing.build/empty-swift-sharing_Sharing.plist (in target 'swift-sharing_Sharing' from project 'swift-sharing')
    cd /Users/LL/Library/Developer/Xcode/DerivedData/SwiftUIDemo-gojcpzimnqflprcfscrvxatszhih/SourcePackages/checkouts/swift-sharing
    builtin-infoPlistUtility /Users/LL/Library/Developer/Xcode/DerivedData/SwiftUIDemo-gojcpzimnqflprcfscrvxatszhih/Build/Intermediates.noindex/swift-sharing.build/Debug-iphonesimulator/swift-sharing_Sharing.build/empty-swift-sharing_Sharing.plist -producttype com.apple.product-type.bundle -expandbuildsettings -format binary -platform iphonesimulator -o /Users/LL/Library/Developer/Xcode/DerivedData/SwiftUIDemo-gojcpzimnqflprcfscrvxatszhih/Build/Products/Debug-iphonesimulator/swift-sharing_Sharing.bundle/Info.plist

ProcessInfoPlistFile /Users/LL/Library/Developer/Xcode/DerivedData/SwiftUIDemo-gojcpzimnqflprcfscrvxatszhih/Build/Products/Debug-iphonesimulator/swift-composable-architecture_ComposableArchitecture.bundle/Info.plist /Users/LL/Library/Developer/Xcode/DerivedData/SwiftUIDemo-gojcpzimnqflprcfscrvxatszhih/Build/Intermediates.noindex/swift-composable-architecture.build/Debug-iphonesimulator/swift-composable-architecture_ComposableArchitecture.build/empty-swift-composable-architecture_ComposableArchitecture.plist (in target 'swift-composable-architecture_ComposableArchitecture' from project 'swift-composable-architecture')
    cd /Users/LL/Library/Developer/Xcode/DerivedData/SwiftUIDemo-gojcpzimnqflprcfscrvxatszhih/SourcePackages/checkouts/swift-composable-architecture
    builtin-infoPlistUtility /Users/LL/Library/Developer/Xcode/DerivedData/SwiftUIDemo-gojcpzimnqflprcfscrvxatszhih/Build/Intermediates.noindex/swift-composable-architecture.build/Debug-iphonesimulator/swift-composable-architecture_ComposableArchitecture.build/empty-swift-composable-architecture_ComposableArchitecture.plist -producttype com.apple.product-type.bundle -expandbuildsettings -format binary -platform iphonesimulator -o /Users/LL/Library/Developer/Xcode/DerivedData/SwiftUIDemo-gojcpzimnqflprcfscrvxatszhih/Build/Products/Debug-iphonesimulator/swift-composable-architecture_ComposableArchitecture.bundle/Info.plist

WriteAuxiliaryFile /Users/LL/Library/Developer/Xcode/DerivedData/SwiftUIDemo-gojcpzimnqflprcfscrvxatszhih/Build/Intermediates.noindex/SwiftUIDemo.build/Debug-iphonesimulator/SwiftUIDemo.build/Objects-normal/arm64/SwiftUIDemo.SwiftFileList (in target 'SwiftUIDemo' from project 'SwiftUIDemo')
    cd /Users/LL/Documents/wordspace/SwiftUIImprove/SwiftUIDemo
    write-file /Users/LL/Library/Developer/Xcode/DerivedData/SwiftUIDemo-gojcpzimnqflprcfscrvxatszhih/Build/Intermediates.noindex/SwiftUIDemo.build/Debug-iphonesimulator/SwiftUIDemo.build/Objects-normal/arm64/SwiftUIDemo.SwiftFileList

WriteAuxiliaryFile /Users/LL/Library/Developer/Xcode/DerivedData/SwiftUIDemo-gojcpzimnqflprcfscrvxatszhih/Build/Intermediates.noindex/SwiftUIDemo.build/Debug-iphonesimulator/SwiftUIDemo.build/Objects-normal/arm64/SwiftUIDemo.SwiftConstValuesFileList (in target 'SwiftUIDemo' from project 'SwiftUIDemo')
    cd /Users/LL/Documents/wordspace/SwiftUIImprove/SwiftUIDemo
    write-file /Users/LL/Library/Developer/Xcode/DerivedData/SwiftUIDemo-gojcpzimnqflprcfscrvxatszhih/Build/Intermediates.noindex/SwiftUIDemo.build/Debug-iphonesimulator/SwiftUIDemo.build/Objects-normal/arm64/SwiftUIDemo.SwiftConstValuesFileList

WriteAuxiliaryFile /Users/LL/Library/Developer/Xcode/DerivedData/SwiftUIDemo-gojcpzimnqflprcfscrvxatszhih/Build/Intermediates.noindex/SwiftUIDemo.build/Debug-iphonesimulator/SwiftUIDemo.build/Objects-normal/arm64/SwiftUIDemo.LinkFileList (in target 'SwiftUIDemo' from project 'SwiftUIDemo')
    cd /Users/LL/Documents/wordspace/SwiftUIImprove/SwiftUIDemo
    write-file /Users/LL/Library/Developer/Xcode/DerivedData/SwiftUIDemo-gojcpzimnqflprcfscrvxatszhih/Build/Intermediates.noindex/SwiftUIDemo.build/Debug-iphonesimulator/SwiftUIDemo.build/Objects-normal/arm64/SwiftUIDemo.LinkFileList

WriteAuxiliaryFile /Users/LL/Library/Developer/Xcode/DerivedData/SwiftUIDemo-gojcpzimnqflprcfscrvxatszhih/Build/Intermediates.noindex/swift-perception.build/Debug/PerceptionMacros.build/Objects-normal/x86_64/PerceptionMacros.LinkFileList (in target 'PerceptionMacros' from project 'swift-perception')
    cd /Users/LL/Library/Developer/Xcode/DerivedData/SwiftUIDemo-gojcpzimnqflprcfscrvxatszhih/SourcePackages/checkouts/swift-perception
    write-file /Users/LL/Library/Developer/Xcode/DerivedData/SwiftUIDemo-gojcpzimnqflprcfscrvxatszhih/Build/Intermediates.noindex/swift-perception.build/Debug/PerceptionMacros.build/Objects-normal/x86_64/PerceptionMacros.LinkFileList

WriteAuxiliaryFile /Users/LL/Library/Developer/Xcode/DerivedData/SwiftUIDemo-gojcpzimnqflprcfscrvxatszhih/Build/Intermediates.noindex/swift-perception.build/Debug/PerceptionMacros.build/Objects-normal/x86_64/PerceptionMacros-OutputFileMap.json (in target 'PerceptionMacros' from project 'swift-perception')
    cd /Users/LL/Library/Developer/Xcode/DerivedData/SwiftUIDemo-gojcpzimnqflprcfscrvxatszhih/SourcePackages/checkouts/swift-perception
    write-file /Users/LL/Library/Developer/Xcode/DerivedData/SwiftUIDemo-gojcpzimnqflprcfscrvxatszhih/Build/Intermediates.noindex/swift-perception.build/Debug/PerceptionMacros.build/Objects-normal/x86_64/PerceptionMacros-OutputFileMap.json

WriteAuxiliaryFile /Users/LL/Library/Developer/Xcode/DerivedData/SwiftUIDemo-gojcpzimnqflprcfscrvxatszhih/Build/Intermediates.noindex/swift-perception.build/Debug/PerceptionMacros.build/Objects-normal/x86_64/PerceptionMacros.SwiftFileList (in target 'PerceptionMacros' from project 'swift-perception')
    cd /Users/LL/Library/Developer/Xcode/DerivedData/SwiftUIDemo-gojcpzimnqflprcfscrvxatszhih/SourcePackages/checkouts/swift-perception
    write-file /Users/LL/Library/Developer/Xcode/DerivedData/SwiftUIDemo-gojcpzimnqflprcfscrvxatszhih/Build/Intermediates.noindex/swift-perception.build/Debug/PerceptionMacros.build/Objects-normal/x86_64/PerceptionMacros.SwiftFileList

WriteAuxiliaryFile /Users/LL/Library/Developer/Xcode/DerivedData/SwiftUIDemo-gojcpzimnqflprcfscrvxatszhih/Build/Intermediates.noindex/swift-composable-architecture.build/Debug/ComposableArchitectureMacros.build/Objects-normal/x86_64/ComposableArchitectureMacros_const_extract_protocols.json (in target 'ComposableArchitectureMacros' from project 'swift-composable-architecture')
    cd /Users/LL/Library/Developer/Xcode/DerivedData/SwiftUIDemo-gojcpzimnqflprcfscrvxatszhih/SourcePackages/checkouts/swift-composable-architecture
    write-file /Users/LL/Library/Developer/Xcode/DerivedData/SwiftUIDemo-gojcpzimnqflprcfscrvxatszhih/Build/Intermediates.noindex/swift-composable-architecture.build/Debug/ComposableArchitectureMacros.build/Objects-normal/x86_64/ComposableArchitectureMacros_const_extract_protocols.json

WriteAuxiliaryFile /Users/LL/Library/Developer/Xcode/DerivedData/SwiftUIDemo-gojcpzimnqflprcfscrvxatszhih/Build/Intermediates.noindex/swift-perception.build/Debug/PerceptionMacros.build/Objects-normal/x86_64/PerceptionMacros_const_extract_protocols.json (in target 'PerceptionMacros' from project 'swift-perception')
    cd /Users/LL/Library/Developer/Xcode/DerivedData/SwiftUIDemo-gojcpzimnqflprcfscrvxatszhih/SourcePackages/checkouts/swift-perception
    write-file /Users/LL/Library/Developer/Xcode/DerivedData/SwiftUIDemo-gojcpzimnqflprcfscrvxatszhih/Build/Intermediates.noindex/swift-perception.build/Debug/PerceptionMacros.build/Objects-normal/x86_64/PerceptionMacros_const_extract_protocols.json

WriteAuxiliaryFile /Users/LL/Library/Developer/Xcode/DerivedData/SwiftUIDemo-gojcpzimnqflprcfscrvxatszhih/Build/Intermediates.noindex/swift-dependencies.build/Debug/DependenciesMacrosPlugin.build/Objects-normal/x86_64/DependenciesMacrosPlugin.LinkFileList (in target 'DependenciesMacrosPlugin' from project 'swift-dependencies')
    cd /Users/LL/Library/Developer/Xcode/DerivedData/SwiftUIDemo-gojcpzimnqflprcfscrvxatszhih/SourcePackages/checkouts/swift-dependencies
    write-file /Users/LL/Library/Developer/Xcode/DerivedData/SwiftUIDemo-gojcpzimnqflprcfscrvxatszhih/Build/Intermediates.noindex/swift-dependencies.build/Debug/DependenciesMacrosPlugin.build/Objects-normal/x86_64/DependenciesMacrosPlugin.LinkFileList

WriteAuxiliaryFile /Users/LL/Library/Developer/Xcode/DerivedData/SwiftUIDemo-gojcpzimnqflprcfscrvxatszhih/Build/Intermediates.noindex/swift-dependencies.build/Debug/DependenciesMacrosPlugin.build/Objects-normal/x86_64/DependenciesMacrosPlugin_const_extract_protocols.json (in target 'DependenciesMacrosPlugin' from project 'swift-dependencies')
    cd /Users/LL/Library/Developer/Xcode/DerivedData/SwiftUIDemo-gojcpzimnqflprcfscrvxatszhih/SourcePackages/checkouts/swift-dependencies
    write-file /Users/LL/Library/Developer/Xcode/DerivedData/SwiftUIDemo-gojcpzimnqflprcfscrvxatszhih/Build/Intermediates.noindex/swift-dependencies.build/Debug/DependenciesMacrosPlugin.build/Objects-normal/x86_64/DependenciesMacrosPlugin_const_extract_protocols.json

WriteAuxiliaryFile /Users/LL/Library/Developer/Xcode/DerivedData/SwiftUIDemo-gojcpzimnqflprcfscrvxatszhih/Build/Intermediates.noindex/swift-composable-architecture.build/Debug/ComposableArchitectureMacros.build/Objects-normal/x86_64/ComposableArchitectureMacros.SwiftFileList (in target 'ComposableArchitectureMacros' from project 'swift-composable-architecture')
    cd /Users/LL/Library/Developer/Xcode/DerivedData/SwiftUIDemo-gojcpzimnqflprcfscrvxatszhih/SourcePackages/checkouts/swift-composable-architecture
    write-file /Users/LL/Library/Developer/Xcode/DerivedData/SwiftUIDemo-gojcpzimnqflprcfscrvxatszhih/Build/Intermediates.noindex/swift-composable-architecture.build/Debug/ComposableArchitectureMacros.build/Objects-normal/x86_64/ComposableArchitectureMacros.SwiftFileList

WriteAuxiliaryFile /Users/LL/Library/Developer/Xcode/DerivedData/SwiftUIDemo-gojcpzimnqflprcfscrvxatszhih/Build/Intermediates.noindex/swift-dependencies.build/Debug/DependenciesMacrosPlugin.build/Objects-normal/x86_64/DependenciesMacrosPlugin.SwiftFileList (in target 'DependenciesMacrosPlugin' from project 'swift-dependencies')
    cd /Users/LL/Library/Developer/Xcode/DerivedData/SwiftUIDemo-gojcpzimnqflprcfscrvxatszhih/SourcePackages/checkouts/swift-dependencies
    write-file /Users/LL/Library/Developer/Xcode/DerivedData/SwiftUIDemo-gojcpzimnqflprcfscrvxatszhih/Build/Intermediates.noindex/swift-dependencies.build/Debug/DependenciesMacrosPlugin.build/Objects-normal/x86_64/DependenciesMacrosPlugin.SwiftFileList

WriteAuxiliaryFile /Users/LL/Library/Developer/Xcode/DerivedData/SwiftUIDemo-gojcpzimnqflprcfscrvxatszhih/Build/Intermediates.noindex/swift-dependencies.build/Debug/DependenciesMacrosPlugin.build/Objects-normal/x86_64/DependenciesMacrosPlugin-OutputFileMap.json (in target 'DependenciesMacrosPlugin' from project 'swift-dependencies')
    cd /Users/LL/Library/Developer/Xcode/DerivedData/SwiftUIDemo-gojcpzimnqflprcfscrvxatszhih/SourcePackages/checkouts/swift-dependencies
    write-file /Users/LL/Library/Developer/Xcode/DerivedData/SwiftUIDemo-gojcpzimnqflprcfscrvxatszhih/Build/Intermediates.noindex/swift-dependencies.build/Debug/DependenciesMacrosPlugin.build/Objects-normal/x86_64/DependenciesMacrosPlugin-OutputFileMap.json

WriteAuxiliaryFile /Users/LL/Library/Developer/Xcode/DerivedData/SwiftUIDemo-gojcpzimnqflprcfscrvxatszhih/Build/Intermediates.noindex/swift-composable-architecture.build/Debug/ComposableArchitectureMacros.build/Objects-normal/x86_64/ComposableArchitectureMacros.LinkFileList (in target 'ComposableArchitectureMacros' from project 'swift-composable-architecture')
    cd /Users/LL/Library/Developer/Xcode/DerivedData/SwiftUIDemo-gojcpzimnqflprcfscrvxatszhih/SourcePackages/checkouts/swift-composable-architecture
    write-file /Users/LL/Library/Developer/Xcode/DerivedData/SwiftUIDemo-gojcpzimnqflprcfscrvxatszhih/Build/Intermediates.noindex/swift-composable-architecture.build/Debug/ComposableArchitectureMacros.build/Objects-normal/x86_64/ComposableArchitectureMacros.LinkFileList

WriteAuxiliaryFile /Users/LL/Library/Developer/Xcode/DerivedData/SwiftUIDemo-gojcpzimnqflprcfscrvxatszhih/Build/Intermediates.noindex/swift-composable-architecture.build/Debug/ComposableArchitectureMacros.build/Objects-normal/x86_64/ComposableArchitectureMacros-OutputFileMap.json (in target 'ComposableArchitectureMacros' from project 'swift-composable-architecture')
    cd /Users/LL/Library/Developer/Xcode/DerivedData/SwiftUIDemo-gojcpzimnqflprcfscrvxatszhih/SourcePackages/checkouts/swift-composable-architecture
    write-file /Users/LL/Library/Developer/Xcode/DerivedData/SwiftUIDemo-gojcpzimnqflprcfscrvxatszhih/Build/Intermediates.noindex/swift-composable-architecture.build/Debug/ComposableArchitectureMacros.build/Objects-normal/x86_64/ComposableArchitectureMacros-OutputFileMap.json

WriteAuxiliaryFile /Users/LL/Library/Developer/Xcode/DerivedData/SwiftUIDemo-gojcpzimnqflprcfscrvxatszhih/Build/Intermediates.noindex/swift-case-paths.build/Debug/CasePathsMacros.build/Objects-normal/x86_64/CasePathsMacros_const_extract_protocols.json (in target 'CasePathsMacros' from project 'swift-case-paths')
    cd /Users/LL/Library/Developer/Xcode/DerivedData/SwiftUIDemo-gojcpzimnqflprcfscrvxatszhih/SourcePackages/checkouts/swift-case-paths
    write-file /Users/LL/Library/Developer/Xcode/DerivedData/SwiftUIDemo-gojcpzimnqflprcfscrvxatszhih/Build/Intermediates.noindex/swift-case-paths.build/Debug/CasePathsMacros.build/Objects-normal/x86_64/CasePathsMacros_const_extract_protocols.json

WriteAuxiliaryFile /Users/LL/Library/Developer/Xcode/DerivedData/SwiftUIDemo-gojcpzimnqflprcfscrvxatszhih/Build/Intermediates.noindex/swift-case-paths.build/Debug/CasePathsMacros.build/Objects-normal/x86_64/CasePathsMacros.SwiftFileList (in target 'CasePathsMacros' from project 'swift-case-paths')
    cd /Users/LL/Library/Developer/Xcode/DerivedData/SwiftUIDemo-gojcpzimnqflprcfscrvxatszhih/SourcePackages/checkouts/swift-case-paths
    write-file /Users/LL/Library/Developer/Xcode/DerivedData/SwiftUIDemo-gojcpzimnqflprcfscrvxatszhih/Build/Intermediates.noindex/swift-case-paths.build/Debug/CasePathsMacros.build/Objects-normal/x86_64/CasePathsMacros.SwiftFileList

WriteAuxiliaryFile /Users/LL/Library/Developer/Xcode/DerivedData/SwiftUIDemo-gojcpzimnqflprcfscrvxatszhih/Build/Intermediates.noindex/swift-case-paths.build/Debug/CasePathsMacros.build/Objects-normal/x86_64/CasePathsMacros.LinkFileList (in target 'CasePathsMacros' from project 'swift-case-paths')
    cd /Users/LL/Library/Developer/Xcode/DerivedData/SwiftUIDemo-gojcpzimnqflprcfscrvxatszhih/SourcePackages/checkouts/swift-case-paths
    write-file /Users/LL/Library/Developer/Xcode/DerivedData/SwiftUIDemo-gojcpzimnqflprcfscrvxatszhih/Build/Intermediates.noindex/swift-case-paths.build/Debug/CasePathsMacros.build/Objects-normal/x86_64/CasePathsMacros.LinkFileList

WriteAuxiliaryFile /Users/LL/Library/Developer/Xcode/DerivedData/SwiftUIDemo-gojcpzimnqflprcfscrvxatszhih/Build/Intermediates.noindex/swift-case-paths.build/Debug/CasePathsMacros.build/Objects-normal/x86_64/CasePathsMacros-OutputFileMap.json (in target 'CasePathsMacros' from project 'swift-case-paths')
    cd /Users/LL/Library/Developer/Xcode/DerivedData/SwiftUIDemo-gojcpzimnqflprcfscrvxatszhih/SourcePackages/checkouts/swift-case-paths
    write-file /Users/LL/Library/Developer/Xcode/DerivedData/SwiftUIDemo-gojcpzimnqflprcfscrvxatszhih/Build/Intermediates.noindex/swift-case-paths.build/Debug/CasePathsMacros.build/Objects-normal/x86_64/CasePathsMacros-OutputFileMap.json

SwiftDriver PerceptionMacros normal x86_64 com.apple.xcode.tools.swift.compiler (in target 'PerceptionMacros' from project 'swift-perception')
    cd /Users/LL/Documents/wordspace/SwiftUIImprove/SwiftUIDemo/SwiftUIDemo.xcodeproj
    builtin-SwiftDriver -- /Applications/Xcode.app/Contents/Developer/Toolchains/XcodeDefault.xctoolchain/usr/bin/swiftc -module-name PerceptionMacros -Onone -enforce-exclusivity\=checked @/Users/LL/Library/Developer/Xcode/DerivedData/SwiftUIDemo-gojcpzimnqflprcfscrvxatszhih/Build/Intermediates.noindex/swift-perception.build/Debug/PerceptionMacros.build/Objects-normal/x86_64/PerceptionMacros.SwiftFileList -DSWIFT_PACKAGE -DDEBUG -DXcode -plugin-path /Applications/Xcode.app/Contents/Developer/Toolchains/XcodeDefault.xctoolchain/usr/lib/swift/host/plugins/testing -enable-experimental-feature DebugDescriptionMacro -sdk /Applications/Xcode.app/Contents/Developer/Platforms/MacOSX.platform/Developer/SDKs/MacOSX15.4.sdk -target x86_64-apple-macos10.15 -g -module-cache-path /Users/LL/Library/Developer/Xcode/DerivedData/ModuleCache.noindex -Xfrontend -serialize-debugging-options -profile-coverage-mapping -profile-generate -enable-testing -suppress-warnings -index-store-path /Users/LL/Library/Developer/Xcode/DerivedData/SwiftUIDemo-gojcpzimnqflprcfscrvxatszhih/Index.noindex/DataStore -swift-version 5 -I /Users/LL/Library/Developer/Xcode/DerivedData/SwiftUIDemo-gojcpzimnqflprcfscrvxatszhih/Build/Products/Debug -I /Applications/Xcode.app/Contents/Developer/Platforms/MacOSX.platform/Developer/usr/lib -F /Users/LL/Library/Developer/Xcode/DerivedData/SwiftUIDemo-gojcpzimnqflprcfscrvxatszhih/Build/Products/Debug/PackageFrameworks -F /Users/LL/Library/Developer/Xcode/DerivedData/SwiftUIDemo-gojcpzimnqflprcfscrvxatszhih/Build/Products/Debug/PackageFrameworks -F /Users/LL/Library/Developer/Xcode/DerivedData/SwiftUIDemo-gojcpzimnqflprcfscrvxatszhih/Build/Products/Debug/PackageFrameworks -F /Users/LL/Library/Developer/Xcode/DerivedData/SwiftUIDemo-gojcpzimnqflprcfscrvxatszhih/Build/Products/Debug/PackageFrameworks -F /Users/LL/Library/Developer/Xcode/DerivedData/SwiftUIDemo-gojcpzimnqflprcfscrvxatszhih/Build/Products/Debug/PackageFrameworks -F /Users/LL/Library/Developer/Xcode/DerivedData/SwiftUIDemo-gojcpzimnqflprcfscrvxatszhih/Build/Products/Debug/PackageFrameworks -F /Users/LL/Library/Developer/Xcode/DerivedData/SwiftUIDemo-gojcpzimnqflprcfscrvxatszhih/Build/Products/Debug/PackageFrameworks -F /Users/LL/Library/Developer/Xcode/DerivedData/SwiftUIDemo-gojcpzimnqflprcfscrvxatszhih/Build/Products/Debug/PackageFrameworks -F /Users/LL/Library/Developer/Xcode/DerivedData/SwiftUIDemo-gojcpzimnqflprcfscrvxatszhih/Build/Products/Debug/PackageFrameworks -F /Users/LL/Library/Developer/Xcode/DerivedData/SwiftUIDemo-gojcpzimnqflprcfscrvxatszhih/Build/Products/Debug/PackageFrameworks -F /Users/LL/Library/Developer/Xcode/DerivedData/SwiftUIDemo-gojcpzimnqflprcfscrvxatszhih/Build/Products/Debug/PackageFrameworks -F /Users/LL/Library/Developer/Xcode/DerivedData/SwiftUIDemo-gojcpzimnqflprcfscrvxatszhih/Build/Products/Debug/PackageFrameworks -F /Users/LL/Library/Developer/Xcode/DerivedData/SwiftUIDemo-gojcpzimnqflprcfscrvxatszhih/Build/Products/Debug/PackageFrameworks -F /Users/LL/Library/Developer/Xcode/DerivedData/SwiftUIDemo-gojcpzimnqflprcfscrvxatszhih/Build/Products/Debug/PackageFrameworks -F /Users/LL/Library/Developer/Xcode/DerivedData/SwiftUIDemo-gojcpzimnqflprcfscrvxatszhih/Build/Products/Debug/PackageFrameworks -F /Users/LL/Library/Developer/Xcode/DerivedData/SwiftUIDemo-gojcpzimnqflprcfscrvxatszhih/Build/Products/Debug/PackageFrameworks -F /Users/LL/Library/Developer/Xcode/DerivedData/SwiftUIDemo-gojcpzimnqflprcfscrvxatszhih/Build/Products/Debug -F /Applications/Xcode.app/Contents/Developer/Platforms/MacOSX.platform/Developer/Library/Frameworks -c -j10 -enable-batch-mode -incremental -Xcc -ivfsstatcache -Xcc /Users/LL/Library/Developer/Xcode/DerivedData/SDKStatCaches.noindex/macosx15.4-24E241-88b860576fb364319593bd8fb30666b0.sdkstatcache -output-file-map /Users/LL/Library/Developer/Xcode/DerivedData/SwiftUIDemo-gojcpzimnqflprcfscrvxatszhih/Build/Intermediates.noindex/swift-perception.build/Debug/PerceptionMacros.build/Objects-normal/x86_64/PerceptionMacros-OutputFileMap.json -use-frontend-parseable-output -save-temps -no-color-diagnostics -serialize-diagnostics -emit-dependencies -emit-module -emit-module-path /Users/LL/Library/Developer/Xcode/DerivedData/SwiftUIDemo-gojcpzimnqflprcfscrvxatszhih/Build/Intermediates.noindex/swift-perception.build/Debug/PerceptionMacros.build/Objects-normal/x86_64/PerceptionMacros.swiftmodule -user-module-version 2.0.7 -validate-clang-modules-once -clang-build-session-file /Users/LL/Library/Developer/Xcode/DerivedData/ModuleCache.noindex/Session.modulevalidation -package-name swift_perception -emit-const-values -Xfrontend -const-gather-protocols-file -Xfrontend /Users/LL/Library/Developer/Xcode/DerivedData/SwiftUIDemo-gojcpzimnqflprcfscrvxatszhih/Build/Intermediates.noindex/swift-perception.build/Debug/PerceptionMacros.build/Objects-normal/x86_64/PerceptionMacros_const_extract_protocols.json -Xcc -I/Users/LL/Library/Developer/Xcode/DerivedData/SwiftUIDemo-gojcpzimnqflprcfscrvxatszhih/SourcePackages/checkouts/swift-syntax/Sources/_SwiftSyntaxCShims/include -Xcc -I/Users/LL/Library/Developer/Xcode/DerivedData/SwiftUIDemo-gojcpzimnqflprcfscrvxatszhih/Build/Products/Debug/include -Xcc -I/Users/LL/Library/Developer/Xcode/DerivedData/SwiftUIDemo-gojcpzimnqflprcfscrvxatszhih/Build/Intermediates.noindex/swift-perception.build/Debug/PerceptionMacros.build/DerivedSources-normal/x86_64 -Xcc -I/Users/LL/Library/Developer/Xcode/DerivedData/SwiftUIDemo-gojcpzimnqflprcfscrvxatszhih/Build/Intermediates.noindex/swift-perception.build/Debug/PerceptionMacros.build/DerivedSources/x86_64 -Xcc -I/Users/LL/Library/Developer/Xcode/DerivedData/SwiftUIDemo-gojcpzimnqflprcfscrvxatszhih/Build/Intermediates.noindex/swift-perception.build/Debug/PerceptionMacros.build/DerivedSources -Xcc -DSWIFT_PACKAGE -Xcc -DDEBUG\=1 -working-directory /Users/LL/Documents/wordspace/SwiftUIImprove/SwiftUIDemo/SwiftUIDemo.xcodeproj -experimental-emit-module-separately -disable-cmo

SwiftDriver DependenciesMacrosPlugin normal x86_64 com.apple.xcode.tools.swift.compiler (in target 'DependenciesMacrosPlugin' from project 'swift-dependencies')
    cd /Users/LL/Documents/wordspace/SwiftUIImprove/SwiftUIDemo/SwiftUIDemo.xcodeproj
    builtin-SwiftDriver -- /Applications/Xcode.app/Contents/Developer/Toolchains/XcodeDefault.xctoolchain/usr/bin/swiftc -module-name DependenciesMacrosPlugin -Onone -enforce-exclusivity\=checked @/Users/LL/Library/Developer/Xcode/DerivedData/SwiftUIDemo-gojcpzimnqflprcfscrvxatszhih/Build/Intermediates.noindex/swift-dependencies.build/Debug/DependenciesMacrosPlugin.build/Objects-normal/x86_64/DependenciesMacrosPlugin.SwiftFileList -DSWIFT_PACKAGE -DDEBUG -DXcode -plugin-path /Applications/Xcode.app/Contents/Developer/Toolchains/XcodeDefault.xctoolchain/usr/lib/swift/host/plugins/testing -enable-experimental-feature DebugDescriptionMacro -sdk /Applications/Xcode.app/Contents/Developer/Platforms/MacOSX.platform/Developer/SDKs/MacOSX15.4.sdk -target x86_64-apple-macos10.15 -g -module-cache-path /Users/LL/Library/Developer/Xcode/DerivedData/ModuleCache.noindex -Xfrontend -serialize-debugging-options -profile-coverage-mapping -profile-generate -enable-testing -suppress-warnings -index-store-path /Users/LL/Library/Developer/Xcode/DerivedData/SwiftUIDemo-gojcpzimnqflprcfscrvxatszhih/Index.noindex/DataStore -swift-version 6 -I /Users/LL/Library/Developer/Xcode/DerivedData/SwiftUIDemo-gojcpzimnqflprcfscrvxatszhih/Build/Products/Debug -I /Applications/Xcode.app/Contents/Developer/Platforms/MacOSX.platform/Developer/usr/lib -F /Users/LL/Library/Developer/Xcode/DerivedData/SwiftUIDemo-gojcpzimnqflprcfscrvxatszhih/Build/Products/Debug/PackageFrameworks -F /Users/LL/Library/Developer/Xcode/DerivedData/SwiftUIDemo-gojcpzimnqflprcfscrvxatszhih/Build/Products/Debug/PackageFrameworks -F /Users/LL/Library/Developer/Xcode/DerivedData/SwiftUIDemo-gojcpzimnqflprcfscrvxatszhih/Build/Products/Debug/PackageFrameworks -F /Users/LL/Library/Developer/Xcode/DerivedData/SwiftUIDemo-gojcpzimnqflprcfscrvxatszhih/Build/Products/Debug/PackageFrameworks -F /Users/LL/Library/Developer/Xcode/DerivedData/SwiftUIDemo-gojcpzimnqflprcfscrvxatszhih/Build/Products/Debug/PackageFrameworks -F /Users/LL/Library/Developer/Xcode/DerivedData/SwiftUIDemo-gojcpzimnqflprcfscrvxatszhih/Build/Products/Debug/PackageFrameworks -F /Users/LL/Library/Developer/Xcode/DerivedData/SwiftUIDemo-gojcpzimnqflprcfscrvxatszhih/Build/Products/Debug/PackageFrameworks -F /Users/LL/Library/Developer/Xcode/DerivedData/SwiftUIDemo-gojcpzimnqflprcfscrvxatszhih/Build/Products/Debug/PackageFrameworks -F /Users/LL/Library/Developer/Xcode/DerivedData/SwiftUIDemo-gojcpzimnqflprcfscrvxatszhih/Build/Products/Debug/PackageFrameworks -F /Users/LL/Library/Developer/Xcode/DerivedData/SwiftUIDemo-gojcpzimnqflprcfscrvxatszhih/Build/Products/Debug/PackageFrameworks -F /Users/LL/Library/Developer/Xcode/DerivedData/SwiftUIDemo-gojcpzimnqflprcfscrvxatszhih/Build/Products/Debug/PackageFrameworks -F /Users/LL/Library/Developer/Xcode/DerivedData/SwiftUIDemo-gojcpzimnqflprcfscrvxatszhih/Build/Products/Debug/PackageFrameworks -F /Users/LL/Library/Developer/Xcode/DerivedData/SwiftUIDemo-gojcpzimnqflprcfscrvxatszhih/Build/Products/Debug/PackageFrameworks -F /Users/LL/Library/Developer/Xcode/DerivedData/SwiftUIDemo-gojcpzimnqflprcfscrvxatszhih/Build/Products/Debug/PackageFrameworks -F /Users/LL/Library/Developer/Xcode/DerivedData/SwiftUIDemo-gojcpzimnqflprcfscrvxatszhih/Build/Products/Debug/PackageFrameworks -F /Users/LL/Library/Developer/Xcode/DerivedData/SwiftUIDemo-gojcpzimnqflprcfscrvxatszhih/Build/Products/Debug/PackageFrameworks -F /Users/LL/Library/Developer/Xcode/DerivedData/SwiftUIDemo-gojcpzimnqflprcfscrvxatszhih/Build/Products/Debug -F /Applications/Xcode.app/Contents/Developer/Platforms/MacOSX.platform/Developer/Library/Frameworks -c -j10 -enable-batch-mode -incremental -Xcc -ivfsstatcache -Xcc /Users/LL/Library/Developer/Xcode/DerivedData/SDKStatCaches.noindex/macosx15.4-24E241-88b860576fb364319593bd8fb30666b0.sdkstatcache -output-file-map /Users/LL/Library/Developer/Xcode/DerivedData/SwiftUIDemo-gojcpzimnqflprcfscrvxatszhih/Build/Intermediates.noindex/swift-dependencies.build/Debug/DependenciesMacrosPlugin.build/Objects-normal/x86_64/DependenciesMacrosPlugin-OutputFileMap.json -use-frontend-parseable-output -save-temps -no-color-diagnostics -serialize-diagnostics -emit-dependencies -emit-module -emit-module-path /Users/LL/Library/Developer/Xcode/DerivedData/SwiftUIDemo-gojcpzimnqflprcfscrvxatszhih/Build/Intermediates.noindex/swift-dependencies.build/Debug/DependenciesMacrosPlugin.build/Objects-normal/x86_64/DependenciesMacrosPlugin.swiftmodule -user-module-version 1.9.4 -validate-clang-modules-once -clang-build-session-file /Users/LL/Library/Developer/Xcode/DerivedData/ModuleCache.noindex/Session.modulevalidation -package-name swift_dependencies -emit-const-values -Xfrontend -const-gather-protocols-file -Xfrontend /Users/LL/Library/Developer/Xcode/DerivedData/SwiftUIDemo-gojcpzimnqflprcfscrvxatszhih/Build/Intermediates.noindex/swift-dependencies.build/Debug/DependenciesMacrosPlugin.build/Objects-normal/x86_64/DependenciesMacrosPlugin_const_extract_protocols.json -Xcc -I/Users/LL/Library/Developer/Xcode/DerivedData/SwiftUIDemo-gojcpzimnqflprcfscrvxatszhih/SourcePackages/checkouts/swift-syntax/Sources/_SwiftSyntaxCShims/include -Xcc -I/Users/LL/Library/Developer/Xcode/DerivedData/SwiftUIDemo-gojcpzimnqflprcfscrvxatszhih/Build/Products/Debug/include -Xcc -I/Users/LL/Library/Developer/Xcode/DerivedData/SwiftUIDemo-gojcpzimnqflprcfscrvxatszhih/Build/Intermediates.noindex/swift-dependencies.build/Debug/DependenciesMacrosPlugin.build/DerivedSources-normal/x86_64 -Xcc -I/Users/LL/Library/Developer/Xcode/DerivedData/SwiftUIDemo-gojcpzimnqflprcfscrvxatszhih/Build/Intermediates.noindex/swift-dependencies.build/Debug/DependenciesMacrosPlugin.build/DerivedSources/x86_64 -Xcc -I/Users/LL/Library/Developer/Xcode/DerivedData/SwiftUIDemo-gojcpzimnqflprcfscrvxatszhih/Build/Intermediates.noindex/swift-dependencies.build/Debug/DependenciesMacrosPlugin.build/DerivedSources -Xcc -DSWIFT_PACKAGE -Xcc -DDEBUG\=1 -working-directory /Users/LL/Documents/wordspace/SwiftUIImprove/SwiftUIDemo/SwiftUIDemo.xcodeproj -experimental-emit-module-separately -disable-cmo

SwiftDriver ComposableArchitectureMacros normal x86_64 com.apple.xcode.tools.swift.compiler (in target 'ComposableArchitectureMacros' from project 'swift-composable-architecture')
    cd /Users/LL/Documents/wordspace/SwiftUIImprove/SwiftUIDemo/SwiftUIDemo.xcodeproj
    builtin-SwiftDriver -- /Applications/Xcode.app/Contents/Developer/Toolchains/XcodeDefault.xctoolchain/usr/bin/swiftc -module-name ComposableArchitectureMacros -Onone -enforce-exclusivity\=checked @/Users/LL/Library/Developer/Xcode/DerivedData/SwiftUIDemo-gojcpzimnqflprcfscrvxatszhih/Build/Intermediates.noindex/swift-composable-architecture.build/Debug/ComposableArchitectureMacros.build/Objects-normal/x86_64/ComposableArchitectureMacros.SwiftFileList -DSWIFT_PACKAGE -DDEBUG -DXcode -enable-upcoming-feature ExistentialAny -plugin-path /Applications/Xcode.app/Contents/Developer/Toolchains/XcodeDefault.xctoolchain/usr/lib/swift/host/plugins/testing -enable-experimental-feature DebugDescriptionMacro -sdk /Applications/Xcode.app/Contents/Developer/Platforms/MacOSX.platform/Developer/SDKs/MacOSX15.4.sdk -target x86_64-apple-macos10.15 -g -module-cache-path /Users/LL/Library/Developer/Xcode/DerivedData/ModuleCache.noindex -Xfrontend -serialize-debugging-options -profile-coverage-mapping -profile-generate -enable-testing -suppress-warnings -index-store-path /Users/LL/Library/Developer/Xcode/DerivedData/SwiftUIDemo-gojcpzimnqflprcfscrvxatszhih/Index.noindex/DataStore -swift-version 6 -I /Users/LL/Library/Developer/Xcode/DerivedData/SwiftUIDemo-gojcpzimnqflprcfscrvxatszhih/Build/Products/Debug -I /Applications/Xcode.app/Contents/Developer/Platforms/MacOSX.platform/Developer/usr/lib -F /Users/LL/Library/Developer/Xcode/DerivedData/SwiftUIDemo-gojcpzimnqflprcfscrvxatszhih/Build/Products/Debug/PackageFrameworks -F /Users/LL/Library/Developer/Xcode/DerivedData/SwiftUIDemo-gojcpzimnqflprcfscrvxatszhih/Build/Products/Debug/PackageFrameworks -F /Users/LL/Library/Developer/Xcode/DerivedData/SwiftUIDemo-gojcpzimnqflprcfscrvxatszhih/Build/Products/Debug/PackageFrameworks -F /Users/LL/Library/Developer/Xcode/DerivedData/SwiftUIDemo-gojcpzimnqflprcfscrvxatszhih/Build/Products/Debug/PackageFrameworks -F /Users/LL/Library/Developer/Xcode/DerivedData/SwiftUIDemo-gojcpzimnqflprcfscrvxatszhih/Build/Products/Debug/PackageFrameworks -F /Users/LL/Library/Developer/Xcode/DerivedData/SwiftUIDemo-gojcpzimnqflprcfscrvxatszhih/Build/Products/Debug/PackageFrameworks -F /Users/LL/Library/Developer/Xcode/DerivedData/SwiftUIDemo-gojcpzimnqflprcfscrvxatszhih/Build/Products/Debug/PackageFrameworks -F /Users/LL/Library/Developer/Xcode/DerivedData/SwiftUIDemo-gojcpzimnqflprcfscrvxatszhih/Build/Products/Debug/PackageFrameworks -F /Users/LL/Library/Developer/Xcode/DerivedData/SwiftUIDemo-gojcpzimnqflprcfscrvxatszhih/Build/Products/Debug/PackageFrameworks -F /Users/LL/Library/Developer/Xcode/DerivedData/SwiftUIDemo-gojcpzimnqflprcfscrvxatszhih/Build/Products/Debug/PackageFrameworks -F /Users/LL/Library/Developer/Xcode/DerivedData/SwiftUIDemo-gojcpzimnqflprcfscrvxatszhih/Build/Products/Debug/PackageFrameworks -F /Users/LL/Library/Developer/Xcode/DerivedData/SwiftUIDemo-gojcpzimnqflprcfscrvxatszhih/Build/Products/Debug/PackageFrameworks -F /Users/LL/Library/Developer/Xcode/DerivedData/SwiftUIDemo-gojcpzimnqflprcfscrvxatszhih/Build/Products/Debug/PackageFrameworks -F /Users/LL/Library/Developer/Xcode/DerivedData/SwiftUIDemo-gojcpzimnqflprcfscrvxatszhih/Build/Products/Debug/PackageFrameworks -F /Users/LL/Library/Developer/Xcode/DerivedData/SwiftUIDemo-gojcpzimnqflprcfscrvxatszhih/Build/Products/Debug/PackageFrameworks -F /Users/LL/Library/Developer/Xcode/DerivedData/SwiftUIDemo-gojcpzimnqflprcfscrvxatszhih/Build/Products/Debug/PackageFrameworks -F /Users/LL/Library/Developer/Xcode/DerivedData/SwiftUIDemo-gojcpzimnqflprcfscrvxatszhih/Build/Products/Debug -F /Applications/Xcode.app/Contents/Developer/Platforms/MacOSX.platform/Developer/Library/Frameworks -c -j10 -enable-batch-mode -incremental -Xcc -ivfsstatcache -Xcc /Users/LL/Library/Developer/Xcode/DerivedData/SDKStatCaches.noindex/macosx15.4-24E241-88b860576fb364319593bd8fb30666b0.sdkstatcache -output-file-map /Users/LL/Library/Developer/Xcode/DerivedData/SwiftUIDemo-gojcpzimnqflprcfscrvxatszhih/Build/Intermediates.noindex/swift-composable-architecture.build/Debug/ComposableArchitectureMacros.build/Objects-normal/x86_64/ComposableArchitectureMacros-OutputFileMap.json -use-frontend-parseable-output -save-temps -no-color-diagnostics -serialize-diagnostics -emit-dependencies -emit-module -emit-module-path /Users/LL/Library/Developer/Xcode/DerivedData/SwiftUIDemo-gojcpzimnqflprcfscrvxatszhih/Build/Intermediates.noindex/swift-composable-architecture.build/Debug/ComposableArchitectureMacros.build/Objects-normal/x86_64/ComposableArchitectureMacros.swiftmodule -user-module-version 1.22.2 -validate-clang-modules-once -clang-build-session-file /Users/LL/Library/Developer/Xcode/DerivedData/ModuleCache.noindex/Session.modulevalidation -package-name swift_composable_architecture -emit-const-values -Xfrontend -const-gather-protocols-file -Xfrontend /Users/LL/Library/Developer/Xcode/DerivedData/SwiftUIDemo-gojcpzimnqflprcfscrvxatszhih/Build/Intermediates.noindex/swift-composable-architecture.build/Debug/ComposableArchitectureMacros.build/Objects-normal/x86_64/ComposableArchitectureMacros_const_extract_protocols.json -Xcc -I/Users/LL/Library/Developer/Xcode/DerivedData/SwiftUIDemo-gojcpzimnqflprcfscrvxatszhih/SourcePackages/checkouts/swift-syntax/Sources/_SwiftSyntaxCShims/include -Xcc -I/Users/LL/Library/Developer/Xcode/DerivedData/SwiftUIDemo-gojcpzimnqflprcfscrvxatszhih/Build/Products/Debug/include -Xcc -I/Users/LL/Library/Developer/Xcode/DerivedData/SwiftUIDemo-gojcpzimnqflprcfscrvxatszhih/Build/Intermediates.noindex/swift-composable-architecture.build/Debug/ComposableArchitectureMacros.build/DerivedSources-normal/x86_64 -Xcc -I/Users/LL/Library/Developer/Xcode/DerivedData/SwiftUIDemo-gojcpzimnqflprcfscrvxatszhih/Build/Intermediates.noindex/swift-composable-architecture.build/Debug/ComposableArchitectureMacros.build/DerivedSources/x86_64 -Xcc -I/Users/LL/Library/Developer/Xcode/DerivedData/SwiftUIDemo-gojcpzimnqflprcfscrvxatszhih/Build/Intermediates.noindex/swift-composable-architecture.build/Debug/ComposableArchitectureMacros.build/DerivedSources -Xcc -DSWIFT_PACKAGE -Xcc -DDEBUG\=1 -working-directory /Users/LL/Documents/wordspace/SwiftUIImprove/SwiftUIDemo/SwiftUIDemo.xcodeproj -experimental-emit-module-separately -disable-cmo

SwiftDriver CasePathsMacros normal x86_64 com.apple.xcode.tools.swift.compiler (in target 'CasePathsMacros' from project 'swift-case-paths')
    cd /Users/LL/Documents/wordspace/SwiftUIImprove/SwiftUIDemo/SwiftUIDemo.xcodeproj
    builtin-SwiftDriver -- /Applications/Xcode.app/Contents/Developer/Toolchains/XcodeDefault.xctoolchain/usr/bin/swiftc -module-name CasePathsMacros -Onone -enforce-exclusivity\=checked @/Users/LL/Library/Developer/Xcode/DerivedData/SwiftUIDemo-gojcpzimnqflprcfscrvxatszhih/Build/Intermediates.noindex/swift-case-paths.build/Debug/CasePathsMacros.build/Objects-normal/x86_64/CasePathsMacros.SwiftFileList -DSWIFT_PACKAGE -DDEBUG -DXcode -plugin-path /Applications/Xcode.app/Contents/Developer/Toolchains/XcodeDefault.xctoolchain/usr/lib/swift/host/plugins/testing -enable-experimental-feature DebugDescriptionMacro -sdk /Applications/Xcode.app/Contents/Developer/Platforms/MacOSX.platform/Developer/SDKs/MacOSX15.4.sdk -target x86_64-apple-macos10.15 -g -module-cache-path /Users/LL/Library/Developer/Xcode/DerivedData/ModuleCache.noindex -Xfrontend -serialize-debugging-options -profile-coverage-mapping -profile-generate -enable-testing -suppress-warnings -index-store-path /Users/LL/Library/Developer/Xcode/DerivedData/SwiftUIDemo-gojcpzimnqflprcfscrvxatszhih/Index.noindex/DataStore -swift-version 6 -I /Users/LL/Library/Developer/Xcode/DerivedData/SwiftUIDemo-gojcpzimnqflprcfscrvxatszhih/Build/Products/Debug -I /Applications/Xcode.app/Contents/Developer/Platforms/MacOSX.platform/Developer/usr/lib -F /Users/LL/Library/Developer/Xcode/DerivedData/SwiftUIDemo-gojcpzimnqflprcfscrvxatszhih/Build/Products/Debug/PackageFrameworks -F /Users/LL/Library/Developer/Xcode/DerivedData/SwiftUIDemo-gojcpzimnqflprcfscrvxatszhih/Build/Products/Debug/PackageFrameworks -F /Users/LL/Library/Developer/Xcode/DerivedData/SwiftUIDemo-gojcpzimnqflprcfscrvxatszhih/Build/Products/Debug/PackageFrameworks -F /Users/LL/Library/Developer/Xcode/DerivedData/SwiftUIDemo-gojcpzimnqflprcfscrvxatszhih/Build/Products/Debug/PackageFrameworks -F /Users/LL/Library/Developer/Xcode/DerivedData/SwiftUIDemo-gojcpzimnqflprcfscrvxatszhih/Build/Products/Debug/PackageFrameworks -F /Users/LL/Library/Developer/Xcode/DerivedData/SwiftUIDemo-gojcpzimnqflprcfscrvxatszhih/Build/Products/Debug/PackageFrameworks -F /Users/LL/Library/Developer/Xcode/DerivedData/SwiftUIDemo-gojcpzimnqflprcfscrvxatszhih/Build/Products/Debug/PackageFrameworks -F /Users/LL/Library/Developer/Xcode/DerivedData/SwiftUIDemo-gojcpzimnqflprcfscrvxatszhih/Build/Products/Debug/PackageFrameworks -F /Users/LL/Library/Developer/Xcode/DerivedData/SwiftUIDemo-gojcpzimnqflprcfscrvxatszhih/Build/Products/Debug/PackageFrameworks -F /Users/LL/Library/Developer/Xcode/DerivedData/SwiftUIDemo-gojcpzimnqflprcfscrvxatszhih/Build/Products/Debug/PackageFrameworks -F /Users/LL/Library/Developer/Xcode/DerivedData/SwiftUIDemo-gojcpzimnqflprcfscrvxatszhih/Build/Products/Debug/PackageFrameworks -F /Users/LL/Library/Developer/Xcode/DerivedData/SwiftUIDemo-gojcpzimnqflprcfscrvxatszhih/Build/Products/Debug/PackageFrameworks -F /Users/LL/Library/Developer/Xcode/DerivedData/SwiftUIDemo-gojcpzimnqflprcfscrvxatszhih/Build/Products/Debug/PackageFrameworks -F /Users/LL/Library/Developer/Xcode/DerivedData/SwiftUIDemo-gojcpzimnqflprcfscrvxatszhih/Build/Products/Debug/PackageFrameworks -F /Users/LL/Library/Developer/Xcode/DerivedData/SwiftUIDemo-gojcpzimnqflprcfscrvxatszhih/Build/Products/Debug/PackageFrameworks -F /Users/LL/Library/Developer/Xcode/DerivedData/SwiftUIDemo-gojcpzimnqflprcfscrvxatszhih/Build/Products/Debug/PackageFrameworks -F /Users/LL/Library/Developer/Xcode/DerivedData/SwiftUIDemo-gojcpzimnqflprcfscrvxatszhih/Build/Products/Debug -F /Applications/Xcode.app/Contents/Developer/Platforms/MacOSX.platform/Developer/Library/Frameworks -c -j10 -enable-batch-mode -incremental -Xcc -ivfsstatcache -Xcc /Users/LL/Library/Developer/Xcode/DerivedData/SDKStatCaches.noindex/macosx15.4-24E241-88b860576fb364319593bd8fb30666b0.sdkstatcache -output-file-map /Users/LL/Library/Developer/Xcode/DerivedData/SwiftUIDemo-gojcpzimnqflprcfscrvxatszhih/Build/Intermediates.noindex/swift-case-paths.build/Debug/CasePathsMacros.build/Objects-normal/x86_64/CasePathsMacros-OutputFileMap.json -use-frontend-parseable-output -save-temps -no-color-diagnostics -serialize-diagnostics -emit-dependencies -emit-module -emit-module-path /Users/LL/Library/Developer/Xcode/DerivedData/SwiftUIDemo-gojcpzimnqflprcfscrvxatszhih/Build/Intermediates.noindex/swift-case-paths.build/Debug/CasePathsMacros.build/Objects-normal/x86_64/CasePathsMacros.swiftmodule -user-module-version 1.7.1 -validate-clang-modules-once -clang-build-session-file /Users/LL/Library/Developer/Xcode/DerivedData/ModuleCache.noindex/Session.modulevalidation -package-name swift_case_paths -emit-const-values -Xfrontend -const-gather-protocols-file -Xfrontend /Users/LL/Library/Developer/Xcode/DerivedData/SwiftUIDemo-gojcpzimnqflprcfscrvxatszhih/Build/Intermediates.noindex/swift-case-paths.build/Debug/CasePathsMacros.build/Objects-normal/x86_64/CasePathsMacros_const_extract_protocols.json -Xcc -I/Users/LL/Library/Developer/Xcode/DerivedData/SwiftUIDemo-gojcpzimnqflprcfscrvxatszhih/SourcePackages/checkouts/swift-syntax/Sources/_SwiftSyntaxCShims/include -Xcc -I/Users/LL/Library/Developer/Xcode/DerivedData/SwiftUIDemo-gojcpzimnqflprcfscrvxatszhih/Build/Products/Debug/include -Xcc -I/Users/LL/Library/Developer/Xcode/DerivedData/SwiftUIDemo-gojcpzimnqflprcfscrvxatszhih/Build/Intermediates.noindex/swift-case-paths.build/Debug/CasePathsMacros.build/DerivedSources-normal/x86_64 -Xcc -I/Users/LL/Library/Developer/Xcode/DerivedData/SwiftUIDemo-gojcpzimnqflprcfscrvxatszhih/Build/Intermediates.noindex/swift-case-paths.build/Debug/CasePathsMacros.build/DerivedSources/x86_64 -Xcc -I/Users/LL/Library/Developer/Xcode/DerivedData/SwiftUIDemo-gojcpzimnqflprcfscrvxatszhih/Build/Intermediates.noindex/swift-case-paths.build/Debug/CasePathsMacros.build/DerivedSources -Xcc -DSWIFT_PACKAGE -Xcc -DDEBUG\=1 -working-directory /Users/LL/Documents/wordspace/SwiftUIImprove/SwiftUIDemo/SwiftUIDemo.xcodeproj -experimental-emit-module-separately -disable-cmo

SwiftCompile normal x86_64 Compiling\ Availability.swift /Users/LL/Library/Developer/Xcode/DerivedData/SwiftUIDemo-gojcpzimnqflprcfscrvxatszhih/SourcePackages/checkouts/swift-perception/Sources/PerceptionMacros/Availability.swift (in target 'PerceptionMacros' from project 'swift-perception')

SwiftCompile normal x86_64 /Users/LL/Library/Developer/Xcode/DerivedData/SwiftUIDemo-gojcpzimnqflprcfscrvxatszhih/SourcePackages/checkouts/swift-perception/Sources/PerceptionMacros/Availability.swift (in target 'PerceptionMacros' from project 'swift-perception')
    cd /Users/LL/Documents/wordspace/SwiftUIImprove/SwiftUIDemo/SwiftUIDemo.xcodeproj
    

SwiftEmitModule normal x86_64 Emitting\ module\ for\ CasePathsMacros (in target 'CasePathsMacros' from project 'swift-case-paths')

EmitSwiftModule normal x86_64 (in target 'CasePathsMacros' from project 'swift-case-paths')
    cd /Users/LL/Documents/wordspace/SwiftUIImprove/SwiftUIDemo/SwiftUIDemo.xcodeproj
    

SwiftCompile normal x86_64 Compiling\ CasePathableMacro.swift /Users/LL/Library/Developer/Xcode/DerivedData/SwiftUIDemo-gojcpzimnqflprcfscrvxatszhih/SourcePackages/checkouts/swift-case-paths/Sources/CasePathsMacros/CasePathableMacro.swift (in target 'CasePathsMacros' from project 'swift-case-paths')
SwiftCompile normal x86_64 /Users/LL/Library/Developer/Xcode/DerivedData/SwiftUIDemo-gojcpzimnqflprcfscrvxatszhih/SourcePackages/checkouts/swift-case-paths/Sources/CasePathsMacros/CasePathableMacro.swift (in target 'CasePathsMacros' from project 'swift-case-paths')
    cd /Users/LL/Documents/wordspace/SwiftUIImprove/SwiftUIDemo/SwiftUIDemo.xcodeproj
    

SwiftEmitModule normal x86_64 Emitting\ module\ for\ PerceptionMacros (in target 'PerceptionMacros' from project 'swift-perception')

EmitSwiftModule normal x86_64 (in target 'PerceptionMacros' from project 'swift-perception')
    cd /Users/LL/Documents/wordspace/SwiftUIImprove/SwiftUIDemo/SwiftUIDemo.xcodeproj
    

SwiftCompile normal x86_64 Compiling\ Plugins.swift /Users/LL/Library/Developer/Xcode/DerivedData/SwiftUIDemo-gojcpzimnqflprcfscrvxatszhih/SourcePackages/checkouts/swift-perception/Sources/PerceptionMacros/Plugins.swift (in target 'PerceptionMacros' from project 'swift-perception')

SwiftCompile normal x86_64 /Users/LL/Library/Developer/Xcode/DerivedData/SwiftUIDemo-gojcpzimnqflprcfscrvxatszhih/SourcePackages/checkouts/swift-perception/Sources/PerceptionMacros/Plugins.swift (in target 'PerceptionMacros' from project 'swift-perception')
    cd /Users/LL/Documents/wordspace/SwiftUIImprove/SwiftUIDemo/SwiftUIDemo.xcodeproj
    

SwiftCompile normal x86_64 Compiling\ DependencyEndpointMacro.swift /Users/LL/Library/Developer/Xcode/DerivedData/SwiftUIDemo-gojcpzimnqflprcfscrvxatszhih/SourcePackages/checkouts/swift-dependencies/Sources/DependenciesMacrosPlugin/DependencyEndpointMacro.swift (in target 'DependenciesMacrosPlugin' from project 'swift-dependencies')

SwiftCompile normal x86_64 /Users/LL/Library/Developer/Xcode/DerivedData/SwiftUIDemo-gojcpzimnqflprcfscrvxatszhih/SourcePackages/checkouts/swift-dependencies/Sources/DependenciesMacrosPlugin/DependencyEndpointMacro.swift (in target 'DependenciesMacrosPlugin' from project 'swift-dependencies')
    cd /Users/LL/Documents/wordspace/SwiftUIImprove/SwiftUIDemo/SwiftUIDemo.xcodeproj
    

SwiftEmitModule normal x86_64 Emitting\ module\ for\ DependenciesMacrosPlugin (in target 'DependenciesMacrosPlugin' from project 'swift-dependencies')

EmitSwiftModule normal x86_64 (in target 'DependenciesMacrosPlugin' from project 'swift-dependencies')
    cd /Users/LL/Documents/wordspace/SwiftUIImprove/SwiftUIDemo/SwiftUIDemo.xcodeproj
    

SwiftCompile normal x86_64 Compiling\ PerceptibleMacro.swift /Users/LL/Library/Developer/Xcode/DerivedData/SwiftUIDemo-gojcpzimnqflprcfscrvxatszhih/SourcePackages/checkouts/swift-perception/Sources/PerceptionMacros/PerceptibleMacro.swift (in target 'PerceptionMacros' from project 'swift-perception')

SwiftCompile normal x86_64 /Users/LL/Library/Developer/Xcode/DerivedData/SwiftUIDemo-gojcpzimnqflprcfscrvxatszhih/SourcePackages/checkouts/swift-perception/Sources/PerceptionMacros/PerceptibleMacro.swift (in target 'PerceptionMacros' from project 'swift-perception')
    cd /Users/LL/Documents/wordspace/SwiftUIImprove/SwiftUIDemo/SwiftUIDemo.xcodeproj
    

SwiftCompile normal x86_64 Compiling\ DependencyClientMacro.swift /Users/LL/Library/Developer/Xcode/DerivedData/SwiftUIDemo-gojcpzimnqflprcfscrvxatszhih/SourcePackages/checkouts/swift-dependencies/Sources/DependenciesMacrosPlugin/DependencyClientMacro.swift (in target 'DependenciesMacrosPlugin' from project 'swift-dependencies')

SwiftCompile normal x86_64 /Users/LL/Library/Developer/Xcode/DerivedData/SwiftUIDemo-gojcpzimnqflprcfscrvxatszhih/SourcePackages/checkouts/swift-dependencies/Sources/DependenciesMacrosPlugin/DependencyClientMacro.swift (in target 'DependenciesMacrosPlugin' from project 'swift-dependencies')
    cd /Users/LL/Documents/wordspace/SwiftUIImprove/SwiftUIDemo/SwiftUIDemo.xcodeproj
    

SwiftCompile normal x86_64 Compiling\ Extensions.swift /Users/LL/Library/Developer/Xcode/DerivedData/SwiftUIDemo-gojcpzimnqflprcfscrvxatszhih/SourcePackages/checkouts/swift-perception/Sources/PerceptionMacros/Extensions.swift (in target 'PerceptionMacros' from project 'swift-perception')

SwiftCompile normal x86_64 /Users/LL/Library/Developer/Xcode/DerivedData/SwiftUIDemo-gojcpzimnqflprcfscrvxatszhih/SourcePackages/checkouts/swift-perception/Sources/PerceptionMacros/Extensions.swift (in target 'PerceptionMacros' from project 'swift-perception')
    cd /Users/LL/Documents/wordspace/SwiftUIImprove/SwiftUIDemo/SwiftUIDemo.xcodeproj
    

SwiftEmitModule normal x86_64 Emitting\ module\ for\ ComposableArchitectureMacros (in target 'ComposableArchitectureMacros' from project 'swift-composable-architecture')

EmitSwiftModule normal x86_64 (in target 'ComposableArchitectureMacros' from project 'swift-composable-architecture')
    cd /Users/LL/Documents/wordspace/SwiftUIImprove/SwiftUIDemo/SwiftUIDemo.xcodeproj
    

SwiftDriverJobDiscovery normal x86_64 Emitting module for DependenciesMacrosPlugin (in target 'DependenciesMacrosPlugin' from project 'swift-dependencies')

SwiftDriver\ Compilation\ Requirements DependenciesMacrosPlugin normal x86_64 com.apple.xcode.tools.swift.compiler (in target 'DependenciesMacrosPlugin' from project 'swift-dependencies')
    cd /Users/LL/Documents/wordspace/SwiftUIImprove/SwiftUIDemo/SwiftUIDemo.xcodeproj
    builtin-Swift-Compilation-Requirements -- /Applications/Xcode.app/Contents/Developer/Toolchains/XcodeDefault.xctoolchain/usr/bin/swiftc -module-name DependenciesMacrosPlugin -Onone -enforce-exclusivity\=checked @/Users/LL/Library/Developer/Xcode/DerivedData/SwiftUIDemo-gojcpzimnqflprcfscrvxatszhih/Build/Intermediates.noindex/swift-dependencies.build/Debug/DependenciesMacrosPlugin.build/Objects-normal/x86_64/DependenciesMacrosPlugin.SwiftFileList -DSWIFT_PACKAGE -DDEBUG -DXcode -plugin-path /Applications/Xcode.app/Contents/Developer/Toolchains/XcodeDefault.xctoolchain/usr/lib/swift/host/plugins/testing -enable-experimental-feature DebugDescriptionMacro -sdk /Applications/Xcode.app/Contents/Developer/Platforms/MacOSX.platform/Developer/SDKs/MacOSX15.4.sdk -target x86_64-apple-macos10.15 -g -module-cache-path /Users/LL/Library/Developer/Xcode/DerivedData/ModuleCache.noindex -Xfrontend -serialize-debugging-options -profile-coverage-mapping -profile-generate -enable-testing -suppress-warnings -index-store-path /Users/LL/Library/Developer/Xcode/DerivedData/SwiftUIDemo-gojcpzimnqflprcfscrvxatszhih/Index.noindex/DataStore -swift-version 6 -I /Users/LL/Library/Developer/Xcode/DerivedData/SwiftUIDemo-gojcpzimnqflprcfscrvxatszhih/Build/Products/Debug -I /Applications/Xcode.app/Contents/Developer/Platforms/MacOSX.platform/Developer/usr/lib -F /Users/LL/Library/Developer/Xcode/DerivedData/SwiftUIDemo-gojcpzimnqflprcfscrvxatszhih/Build/Products/Debug/PackageFrameworks -F /Users/LL/Library/Developer/Xcode/DerivedData/SwiftUIDemo-gojcpzimnqflprcfscrvxatszhih/Build/Products/Debug/PackageFrameworks -F /Users/LL/Library/Developer/Xcode/DerivedData/SwiftUIDemo-gojcpzimnqflprcfscrvxatszhih/Build/Products/Debug/PackageFrameworks -F /Users/LL/Library/Developer/Xcode/DerivedData/SwiftUIDemo-gojcpzimnqflprcfscrvxatszhih/Build/Products/Debug/PackageFrameworks -F /Users/LL/Library/Developer/Xcode/DerivedData/SwiftUIDemo-gojcpzimnqflprcfscrvxatszhih/Build/Products/Debug/PackageFrameworks -F /Users/LL/Library/Developer/Xcode/DerivedData/SwiftUIDemo-gojcpzimnqflprcfscrvxatszhih/Build/Products/Debug/PackageFrameworks -F /Users/LL/Library/Developer/Xcode/DerivedData/SwiftUIDemo-gojcpzimnqflprcfscrvxatszhih/Build/Products/Debug/PackageFrameworks -F /Users/LL/Library/Developer/Xcode/DerivedData/SwiftUIDemo-gojcpzimnqflprcfscrvxatszhih/Build/Products/Debug/PackageFrameworks -F /Users/LL/Library/Developer/Xcode/DerivedData/SwiftUIDemo-gojcpzimnqflprcfscrvxatszhih/Build/Products/Debug/PackageFrameworks -F /Users/LL/Library/Developer/Xcode/DerivedData/SwiftUIDemo-gojcpzimnqflprcfscrvxatszhih/Build/Products/Debug/PackageFrameworks -F /Users/LL/Library/Developer/Xcode/DerivedData/SwiftUIDemo-gojcpzimnqflprcfscrvxatszhih/Build/Products/Debug/PackageFrameworks -F /Users/LL/Library/Developer/Xcode/DerivedData/SwiftUIDemo-gojcpzimnqflprcfscrvxatszhih/Build/Products/Debug/PackageFrameworks -F /Users/LL/Library/Developer/Xcode/DerivedData/SwiftUIDemo-gojcpzimnqflprcfscrvxatszhih/Build/Products/Debug/PackageFrameworks -F /Users/LL/Library/Developer/Xcode/DerivedData/SwiftUIDemo-gojcpzimnqflprcfscrvxatszhih/Build/Products/Debug/PackageFrameworks -F /Users/LL/Library/Developer/Xcode/DerivedData/SwiftUIDemo-gojcpzimnqflprcfscrvxatszhih/Build/Products/Debug/PackageFrameworks -F /Users/LL/Library/Developer/Xcode/DerivedData/SwiftUIDemo-gojcpzimnqflprcfscrvxatszhih/Build/Products/Debug/PackageFrameworks -F /Users/LL/Library/Developer/Xcode/DerivedData/SwiftUIDemo-gojcpzimnqflprcfscrvxatszhih/Build/Products/Debug -F /Applications/Xcode.app/Contents/Developer/Platforms/MacOSX.platform/Developer/Library/Frameworks -c -j10 -enable-batch-mode -incremental -Xcc -ivfsstatcache -Xcc /Users/LL/Library/Developer/Xcode/DerivedData/SDKStatCaches.noindex/macosx15.4-24E241-88b860576fb364319593bd8fb30666b0.sdkstatcache -output-file-map /Users/LL/Library/Developer/Xcode/DerivedData/SwiftUIDemo-gojcpzimnqflprcfscrvxatszhih/Build/Intermediates.noindex/swift-dependencies.build/Debug/DependenciesMacrosPlugin.build/Objects-normal/x86_64/DependenciesMacrosPlugin-OutputFileMap.json -use-frontend-parseable-output -save-temps -no-color-diagnostics -serialize-diagnostics -emit-dependencies -emit-module -emit-module-path /Users/LL/Library/Developer/Xcode/DerivedData/SwiftUIDemo-gojcpzimnqflprcfscrvxatszhih/Build/Intermediates.noindex/swift-dependencies.build/Debug/DependenciesMacrosPlugin.build/Objects-normal/x86_64/DependenciesMacrosPlugin.swiftmodule -user-module-version 1.9.4 -validate-clang-modules-once -clang-build-session-file /Users/LL/Library/Developer/Xcode/DerivedData/ModuleCache.noindex/Session.modulevalidation -package-name swift_dependencies -emit-const-values -Xfrontend -const-gather-protocols-file -Xfrontend /Users/LL/Library/Developer/Xcode/DerivedData/SwiftUIDemo-gojcpzimnqflprcfscrvxatszhih/Build/Intermediates.noindex/swift-dependencies.build/Debug/DependenciesMacrosPlugin.build/Objects-normal/x86_64/DependenciesMacrosPlugin_const_extract_protocols.json -Xcc -I/Users/LL/Library/Developer/Xcode/DerivedData/SwiftUIDemo-gojcpzimnqflprcfscrvxatszhih/SourcePackages/checkouts/swift-syntax/Sources/_SwiftSyntaxCShims/include -Xcc -I/Users/LL/Library/Developer/Xcode/DerivedData/SwiftUIDemo-gojcpzimnqflprcfscrvxatszhih/Build/Products/Debug/include -Xcc -I/Users/LL/Library/Developer/Xcode/DerivedData/SwiftUIDemo-gojcpzimnqflprcfscrvxatszhih/Build/Intermediates.noindex/swift-dependencies.build/Debug/DependenciesMacrosPlugin.build/DerivedSources-normal/x86_64 -Xcc -I/Users/LL/Library/Developer/Xcode/DerivedData/SwiftUIDemo-gojcpzimnqflprcfscrvxatszhih/Build/Intermediates.noindex/swift-dependencies.build/Debug/DependenciesMacrosPlugin.build/DerivedSources/x86_64 -Xcc -I/Users/LL/Library/Developer/Xcode/DerivedData/SwiftUIDemo-gojcpzimnqflprcfscrvxatszhih/Build/Intermediates.noindex/swift-dependencies.build/Debug/DependenciesMacrosPlugin.build/DerivedSources -Xcc -DSWIFT_PACKAGE -Xcc -DDEBUG\=1 -working-directory /Users/LL/Documents/wordspace/SwiftUIImprove/SwiftUIDemo/SwiftUIDemo.xcodeproj -experimental-emit-module-separately -disable-cmo

SwiftDriverJobDiscovery normal x86_64 Emitting module for CasePathsMacros (in target 'CasePathsMacros' from project 'swift-case-paths')

SwiftDriver\ Compilation\ Requirements CasePathsMacros normal x86_64 com.apple.xcode.tools.swift.compiler (in target 'CasePathsMacros' from project 'swift-case-paths')
    cd /Users/LL/Documents/wordspace/SwiftUIImprove/SwiftUIDemo/SwiftUIDemo.xcodeproj
    builtin-Swift-Compilation-Requirements -- /Applications/Xcode.app/Contents/Developer/Toolchains/XcodeDefault.xctoolchain/usr/bin/swiftc -module-name CasePathsMacros -Onone -enforce-exclusivity\=checked @/Users/LL/Library/Developer/Xcode/DerivedData/SwiftUIDemo-gojcpzimnqflprcfscrvxatszhih/Build/Intermediates.noindex/swift-case-paths.build/Debug/CasePathsMacros.build/Objects-normal/x86_64/CasePathsMacros.SwiftFileList -DSWIFT_PACKAGE -DDEBUG -DXcode -plugin-path /Applications/Xcode.app/Contents/Developer/Toolchains/XcodeDefault.xctoolchain/usr/lib/swift/host/plugins/testing -enable-experimental-feature DebugDescriptionMacro -sdk /Applications/Xcode.app/Contents/Developer/Platforms/MacOSX.platform/Developer/SDKs/MacOSX15.4.sdk -target x86_64-apple-macos10.15 -g -module-cache-path /Users/LL/Library/Developer/Xcode/DerivedData/ModuleCache.noindex -Xfrontend -serialize-debugging-options -profile-coverage-mapping -profile-generate -enable-testing -suppress-warnings -index-store-path /Users/LL/Library/Developer/Xcode/DerivedData/SwiftUIDemo-gojcpzimnqflprcfscrvxatszhih/Index.noindex/DataStore -swift-version 6 -I /Users/LL/Library/Developer/Xcode/DerivedData/SwiftUIDemo-gojcpzimnqflprcfscrvxatszhih/Build/Products/Debug -I /Applications/Xcode.app/Contents/Developer/Platforms/MacOSX.platform/Developer/usr/lib -F /Users/LL/Library/Developer/Xcode/DerivedData/SwiftUIDemo-gojcpzimnqflprcfscrvxatszhih/Build/Products/Debug/PackageFrameworks -F /Users/LL/Library/Developer/Xcode/DerivedData/SwiftUIDemo-gojcpzimnqflprcfscrvxatszhih/Build/Products/Debug/PackageFrameworks -F /Users/LL/Library/Developer/Xcode/DerivedData/SwiftUIDemo-gojcpzimnqflprcfscrvxatszhih/Build/Products/Debug/PackageFrameworks -F /Users/LL/Library/Developer/Xcode/DerivedData/SwiftUIDemo-gojcpzimnqflprcfscrvxatszhih/Build/Products/Debug/PackageFrameworks -F /Users/LL/Library/Developer/Xcode/DerivedData/SwiftUIDemo-gojcpzimnqflprcfscrvxatszhih/Build/Products/Debug/PackageFrameworks -F /Users/LL/Library/Developer/Xcode/DerivedData/SwiftUIDemo-gojcpzimnqflprcfscrvxatszhih/Build/Products/Debug/PackageFrameworks -F /Users/LL/Library/Developer/Xcode/DerivedData/SwiftUIDemo-gojcpzimnqflprcfscrvxatszhih/Build/Products/Debug/PackageFrameworks -F /Users/LL/Library/Developer/Xcode/DerivedData/SwiftUIDemo-gojcpzimnqflprcfscrvxatszhih/Build/Products/Debug/PackageFrameworks -F /Users/LL/Library/Developer/Xcode/DerivedData/SwiftUIDemo-gojcpzimnqflprcfscrvxatszhih/Build/Products/Debug/PackageFrameworks -F /Users/LL/Library/Developer/Xcode/DerivedData/SwiftUIDemo-gojcpzimnqflprcfscrvxatszhih/Build/Products/Debug/PackageFrameworks -F /Users/LL/Library/Developer/Xcode/DerivedData/SwiftUIDemo-gojcpzimnqflprcfscrvxatszhih/Build/Products/Debug/PackageFrameworks -F /Users/LL/Library/Developer/Xcode/DerivedData/SwiftUIDemo-gojcpzimnqflprcfscrvxatszhih/Build/Products/Debug/PackageFrameworks -F /Users/LL/Library/Developer/Xcode/DerivedData/SwiftUIDemo-gojcpzimnqflprcfscrvxatszhih/Build/Products/Debug/PackageFrameworks -F /Users/LL/Library/Developer/Xcode/DerivedData/SwiftUIDemo-gojcpzimnqflprcfscrvxatszhih/Build/Products/Debug/PackageFrameworks -F /Users/LL/Library/Developer/Xcode/DerivedData/SwiftUIDemo-gojcpzimnqflprcfscrvxatszhih/Build/Products/Debug/PackageFrameworks -F /Users/LL/Library/Developer/Xcode/DerivedData/SwiftUIDemo-gojcpzimnqflprcfscrvxatszhih/Build/Products/Debug/PackageFrameworks -F /Users/LL/Library/Developer/Xcode/DerivedData/SwiftUIDemo-gojcpzimnqflprcfscrvxatszhih/Build/Products/Debug -F /Applications/Xcode.app/Contents/Developer/Platforms/MacOSX.platform/Developer/Library/Frameworks -c -j10 -enable-batch-mode -incremental -Xcc -ivfsstatcache -Xcc /Users/LL/Library/Developer/Xcode/DerivedData/SDKStatCaches.noindex/macosx15.4-24E241-88b860576fb364319593bd8fb30666b0.sdkstatcache -output-file-map /Users/LL/Library/Developer/Xcode/DerivedData/SwiftUIDemo-gojcpzimnqflprcfscrvxatszhih/Build/Intermediates.noindex/swift-case-paths.build/Debug/CasePathsMacros.build/Objects-normal/x86_64/CasePathsMacros-OutputFileMap.json -use-frontend-parseable-output -save-temps -no-color-diagnostics -serialize-diagnostics -emit-dependencies -emit-module -emit-module-path /Users/LL/Library/Developer/Xcode/DerivedData/SwiftUIDemo-gojcpzimnqflprcfscrvxatszhih/Build/Intermediates.noindex/swift-case-paths.build/Debug/CasePathsMacros.build/Objects-normal/x86_64/CasePathsMacros.swiftmodule -user-module-version 1.7.1 -validate-clang-modules-once -clang-build-session-file /Users/LL/Library/Developer/Xcode/DerivedData/ModuleCache.noindex/Session.modulevalidation -package-name swift_case_paths -emit-const-values -Xfrontend -const-gather-protocols-file -Xfrontend /Users/LL/Library/Developer/Xcode/DerivedData/SwiftUIDemo-gojcpzimnqflprcfscrvxatszhih/Build/Intermediates.noindex/swift-case-paths.build/Debug/CasePathsMacros.build/Objects-normal/x86_64/CasePathsMacros_const_extract_protocols.json -Xcc -I/Users/LL/Library/Developer/Xcode/DerivedData/SwiftUIDemo-gojcpzimnqflprcfscrvxatszhih/SourcePackages/checkouts/swift-syntax/Sources/_SwiftSyntaxCShims/include -Xcc -I/Users/LL/Library/Developer/Xcode/DerivedData/SwiftUIDemo-gojcpzimnqflprcfscrvxatszhih/Build/Products/Debug/include -Xcc -I/Users/LL/Library/Developer/Xcode/DerivedData/SwiftUIDemo-gojcpzimnqflprcfscrvxatszhih/Build/Intermediates.noindex/swift-case-paths.build/Debug/CasePathsMacros.build/DerivedSources-normal/x86_64 -Xcc -I/Users/LL/Library/Developer/Xcode/DerivedData/SwiftUIDemo-gojcpzimnqflprcfscrvxatszhih/Build/Intermediates.noindex/swift-case-paths.build/Debug/CasePathsMacros.build/DerivedSources/x86_64 -Xcc -I/Users/LL/Library/Developer/Xcode/DerivedData/SwiftUIDemo-gojcpzimnqflprcfscrvxatszhih/Build/Intermediates.noindex/swift-case-paths.build/Debug/CasePathsMacros.build/DerivedSources -Xcc -DSWIFT_PACKAGE -Xcc -DDEBUG\=1 -working-directory /Users/LL/Documents/wordspace/SwiftUIImprove/SwiftUIDemo/SwiftUIDemo.xcodeproj -experimental-emit-module-separately -disable-cmo

Copy /Users/LL/Library/Developer/Xcode/DerivedData/SwiftUIDemo-gojcpzimnqflprcfscrvxatszhih/Build/Products/Debug/DependenciesMacrosPlugin.swiftmodule/x86_64-apple-macos.swiftmodule /Users/LL/Library/Developer/Xcode/DerivedData/SwiftUIDemo-gojcpzimnqflprcfscrvxatszhih/Build/Intermediates.noindex/swift-dependencies.build/Debug/DependenciesMacrosPlugin.build/Objects-normal/x86_64/DependenciesMacrosPlugin.swiftmodule (in target 'DependenciesMacrosPlugin' from project 'swift-dependencies')
    cd /Users/LL/Library/Developer/Xcode/DerivedData/SwiftUIDemo-gojcpzimnqflprcfscrvxatszhih/SourcePackages/checkouts/swift-dependencies
    builtin-copy -exclude .DS_Store -exclude CVS -exclude .svn -exclude .git -exclude .hg -resolve-src-symlinks -rename /Users/LL/Library/Developer/Xcode/DerivedData/SwiftUIDemo-gojcpzimnqflprcfscrvxatszhih/Build/Intermediates.noindex/swift-dependencies.build/Debug/DependenciesMacrosPlugin.build/Objects-normal/x86_64/DependenciesMacrosPlugin.swiftmodule /Users/LL/Library/Developer/Xcode/DerivedData/SwiftUIDemo-gojcpzimnqflprcfscrvxatszhih/Build/Products/Debug/DependenciesMacrosPlugin.swiftmodule/x86_64-apple-macos.swiftmodule

SwiftDriverJobDiscovery normal x86_64 Emitting module for PerceptionMacros (in target 'PerceptionMacros' from project 'swift-perception')

Copy /Users/LL/Library/Developer/Xcode/DerivedData/SwiftUIDemo-gojcpzimnqflprcfscrvxatszhih/Build/Products/Debug/DependenciesMacrosPlugin.swiftmodule/x86_64-apple-macos.swiftdoc /Users/LL/Library/Developer/Xcode/DerivedData/SwiftUIDemo-gojcpzimnqflprcfscrvxatszhih/Build/Intermediates.noindex/swift-dependencies.build/Debug/DependenciesMacrosPlugin.build/Objects-normal/x86_64/DependenciesMacrosPlugin.swiftdoc (in target 'DependenciesMacrosPlugin' from project 'swift-dependencies')
    cd /Users/LL/Library/Developer/Xcode/DerivedData/SwiftUIDemo-gojcpzimnqflprcfscrvxatszhih/SourcePackages/checkouts/swift-dependencies
    builtin-copy -exclude .DS_Store -exclude CVS -exclude .svn -exclude .git -exclude .hg -resolve-src-symlinks -rename /Users/LL/Library/Developer/Xcode/DerivedData/SwiftUIDemo-gojcpzimnqflprcfscrvxatszhih/Build/Intermediates.noindex/swift-dependencies.build/Debug/DependenciesMacrosPlugin.build/Objects-normal/x86_64/DependenciesMacrosPlugin.swiftdoc /Users/LL/Library/Developer/Xcode/DerivedData/SwiftUIDemo-gojcpzimnqflprcfscrvxatszhih/Build/Products/Debug/DependenciesMacrosPlugin.swiftmodule/x86_64-apple-macos.swiftdoc

Copy /Users/LL/Library/Developer/Xcode/DerivedData/SwiftUIDemo-gojcpzimnqflprcfscrvxatszhih/Build/Products/Debug/DependenciesMacrosPlugin.swiftmodule/x86_64-apple-macos.abi.json /Users/LL/Library/Developer/Xcode/DerivedData/SwiftUIDemo-gojcpzimnqflprcfscrvxatszhih/Build/Intermediates.noindex/swift-dependencies.build/Debug/DependenciesMacrosPlugin.build/Objects-normal/x86_64/DependenciesMacrosPlugin.abi.json (in target 'DependenciesMacrosPlugin' from project 'swift-dependencies')
    cd /Users/LL/Library/Developer/Xcode/DerivedData/SwiftUIDemo-gojcpzimnqflprcfscrvxatszhih/SourcePackages/checkouts/swift-dependencies
    builtin-copy -exclude .DS_Store -exclude CVS -exclude .svn -exclude .git -exclude .hg -resolve-src-symlinks -rename /Users/LL/Library/Developer/Xcode/DerivedData/SwiftUIDemo-gojcpzimnqflprcfscrvxatszhih/Build/Intermediates.noindex/swift-dependencies.build/Debug/DependenciesMacrosPlugin.build/Objects-normal/x86_64/DependenciesMacrosPlugin.abi.json /Users/LL/Library/Developer/Xcode/DerivedData/SwiftUIDemo-gojcpzimnqflprcfscrvxatszhih/Build/Products/Debug/DependenciesMacrosPlugin.swiftmodule/x86_64-apple-macos.abi.json

SwiftDriver\ Compilation\ Requirements PerceptionMacros normal x86_64 com.apple.xcode.tools.swift.compiler (in target 'PerceptionMacros' from project 'swift-perception')
    cd /Users/LL/Documents/wordspace/SwiftUIImprove/SwiftUIDemo/SwiftUIDemo.xcodeproj
    builtin-Swift-Compilation-Requirements -- /Applications/Xcode.app/Contents/Developer/Toolchains/XcodeDefault.xctoolchain/usr/bin/swiftc -module-name PerceptionMacros -Onone -enforce-exclusivity\=checked @/Users/LL/Library/Developer/Xcode/DerivedData/SwiftUIDemo-gojcpzimnqflprcfscrvxatszhih/Build/Intermediates.noindex/swift-perception.build/Debug/PerceptionMacros.build/Objects-normal/x86_64/PerceptionMacros.SwiftFileList -DSWIFT_PACKAGE -DDEBUG -DXcode -plugin-path /Applications/Xcode.app/Contents/Developer/Toolchains/XcodeDefault.xctoolchain/usr/lib/swift/host/plugins/testing -enable-experimental-feature DebugDescriptionMacro -sdk /Applications/Xcode.app/Contents/Developer/Platforms/MacOSX.platform/Developer/SDKs/MacOSX15.4.sdk -target x86_64-apple-macos10.15 -g -module-cache-path /Users/LL/Library/Developer/Xcode/DerivedData/ModuleCache.noindex -Xfrontend -serialize-debugging-options -profile-coverage-mapping -profile-generate -enable-testing -suppress-warnings -index-store-path /Users/LL/Library/Developer/Xcode/DerivedData/SwiftUIDemo-gojcpzimnqflprcfscrvxatszhih/Index.noindex/DataStore -swift-version 5 -I /Users/LL/Library/Developer/Xcode/DerivedData/SwiftUIDemo-gojcpzimnqflprcfscrvxatszhih/Build/Products/Debug -I /Applications/Xcode.app/Contents/Developer/Platforms/MacOSX.platform/Developer/usr/lib -F /Users/LL/Library/Developer/Xcode/DerivedData/SwiftUIDemo-gojcpzimnqflprcfscrvxatszhih/Build/Products/Debug/PackageFrameworks -F /Users/LL/Library/Developer/Xcode/DerivedData/SwiftUIDemo-gojcpzimnqflprcfscrvxatszhih/Build/Products/Debug/PackageFrameworks -F /Users/LL/Library/Developer/Xcode/DerivedData/SwiftUIDemo-gojcpzimnqflprcfscrvxatszhih/Build/Products/Debug/PackageFrameworks -F /Users/LL/Library/Developer/Xcode/DerivedData/SwiftUIDemo-gojcpzimnqflprcfscrvxatszhih/Build/Products/Debug/PackageFrameworks -F /Users/LL/Library/Developer/Xcode/DerivedData/SwiftUIDemo-gojcpzimnqflprcfscrvxatszhih/Build/Products/Debug/PackageFrameworks -F /Users/LL/Library/Developer/Xcode/DerivedData/SwiftUIDemo-gojcpzimnqflprcfscrvxatszhih/Build/Products/Debug/PackageFrameworks -F /Users/LL/Library/Developer/Xcode/DerivedData/SwiftUIDemo-gojcpzimnqflprcfscrvxatszhih/Build/Products/Debug/PackageFrameworks -F /Users/LL/Library/Developer/Xcode/DerivedData/SwiftUIDemo-gojcpzimnqflprcfscrvxatszhih/Build/Products/Debug/PackageFrameworks -F /Users/LL/Library/Developer/Xcode/DerivedData/SwiftUIDemo-gojcpzimnqflprcfscrvxatszhih/Build/Products/Debug/PackageFrameworks -F /Users/LL/Library/Developer/Xcode/DerivedData/SwiftUIDemo-gojcpzimnqflprcfscrvxatszhih/Build/Products/Debug/PackageFrameworks -F /Users/LL/Library/Developer/Xcode/DerivedData/SwiftUIDemo-gojcpzimnqflprcfscrvxatszhih/Build/Products/Debug/PackageFrameworks -F /Users/LL/Library/Developer/Xcode/DerivedData/SwiftUIDemo-gojcpzimnqflprcfscrvxatszhih/Build/Products/Debug/PackageFrameworks -F /Users/LL/Library/Developer/Xcode/DerivedData/SwiftUIDemo-gojcpzimnqflprcfscrvxatszhih/Build/Products/Debug/PackageFrameworks -F /Users/LL/Library/Developer/Xcode/DerivedData/SwiftUIDemo-gojcpzimnqflprcfscrvxatszhih/Build/Products/Debug/PackageFrameworks -F /Users/LL/Library/Developer/Xcode/DerivedData/SwiftUIDemo-gojcpzimnqflprcfscrvxatszhih/Build/Products/Debug/PackageFrameworks -F /Users/LL/Library/Developer/Xcode/DerivedData/SwiftUIDemo-gojcpzimnqflprcfscrvxatszhih/Build/Products/Debug/PackageFrameworks -F /Users/LL/Library/Developer/Xcode/DerivedData/SwiftUIDemo-gojcpzimnqflprcfscrvxatszhih/Build/Products/Debug -F /Applications/Xcode.app/Contents/Developer/Platforms/MacOSX.platform/Developer/Library/Frameworks -c -j10 -enable-batch-mode -incremental -Xcc -ivfsstatcache -Xcc /Users/LL/Library/Developer/Xcode/DerivedData/SDKStatCaches.noindex/macosx15.4-24E241-88b860576fb364319593bd8fb30666b0.sdkstatcache -output-file-map /Users/LL/Library/Developer/Xcode/DerivedData/SwiftUIDemo-gojcpzimnqflprcfscrvxatszhih/Build/Intermediates.noindex/swift-perception.build/Debug/PerceptionMacros.build/Objects-normal/x86_64/PerceptionMacros-OutputFileMap.json -use-frontend-parseable-output -save-temps -no-color-diagnostics -serialize-diagnostics -emit-dependencies -emit-module -emit-module-path /Users/LL/Library/Developer/Xcode/DerivedData/SwiftUIDemo-gojcpzimnqflprcfscrvxatszhih/Build/Intermediates.noindex/swift-perception.build/Debug/PerceptionMacros.build/Objects-normal/x86_64/PerceptionMacros.swiftmodule -user-module-version 2.0.7 -validate-clang-modules-once -clang-build-session-file /Users/LL/Library/Developer/Xcode/DerivedData/ModuleCache.noindex/Session.modulevalidation -package-name swift_perception -emit-const-values -Xfrontend -const-gather-protocols-file -Xfrontend /Users/LL/Library/Developer/Xcode/DerivedData/SwiftUIDemo-gojcpzimnqflprcfscrvxatszhih/Build/Intermediates.noindex/swift-perception.build/Debug/PerceptionMacros.build/Objects-normal/x86_64/PerceptionMacros_const_extract_protocols.json -Xcc -I/Users/LL/Library/Developer/Xcode/DerivedData/SwiftUIDemo-gojcpzimnqflprcfscrvxatszhih/SourcePackages/checkouts/swift-syntax/Sources/_SwiftSyntaxCShims/include -Xcc -I/Users/LL/Library/Developer/Xcode/DerivedData/SwiftUIDemo-gojcpzimnqflprcfscrvxatszhih/Build/Products/Debug/include -Xcc -I/Users/LL/Library/Developer/Xcode/DerivedData/SwiftUIDemo-gojcpzimnqflprcfscrvxatszhih/Build/Intermediates.noindex/swift-perception.build/Debug/PerceptionMacros.build/DerivedSources-normal/x86_64 -Xcc -I/Users/LL/Library/Developer/Xcode/DerivedData/SwiftUIDemo-gojcpzimnqflprcfscrvxatszhih/Build/Intermediates.noindex/swift-perception.build/Debug/PerceptionMacros.build/DerivedSources/x86_64 -Xcc -I/Users/LL/Library/Developer/Xcode/DerivedData/SwiftUIDemo-gojcpzimnqflprcfscrvxatszhih/Build/Intermediates.noindex/swift-perception.build/Debug/PerceptionMacros.build/DerivedSources -Xcc -DSWIFT_PACKAGE -Xcc -DDEBUG\=1 -working-directory /Users/LL/Documents/wordspace/SwiftUIImprove/SwiftUIDemo/SwiftUIDemo.xcodeproj -experimental-emit-module-separately -disable-cmo

Copy /Users/LL/Library/Developer/Xcode/DerivedData/SwiftUIDemo-gojcpzimnqflprcfscrvxatszhih/Build/Products/Debug/DependenciesMacrosPlugin.swiftmodule/Project/x86_64-apple-macos.swiftsourceinfo /Users/LL/Library/Developer/Xcode/DerivedData/SwiftUIDemo-gojcpzimnqflprcfscrvxatszhih/Build/Intermediates.noindex/swift-dependencies.build/Debug/DependenciesMacrosPlugin.build/Objects-normal/x86_64/DependenciesMacrosPlugin.swiftsourceinfo (in target 'DependenciesMacrosPlugin' from project 'swift-dependencies')
    cd /Users/LL/Library/Developer/Xcode/DerivedData/SwiftUIDemo-gojcpzimnqflprcfscrvxatszhih/SourcePackages/checkouts/swift-dependencies
    builtin-copy -exclude .DS_Store -exclude CVS -exclude .svn -exclude .git -exclude .hg -resolve-src-symlinks -rename /Users/LL/Library/Developer/Xcode/DerivedData/SwiftUIDemo-gojcpzimnqflprcfscrvxatszhih/Build/Intermediates.noindex/swift-dependencies.build/Debug/DependenciesMacrosPlugin.build/Objects-normal/x86_64/DependenciesMacrosPlugin.swiftsourceinfo /Users/LL/Library/Developer/Xcode/DerivedData/SwiftUIDemo-gojcpzimnqflprcfscrvxatszhih/Build/Products/Debug/DependenciesMacrosPlugin.swiftmodule/Project/x86_64-apple-macos.swiftsourceinfo

Copy /Users/LL/Library/Developer/Xcode/DerivedData/SwiftUIDemo-gojcpzimnqflprcfscrvxatszhih/Build/Products/Debug/CasePathsMacros.swiftmodule/x86_64-apple-macos.swiftmodule /Users/LL/Library/Developer/Xcode/DerivedData/SwiftUIDemo-gojcpzimnqflprcfscrvxatszhih/Build/Intermediates.noindex/swift-case-paths.build/Debug/CasePathsMacros.build/Objects-normal/x86_64/CasePathsMacros.swiftmodule (in target 'CasePathsMacros' from project 'swift-case-paths')
    cd /Users/LL/Library/Developer/Xcode/DerivedData/SwiftUIDemo-gojcpzimnqflprcfscrvxatszhih/SourcePackages/checkouts/swift-case-paths
    builtin-copy -exclude .DS_Store -exclude CVS -exclude .svn -exclude .git -exclude .hg -resolve-src-symlinks -rename /Users/LL/Library/Developer/Xcode/DerivedData/SwiftUIDemo-gojcpzimnqflprcfscrvxatszhih/Build/Intermediates.noindex/swift-case-paths.build/Debug/CasePathsMacros.build/Objects-normal/x86_64/CasePathsMacros.swiftmodule /Users/LL/Library/Developer/Xcode/DerivedData/SwiftUIDemo-gojcpzimnqflprcfscrvxatszhih/Build/Products/Debug/CasePathsMacros.swiftmodule/x86_64-apple-macos.swiftmodule

Copy /Users/LL/Library/Developer/Xcode/DerivedData/SwiftUIDemo-gojcpzimnqflprcfscrvxatszhih/Build/Products/Debug/PerceptionMacros.swiftmodule/x86_64-apple-macos.swiftmodule /Users/LL/Library/Developer/Xcode/DerivedData/SwiftUIDemo-gojcpzimnqflprcfscrvxatszhih/Build/Intermediates.noindex/swift-perception.build/Debug/PerceptionMacros.build/Objects-normal/x86_64/PerceptionMacros.swiftmodule (in target 'PerceptionMacros' from project 'swift-perception')
    cd /Users/LL/Library/Developer/Xcode/DerivedData/SwiftUIDemo-gojcpzimnqflprcfscrvxatszhih/SourcePackages/checkouts/swift-perception
    builtin-copy -exclude .DS_Store -exclude CVS -exclude .svn -exclude .git -exclude .hg -resolve-src-symlinks -rename /Users/LL/Library/Developer/Xcode/DerivedData/SwiftUIDemo-gojcpzimnqflprcfscrvxatszhih/Build/Intermediates.noindex/swift-perception.build/Debug/PerceptionMacros.build/Objects-normal/x86_64/PerceptionMacros.swiftmodule /Users/LL/Library/Developer/Xcode/DerivedData/SwiftUIDemo-gojcpzimnqflprcfscrvxatszhih/Build/Products/Debug/PerceptionMacros.swiftmodule/x86_64-apple-macos.swiftmodule

Copy /Users/LL/Library/Developer/Xcode/DerivedData/SwiftUIDemo-gojcpzimnqflprcfscrvxatszhih/Build/Products/Debug/PerceptionMacros.swiftmodule/x86_64-apple-macos.swiftdoc /Users/LL/Library/Developer/Xcode/DerivedData/SwiftUIDemo-gojcpzimnqflprcfscrvxatszhih/Build/Intermediates.noindex/swift-perception.build/Debug/PerceptionMacros.build/Objects-normal/x86_64/PerceptionMacros.swiftdoc (in target 'PerceptionMacros' from project 'swift-perception')
    cd /Users/LL/Library/Developer/Xcode/DerivedData/SwiftUIDemo-gojcpzimnqflprcfscrvxatszhih/SourcePackages/checkouts/swift-perception
    builtin-copy -exclude .DS_Store -exclude CVS -exclude .svn -exclude .git -exclude .hg -resolve-src-symlinks -rename /Users/LL/Library/Developer/Xcode/DerivedData/SwiftUIDemo-gojcpzimnqflprcfscrvxatszhih/Build/Intermediates.noindex/swift-perception.build/Debug/PerceptionMacros.build/Objects-normal/x86_64/PerceptionMacros.swiftdoc /Users/LL/Library/Developer/Xcode/DerivedData/SwiftUIDemo-gojcpzimnqflprcfscrvxatszhih/Build/Products/Debug/PerceptionMacros.swiftmodule/x86_64-apple-macos.swiftdoc

Copy /Users/LL/Library/Developer/Xcode/DerivedData/SwiftUIDemo-gojcpzimnqflprcfscrvxatszhih/Build/Products/Debug/PerceptionMacros.swiftmodule/x86_64-apple-macos.abi.json /Users/LL/Library/Developer/Xcode/DerivedData/SwiftUIDemo-gojcpzimnqflprcfscrvxatszhih/Build/Intermediates.noindex/swift-perception.build/Debug/PerceptionMacros.build/Objects-normal/x86_64/PerceptionMacros.abi.json (in target 'PerceptionMacros' from project 'swift-perception')
    cd /Users/LL/Library/Developer/Xcode/DerivedData/SwiftUIDemo-gojcpzimnqflprcfscrvxatszhih/SourcePackages/checkouts/swift-perception
    builtin-copy -exclude .DS_Store -exclude CVS -exclude .svn -exclude .git -exclude .hg -resolve-src-symlinks -rename /Users/LL/Library/Developer/Xcode/DerivedData/SwiftUIDemo-gojcpzimnqflprcfscrvxatszhih/Build/Intermediates.noindex/swift-perception.build/Debug/PerceptionMacros.build/Objects-normal/x86_64/PerceptionMacros.abi.json /Users/LL/Library/Developer/Xcode/DerivedData/SwiftUIDemo-gojcpzimnqflprcfscrvxatszhih/Build/Products/Debug/PerceptionMacros.swiftmodule/x86_64-apple-macos.abi.json

Copy /Users/LL/Library/Developer/Xcode/DerivedData/SwiftUIDemo-gojcpzimnqflprcfscrvxatszhih/Build/Products/Debug/PerceptionMacros.swiftmodule/Project/x86_64-apple-macos.swiftsourceinfo /Users/LL/Library/Developer/Xcode/DerivedData/SwiftUIDemo-gojcpzimnqflprcfscrvxatszhih/Build/Intermediates.noindex/swift-perception.build/Debug/PerceptionMacros.build/Objects-normal/x86_64/PerceptionMacros.swiftsourceinfo (in target 'PerceptionMacros' from project 'swift-perception')
    cd /Users/LL/Library/Developer/Xcode/DerivedData/SwiftUIDemo-gojcpzimnqflprcfscrvxatszhih/SourcePackages/checkouts/swift-perception
    builtin-copy -exclude .DS_Store -exclude CVS -exclude .svn -exclude .git -exclude .hg -resolve-src-symlinks -rename /Users/LL/Library/Developer/Xcode/DerivedData/SwiftUIDemo-gojcpzimnqflprcfscrvxatszhih/Build/Intermediates.noindex/swift-perception.build/Debug/PerceptionMacros.build/Objects-normal/x86_64/PerceptionMacros.swiftsourceinfo /Users/LL/Library/Developer/Xcode/DerivedData/SwiftUIDemo-gojcpzimnqflprcfscrvxatszhih/Build/Products/Debug/PerceptionMacros.swiftmodule/Project/x86_64-apple-macos.swiftsourceinfo

Copy /Users/LL/Library/Developer/Xcode/DerivedData/SwiftUIDemo-gojcpzimnqflprcfscrvxatszhih/Build/Products/Debug/CasePathsMacros.swiftmodule/x86_64-apple-macos.swiftdoc /Users/LL/Library/Developer/Xcode/DerivedData/SwiftUIDemo-gojcpzimnqflprcfscrvxatszhih/Build/Intermediates.noindex/swift-case-paths.build/Debug/CasePathsMacros.build/Objects-normal/x86_64/CasePathsMacros.swiftdoc (in target 'CasePathsMacros' from project 'swift-case-paths')
    cd /Users/LL/Library/Developer/Xcode/DerivedData/SwiftUIDemo-gojcpzimnqflprcfscrvxatszhih/SourcePackages/checkouts/swift-case-paths
    builtin-copy -exclude .DS_Store -exclude CVS -exclude .svn -exclude .git -exclude .hg -resolve-src-symlinks -rename /Users/LL/Library/Developer/Xcode/DerivedData/SwiftUIDemo-gojcpzimnqflprcfscrvxatszhih/Build/Intermediates.noindex/swift-case-paths.build/Debug/CasePathsMacros.build/Objects-normal/x86_64/CasePathsMacros.swiftdoc /Users/LL/Library/Developer/Xcode/DerivedData/SwiftUIDemo-gojcpzimnqflprcfscrvxatszhih/Build/Products/Debug/CasePathsMacros.swiftmodule/x86_64-apple-macos.swiftdoc

Copy /Users/LL/Library/Developer/Xcode/DerivedData/SwiftUIDemo-gojcpzimnqflprcfscrvxatszhih/Build/Products/Debug/CasePathsMacros.swiftmodule/x86_64-apple-macos.abi.json /Users/LL/Library/Developer/Xcode/DerivedData/SwiftUIDemo-gojcpzimnqflprcfscrvxatszhih/Build/Intermediates.noindex/swift-case-paths.build/Debug/CasePathsMacros.build/Objects-normal/x86_64/CasePathsMacros.abi.json (in target 'CasePathsMacros' from project 'swift-case-paths')
    cd /Users/LL/Library/Developer/Xcode/DerivedData/SwiftUIDemo-gojcpzimnqflprcfscrvxatszhih/SourcePackages/checkouts/swift-case-paths
    builtin-copy -exclude .DS_Store -exclude CVS -exclude .svn -exclude .git -exclude .hg -resolve-src-symlinks -rename /Users/LL/Library/Developer/Xcode/DerivedData/SwiftUIDemo-gojcpzimnqflprcfscrvxatszhih/Build/Intermediates.noindex/swift-case-paths.build/Debug/CasePathsMacros.build/Objects-normal/x86_64/CasePathsMacros.abi.json /Users/LL/Library/Developer/Xcode/DerivedData/SwiftUIDemo-gojcpzimnqflprcfscrvxatszhih/Build/Products/Debug/CasePathsMacros.swiftmodule/x86_64-apple-macos.abi.json

Copy /Users/LL/Library/Developer/Xcode/DerivedData/SwiftUIDemo-gojcpzimnqflprcfscrvxatszhih/Build/Products/Debug/CasePathsMacros.swiftmodule/Project/x86_64-apple-macos.swiftsourceinfo /Users/LL/Library/Developer/Xcode/DerivedData/SwiftUIDemo-gojcpzimnqflprcfscrvxatszhih/Build/Intermediates.noindex/swift-case-paths.build/Debug/CasePathsMacros.build/Objects-normal/x86_64/CasePathsMacros.swiftsourceinfo (in target 'CasePathsMacros' from project 'swift-case-paths')
    cd /Users/LL/Library/Developer/Xcode/DerivedData/SwiftUIDemo-gojcpzimnqflprcfscrvxatszhih/SourcePackages/checkouts/swift-case-paths
    builtin-copy -exclude .DS_Store -exclude CVS -exclude .svn -exclude .git -exclude .hg -resolve-src-symlinks -rename /Users/LL/Library/Developer/Xcode/DerivedData/SwiftUIDemo-gojcpzimnqflprcfscrvxatszhih/Build/Intermediates.noindex/swift-case-paths.build/Debug/CasePathsMacros.build/Objects-normal/x86_64/CasePathsMacros.swiftsourceinfo /Users/LL/Library/Developer/Xcode/DerivedData/SwiftUIDemo-gojcpzimnqflprcfscrvxatszhih/Build/Products/Debug/CasePathsMacros.swiftmodule/Project/x86_64-apple-macos.swiftsourceinfo

SwiftCompile normal x86_64 Compiling\ Support.swift /Users/LL/Library/Developer/Xcode/DerivedData/SwiftUIDemo-gojcpzimnqflprcfscrvxatszhih/SourcePackages/checkouts/swift-dependencies/Sources/DependenciesMacrosPlugin/Support.swift (in target 'DependenciesMacrosPlugin' from project 'swift-dependencies')

SwiftCompile normal x86_64 /Users/LL/Library/Developer/Xcode/DerivedData/SwiftUIDemo-gojcpzimnqflprcfscrvxatszhih/SourcePackages/checkouts/swift-dependencies/Sources/DependenciesMacrosPlugin/Support.swift (in target 'DependenciesMacrosPlugin' from project 'swift-dependencies')
    cd /Users/LL/Documents/wordspace/SwiftUIImprove/SwiftUIDemo/SwiftUIDemo.xcodeproj
    

SwiftCompile normal x86_64 Compiling\ Plugins.swift /Users/LL/Library/Developer/Xcode/DerivedData/SwiftUIDemo-gojcpzimnqflprcfscrvxatszhih/SourcePackages/checkouts/swift-dependencies/Sources/DependenciesMacrosPlugin/Plugins.swift (in target 'DependenciesMacrosPlugin' from project 'swift-dependencies')

SwiftCompile normal x86_64 /Users/LL/Library/Developer/Xcode/DerivedData/SwiftUIDemo-gojcpzimnqflprcfscrvxatszhih/SourcePackages/checkouts/swift-dependencies/Sources/DependenciesMacrosPlugin/Plugins.swift (in target 'DependenciesMacrosPlugin' from project 'swift-dependencies')
    cd /Users/LL/Documents/wordspace/SwiftUIImprove/SwiftUIDemo/SwiftUIDemo.xcodeproj
    

SwiftCompile normal x86_64 Compiling\ Availability.swift /Users/LL/Library/Developer/Xcode/DerivedData/SwiftUIDemo-gojcpzimnqflprcfscrvxatszhih/SourcePackages/checkouts/swift-composable-architecture/Sources/ComposableArchitectureMacros/Availability.swift (in target 'ComposableArchitectureMacros' from project 'swift-composable-architecture')

SwiftCompile normal x86_64 /Users/LL/Library/Developer/Xcode/DerivedData/SwiftUIDemo-gojcpzimnqflprcfscrvxatszhih/SourcePackages/checkouts/swift-composable-architecture/Sources/ComposableArchitectureMacros/Availability.swift (in target 'ComposableArchitectureMacros' from project 'swift-composable-architecture')
    cd /Users/LL/Documents/wordspace/SwiftUIImprove/SwiftUIDemo/SwiftUIDemo.xcodeproj
    

SwiftDriverJobDiscovery normal x86_64 Compiling Plugins.swift (in target 'PerceptionMacros' from project 'swift-perception')

SwiftCompile normal x86_64 Compiling\ ReducerMacro.swift /Users/LL/Library/Developer/Xcode/DerivedData/SwiftUIDemo-gojcpzimnqflprcfscrvxatszhih/SourcePackages/checkouts/swift-composable-architecture/Sources/ComposableArchitectureMacros/ReducerMacro.swift (in target 'ComposableArchitectureMacros' from project 'swift-composable-architecture')
SwiftCompile normal x86_64 /Users/LL/Library/Developer/Xcode/DerivedData/SwiftUIDemo-gojcpzimnqflprcfscrvxatszhih/SourcePackages/checkouts/swift-composable-architecture/Sources/ComposableArchitectureMacros/ReducerMacro.swift (in target 'ComposableArchitectureMacros' from project 'swift-composable-architecture')
    cd /Users/LL/Documents/wordspace/SwiftUIImprove/SwiftUIDemo/SwiftUIDemo.xcodeproj
    

SwiftDriverJobDiscovery normal x86_64 Compiling Availability.swift (in target 'PerceptionMacros' from project 'swift-perception')

SwiftCompile normal x86_64 Compiling\ ViewActionMacro.swift /Users/LL/Library/Developer/Xcode/DerivedData/SwiftUIDemo-gojcpzimnqflprcfscrvxatszhih/SourcePackages/checkouts/swift-composable-architecture/Sources/ComposableArchitectureMacros/ViewActionMacro.swift (in target 'ComposableArchitectureMacros' from project 'swift-composable-architecture')

SwiftCompile normal x86_64 /Users/LL/Library/Developer/Xcode/DerivedData/SwiftUIDemo-gojcpzimnqflprcfscrvxatszhih/SourcePackages/checkouts/swift-composable-architecture/Sources/ComposableArchitectureMacros/ViewActionMacro.swift (in target 'ComposableArchitectureMacros' from project 'swift-composable-architecture')
    cd /Users/LL/Documents/wordspace/SwiftUIImprove/SwiftUIDemo/SwiftUIDemo.xcodeproj
    

SwiftDriverJobDiscovery normal x86_64 Compiling Plugins.swift (in target 'DependenciesMacrosPlugin' from project 'swift-dependencies')

SwiftCompile normal x86_64 Compiling\ Extensions.swift /Users/LL/Library/Developer/Xcode/DerivedData/SwiftUIDemo-gojcpzimnqflprcfscrvxatszhih/SourcePackages/checkouts/swift-composable-architecture/Sources/ComposableArchitectureMacros/Extensions.swift (in target 'ComposableArchitectureMacros' from project 'swift-composable-architecture')

SwiftCompile normal x86_64 /Users/LL/Library/Developer/Xcode/DerivedData/SwiftUIDemo-gojcpzimnqflprcfscrvxatszhih/SourcePackages/checkouts/swift-composable-architecture/Sources/ComposableArchitectureMacros/Extensions.swift (in target 'ComposableArchitectureMacros' from project 'swift-composable-architecture')
    cd /Users/LL/Documents/wordspace/SwiftUIImprove/SwiftUIDemo/SwiftUIDemo.xcodeproj
    

SwiftDriverJobDiscovery normal x86_64 Compiling Extensions.swift (in target 'PerceptionMacros' from project 'swift-perception')

SwiftCompile normal x86_64 Compiling\ ObservableStateMacro.swift /Users/LL/Library/Developer/Xcode/DerivedData/SwiftUIDemo-gojcpzimnqflprcfscrvxatszhih/SourcePackages/checkouts/swift-composable-architecture/Sources/ComposableArchitectureMacros/ObservableStateMacro.swift (in target 'ComposableArchitectureMacros' from project 'swift-composable-architecture')

SwiftCompile normal x86_64 /Users/LL/Library/Developer/Xcode/DerivedData/SwiftUIDemo-gojcpzimnqflprcfscrvxatszhih/SourcePackages/checkouts/swift-composable-architecture/Sources/ComposableArchitectureMacros/ObservableStateMacro.swift (in target 'ComposableArchitectureMacros' from project 'swift-composable-architecture')
    cd /Users/LL/Documents/wordspace/SwiftUIImprove/SwiftUIDemo/SwiftUIDemo.xcodeproj
    

SwiftDriverJobDiscovery normal x86_64 Emitting module for ComposableArchitectureMacros (in target 'ComposableArchitectureMacros' from project 'swift-composable-architecture')

SwiftDriver\ Compilation\ Requirements ComposableArchitectureMacros normal x86_64 com.apple.xcode.tools.swift.compiler (in target 'ComposableArchitectureMacros' from project 'swift-composable-architecture')
    cd /Users/LL/Documents/wordspace/SwiftUIImprove/SwiftUIDemo/SwiftUIDemo.xcodeproj
    builtin-Swift-Compilation-Requirements -- /Applications/Xcode.app/Contents/Developer/Toolchains/XcodeDefault.xctoolchain/usr/bin/swiftc -module-name ComposableArchitectureMacros -Onone -enforce-exclusivity\=checked @/Users/LL/Library/Developer/Xcode/DerivedData/SwiftUIDemo-gojcpzimnqflprcfscrvxatszhih/Build/Intermediates.noindex/swift-composable-architecture.build/Debug/ComposableArchitectureMacros.build/Objects-normal/x86_64/ComposableArchitectureMacros.SwiftFileList -DSWIFT_PACKAGE -DDEBUG -DXcode -enable-upcoming-feature ExistentialAny -plugin-path /Applications/Xcode.app/Contents/Developer/Toolchains/XcodeDefault.xctoolchain/usr/lib/swift/host/plugins/testing -enable-experimental-feature DebugDescriptionMacro -sdk /Applications/Xcode.app/Contents/Developer/Platforms/MacOSX.platform/Developer/SDKs/MacOSX15.4.sdk -target x86_64-apple-macos10.15 -g -module-cache-path /Users/LL/Library/Developer/Xcode/DerivedData/ModuleCache.noindex -Xfrontend -serialize-debugging-options -profile-coverage-mapping -profile-generate -enable-testing -suppress-warnings -index-store-path /Users/LL/Library/Developer/Xcode/DerivedData/SwiftUIDemo-gojcpzimnqflprcfscrvxatszhih/Index.noindex/DataStore -swift-version 6 -I /Users/LL/Library/Developer/Xcode/DerivedData/SwiftUIDemo-gojcpzimnqflprcfscrvxatszhih/Build/Products/Debug -I /Applications/Xcode.app/Contents/Developer/Platforms/MacOSX.platform/Developer/usr/lib -F /Users/LL/Library/Developer/Xcode/DerivedData/SwiftUIDemo-gojcpzimnqflprcfscrvxatszhih/Build/Products/Debug/PackageFrameworks -F /Users/LL/Library/Developer/Xcode/DerivedData/SwiftUIDemo-gojcpzimnqflprcfscrvxatszhih/Build/Products/Debug/PackageFrameworks -F /Users/LL/Library/Developer/Xcode/DerivedData/SwiftUIDemo-gojcpzimnqflprcfscrvxatszhih/Build/Products/Debug/PackageFrameworks -F /Users/LL/Library/Developer/Xcode/DerivedData/SwiftUIDemo-gojcpzimnqflprcfscrvxatszhih/Build/Products/Debug/PackageFrameworks -F /Users/LL/Library/Developer/Xcode/DerivedData/SwiftUIDemo-gojcpzimnqflprcfscrvxatszhih/Build/Products/Debug/PackageFrameworks -F /Users/LL/Library/Developer/Xcode/DerivedData/SwiftUIDemo-gojcpzimnqflprcfscrvxatszhih/Build/Products/Debug/PackageFrameworks -F /Users/LL/Library/Developer/Xcode/DerivedData/SwiftUIDemo-gojcpzimnqflprcfscrvxatszhih/Build/Products/Debug/PackageFrameworks -F /Users/LL/Library/Developer/Xcode/DerivedData/SwiftUIDemo-gojcpzimnqflprcfscrvxatszhih/Build/Products/Debug/PackageFrameworks -F /Users/LL/Library/Developer/Xcode/DerivedData/SwiftUIDemo-gojcpzimnqflprcfscrvxatszhih/Build/Products/Debug/PackageFrameworks -F /Users/LL/Library/Developer/Xcode/DerivedData/SwiftUIDemo-gojcpzimnqflprcfscrvxatszhih/Build/Products/Debug/PackageFrameworks -F /Users/LL/Library/Developer/Xcode/DerivedData/SwiftUIDemo-gojcpzimnqflprcfscrvxatszhih/Build/Products/Debug/PackageFrameworks -F /Users/LL/Library/Developer/Xcode/DerivedData/SwiftUIDemo-gojcpzimnqflprcfscrvxatszhih/Build/Products/Debug/PackageFrameworks -F /Users/LL/Library/Developer/Xcode/DerivedData/SwiftUIDemo-gojcpzimnqflprcfscrvxatszhih/Build/Products/Debug/PackageFrameworks -F /Users/LL/Library/Developer/Xcode/DerivedData/SwiftUIDemo-gojcpzimnqflprcfscrvxatszhih/Build/Products/Debug/PackageFrameworks -F /Users/LL/Library/Developer/Xcode/DerivedData/SwiftUIDemo-gojcpzimnqflprcfscrvxatszhih/Build/Products/Debug/PackageFrameworks -F /Users/LL/Library/Developer/Xcode/DerivedData/SwiftUIDemo-gojcpzimnqflprcfscrvxatszhih/Build/Products/Debug/PackageFrameworks -F /Users/LL/Library/Developer/Xcode/DerivedData/SwiftUIDemo-gojcpzimnqflprcfscrvxatszhih/Build/Products/Debug -F /Applications/Xcode.app/Contents/Developer/Platforms/MacOSX.platform/Developer/Library/Frameworks -c -j10 -enable-batch-mode -incremental -Xcc -ivfsstatcache -Xcc /Users/LL/Library/Developer/Xcode/DerivedData/SDKStatCaches.noindex/macosx15.4-24E241-88b860576fb364319593bd8fb30666b0.sdkstatcache -output-file-map /Users/LL/Library/Developer/Xcode/DerivedData/SwiftUIDemo-gojcpzimnqflprcfscrvxatszhih/Build/Intermediates.noindex/swift-composable-architecture.build/Debug/ComposableArchitectureMacros.build/Objects-normal/x86_64/ComposableArchitectureMacros-OutputFileMap.json -use-frontend-parseable-output -save-temps -no-color-diagnostics -serialize-diagnostics -emit-dependencies -emit-module -emit-module-path /Users/LL/Library/Developer/Xcode/DerivedData/SwiftUIDemo-gojcpzimnqflprcfscrvxatszhih/Build/Intermediates.noindex/swift-composable-architecture.build/Debug/ComposableArchitectureMacros.build/Objects-normal/x86_64/ComposableArchitectureMacros.swiftmodule -user-module-version 1.22.2 -validate-clang-modules-once -clang-build-session-file /Users/LL/Library/Developer/Xcode/DerivedData/ModuleCache.noindex/Session.modulevalidation -package-name swift_composable_architecture -emit-const-values -Xfrontend -const-gather-protocols-file -Xfrontend /Users/LL/Library/Developer/Xcode/DerivedData/SwiftUIDemo-gojcpzimnqflprcfscrvxatszhih/Build/Intermediates.noindex/swift-composable-architecture.build/Debug/ComposableArchitectureMacros.build/Objects-normal/x86_64/ComposableArchitectureMacros_const_extract_protocols.json -Xcc -I/Users/LL/Library/Developer/Xcode/DerivedData/SwiftUIDemo-gojcpzimnqflprcfscrvxatszhih/SourcePackages/checkouts/swift-syntax/Sources/_SwiftSyntaxCShims/include -Xcc -I/Users/LL/Library/Developer/Xcode/DerivedData/SwiftUIDemo-gojcpzimnqflprcfscrvxatszhih/Build/Products/Debug/include -Xcc -I/Users/LL/Library/Developer/Xcode/DerivedData/SwiftUIDemo-gojcpzimnqflprcfscrvxatszhih/Build/Intermediates.noindex/swift-composable-architecture.build/Debug/ComposableArchitectureMacros.build/DerivedSources-normal/x86_64 -Xcc -I/Users/LL/Library/Developer/Xcode/DerivedData/SwiftUIDemo-gojcpzimnqflprcfscrvxatszhih/Build/Intermediates.noindex/swift-composable-architecture.build/Debug/ComposableArchitectureMacros.build/DerivedSources/x86_64 -Xcc -I/Users/LL/Library/Developer/Xcode/DerivedData/SwiftUIDemo-gojcpzimnqflprcfscrvxatszhih/Build/Intermediates.noindex/swift-composable-architecture.build/Debug/ComposableArchitectureMacros.build/DerivedSources -Xcc -DSWIFT_PACKAGE -Xcc -DDEBUG\=1 -working-directory /Users/LL/Documents/wordspace/SwiftUIImprove/SwiftUIDemo/SwiftUIDemo.xcodeproj -experimental-emit-module-separately -disable-cmo

SwiftDriverJobDiscovery normal x86_64 Compiling DependencyClientMacro.swift (in target 'DependenciesMacrosPlugin' from project 'swift-dependencies')

SwiftCompile normal x86_64 Compiling\ Plugins.swift /Users/LL/Library/Developer/Xcode/DerivedData/SwiftUIDemo-gojcpzimnqflprcfscrvxatszhih/SourcePackages/checkouts/swift-composable-architecture/Sources/ComposableArchitectureMacros/Plugins.swift (in target 'ComposableArchitectureMacros' from project 'swift-composable-architecture')

SwiftCompile normal x86_64 /Users/LL/Library/Developer/Xcode/DerivedData/SwiftUIDemo-gojcpzimnqflprcfscrvxatszhih/SourcePackages/checkouts/swift-composable-architecture/Sources/ComposableArchitectureMacros/Plugins.swift (in target 'ComposableArchitectureMacros' from project 'swift-composable-architecture')
    cd /Users/LL/Documents/wordspace/SwiftUIImprove/SwiftUIDemo/SwiftUIDemo.xcodeproj
    

Copy /Users/LL/Library/Developer/Xcode/DerivedData/SwiftUIDemo-gojcpzimnqflprcfscrvxatszhih/Build/Products/Debug/ComposableArchitectureMacros.swiftmodule/x86_64-apple-macos.swiftmodule /Users/LL/Library/Developer/Xcode/DerivedData/SwiftUIDemo-gojcpzimnqflprcfscrvxatszhih/Build/Intermediates.noindex/swift-composable-architecture.build/Debug/ComposableArchitectureMacros.build/Objects-normal/x86_64/ComposableArchitectureMacros.swiftmodule (in target 'ComposableArchitectureMacros' from project 'swift-composable-architecture')
    cd /Users/LL/Library/Developer/Xcode/DerivedData/SwiftUIDemo-gojcpzimnqflprcfscrvxatszhih/SourcePackages/checkouts/swift-composable-architecture
    builtin-copy -exclude .DS_Store -exclude CVS -exclude .svn -exclude .git -exclude .hg -resolve-src-symlinks -rename /Users/LL/Library/Developer/Xcode/DerivedData/SwiftUIDemo-gojcpzimnqflprcfscrvxatszhih/Build/Intermediates.noindex/swift-composable-architecture.build/Debug/ComposableArchitectureMacros.build/Objects-normal/x86_64/ComposableArchitectureMacros.swiftmodule /Users/LL/Library/Developer/Xcode/DerivedData/SwiftUIDemo-gojcpzimnqflprcfscrvxatszhih/Build/Products/Debug/ComposableArchitectureMacros.swiftmodule/x86_64-apple-macos.swiftmodule

SwiftDriverJobDiscovery normal x86_64 Compiling DependencyEndpointMacro.swift (in target 'DependenciesMacrosPlugin' from project 'swift-dependencies')

Copy /Users/LL/Library/Developer/Xcode/DerivedData/SwiftUIDemo-gojcpzimnqflprcfscrvxatszhih/Build/Products/Debug/ComposableArchitectureMacros.swiftmodule/x86_64-apple-macos.swiftdoc /Users/LL/Library/Developer/Xcode/DerivedData/SwiftUIDemo-gojcpzimnqflprcfscrvxatszhih/Build/Intermediates.noindex/swift-composable-architecture.build/Debug/ComposableArchitectureMacros.build/Objects-normal/x86_64/ComposableArchitectureMacros.swiftdoc (in target 'ComposableArchitectureMacros' from project 'swift-composable-architecture')
    cd /Users/LL/Library/Developer/Xcode/DerivedData/SwiftUIDemo-gojcpzimnqflprcfscrvxatszhih/SourcePackages/checkouts/swift-composable-architecture
    builtin-copy -exclude .DS_Store -exclude CVS -exclude .svn -exclude .git -exclude .hg -resolve-src-symlinks -rename /Users/LL/Library/Developer/Xcode/DerivedData/SwiftUIDemo-gojcpzimnqflprcfscrvxatszhih/Build/Intermediates.noindex/swift-composable-architecture.build/Debug/ComposableArchitectureMacros.build/Objects-normal/x86_64/ComposableArchitectureMacros.swiftdoc /Users/LL/Library/Developer/Xcode/DerivedData/SwiftUIDemo-gojcpzimnqflprcfscrvxatszhih/Build/Products/Debug/ComposableArchitectureMacros.swiftmodule/x86_64-apple-macos.swiftdoc

Copy /Users/LL/Library/Developer/Xcode/DerivedData/SwiftUIDemo-gojcpzimnqflprcfscrvxatszhih/Build/Products/Debug/ComposableArchitectureMacros.swiftmodule/x86_64-apple-macos.abi.json /Users/LL/Library/Developer/Xcode/DerivedData/SwiftUIDemo-gojcpzimnqflprcfscrvxatszhih/Build/Intermediates.noindex/swift-composable-architecture.build/Debug/ComposableArchitectureMacros.build/Objects-normal/x86_64/ComposableArchitectureMacros.abi.json (in target 'ComposableArchitectureMacros' from project 'swift-composable-architecture')
    cd /Users/LL/Library/Developer/Xcode/DerivedData/SwiftUIDemo-gojcpzimnqflprcfscrvxatszhih/SourcePackages/checkouts/swift-composable-architecture
    builtin-copy -exclude .DS_Store -exclude CVS -exclude .svn -exclude .git -exclude .hg -resolve-src-symlinks -rename /Users/LL/Library/Developer/Xcode/DerivedData/SwiftUIDemo-gojcpzimnqflprcfscrvxatszhih/Build/Intermediates.noindex/swift-composable-architecture.build/Debug/ComposableArchitectureMacros.build/Objects-normal/x86_64/ComposableArchitectureMacros.abi.json /Users/LL/Library/Developer/Xcode/DerivedData/SwiftUIDemo-gojcpzimnqflprcfscrvxatszhih/Build/Products/Debug/ComposableArchitectureMacros.swiftmodule/x86_64-apple-macos.abi.json

SwiftDriverJobDiscovery normal x86_64 Compiling Availability.swift (in target 'ComposableArchitectureMacros' from project 'swift-composable-architecture')

Copy /Users/LL/Library/Developer/Xcode/DerivedData/SwiftUIDemo-gojcpzimnqflprcfscrvxatszhih/Build/Products/Debug/ComposableArchitectureMacros.swiftmodule/Project/x86_64-apple-macos.swiftsourceinfo /Users/LL/Library/Developer/Xcode/DerivedData/SwiftUIDemo-gojcpzimnqflprcfscrvxatszhih/Build/Intermediates.noindex/swift-composable-architecture.build/Debug/ComposableArchitectureMacros.build/Objects-normal/x86_64/ComposableArchitectureMacros.swiftsourceinfo (in target 'ComposableArchitectureMacros' from project 'swift-composable-architecture')
    cd /Users/LL/Library/Developer/Xcode/DerivedData/SwiftUIDemo-gojcpzimnqflprcfscrvxatszhih/SourcePackages/checkouts/swift-composable-architecture
    builtin-copy -exclude .DS_Store -exclude CVS -exclude .svn -exclude .git -exclude .hg -resolve-src-symlinks -rename /Users/LL/Library/Developer/Xcode/DerivedData/SwiftUIDemo-gojcpzimnqflprcfscrvxatszhih/Build/Intermediates.noindex/swift-composable-architecture.build/Debug/ComposableArchitectureMacros.build/Objects-normal/x86_64/ComposableArchitectureMacros.swiftsourceinfo /Users/LL/Library/Developer/Xcode/DerivedData/SwiftUIDemo-gojcpzimnqflprcfscrvxatszhih/Build/Products/Debug/ComposableArchitectureMacros.swiftmodule/Project/x86_64-apple-macos.swiftsourceinfo

SwiftCompile normal x86_64 Compiling\ PresentsMacro.swift /Users/LL/Library/Developer/Xcode/DerivedData/SwiftUIDemo-gojcpzimnqflprcfscrvxatszhih/SourcePackages/checkouts/swift-composable-architecture/Sources/ComposableArchitectureMacros/PresentsMacro.swift (in target 'ComposableArchitectureMacros' from project 'swift-composable-architecture')

SwiftCompile normal x86_64 /Users/LL/Library/Developer/Xcode/DerivedData/SwiftUIDemo-gojcpzimnqflprcfscrvxatszhih/SourcePackages/checkouts/swift-composable-architecture/Sources/ComposableArchitectureMacros/PresentsMacro.swift (in target 'ComposableArchitectureMacros' from project 'swift-composable-architecture')
    cd /Users/LL/Documents/wordspace/SwiftUIImprove/SwiftUIDemo/SwiftUIDemo.xcodeproj
    

SwiftCompile normal x86_64 Compiling\ Plugin.swift /Users/LL/Library/Developer/Xcode/DerivedData/SwiftUIDemo-gojcpzimnqflprcfscrvxatszhih/SourcePackages/checkouts/swift-case-paths/Sources/CasePathsMacros/Plugin.swift (in target 'CasePathsMacros' from project 'swift-case-paths')

SwiftCompile normal x86_64 /Users/LL/Library/Developer/Xcode/DerivedData/SwiftUIDemo-gojcpzimnqflprcfscrvxatszhih/SourcePackages/checkouts/swift-case-paths/Sources/CasePathsMacros/Plugin.swift (in target 'CasePathsMacros' from project 'swift-case-paths')
    cd /Users/LL/Documents/wordspace/SwiftUIImprove/SwiftUIDemo/SwiftUIDemo.xcodeproj
    

SwiftDriverJobDiscovery normal x86_64 Compiling PerceptibleMacro.swift (in target 'PerceptionMacros' from project 'swift-perception')

SwiftDriver\ Compilation PerceptionMacros normal x86_64 com.apple.xcode.tools.swift.compiler (in target 'PerceptionMacros' from project 'swift-perception')
    cd /Users/LL/Documents/wordspace/SwiftUIImprove/SwiftUIDemo/SwiftUIDemo.xcodeproj
    builtin-Swift-Compilation -- /Applications/Xcode.app/Contents/Developer/Toolchains/XcodeDefault.xctoolchain/usr/bin/swiftc -module-name PerceptionMacros -Onone -enforce-exclusivity\=checked @/Users/LL/Library/Developer/Xcode/DerivedData/SwiftUIDemo-gojcpzimnqflprcfscrvxatszhih/Build/Intermediates.noindex/swift-perception.build/Debug/PerceptionMacros.build/Objects-normal/x86_64/PerceptionMacros.SwiftFileList -DSWIFT_PACKAGE -DDEBUG -DXcode -plugin-path /Applications/Xcode.app/Contents/Developer/Toolchains/XcodeDefault.xctoolchain/usr/lib/swift/host/plugins/testing -enable-experimental-feature DebugDescriptionMacro -sdk /Applications/Xcode.app/Contents/Developer/Platforms/MacOSX.platform/Developer/SDKs/MacOSX15.4.sdk -target x86_64-apple-macos10.15 -g -module-cache-path /Users/LL/Library/Developer/Xcode/DerivedData/ModuleCache.noindex -Xfrontend -serialize-debugging-options -profile-coverage-mapping -profile-generate -enable-testing -suppress-warnings -index-store-path /Users/LL/Library/Developer/Xcode/DerivedData/SwiftUIDemo-gojcpzimnqflprcfscrvxatszhih/Index.noindex/DataStore -swift-version 5 -I /Users/LL/Library/Developer/Xcode/DerivedData/SwiftUIDemo-gojcpzimnqflprcfscrvxatszhih/Build/Products/Debug -I /Applications/Xcode.app/Contents/Developer/Platforms/MacOSX.platform/Developer/usr/lib -F /Users/LL/Library/Developer/Xcode/DerivedData/SwiftUIDemo-gojcpzimnqflprcfscrvxatszhih/Build/Products/Debug/PackageFrameworks -F /Users/LL/Library/Developer/Xcode/DerivedData/SwiftUIDemo-gojcpzimnqflprcfscrvxatszhih/Build/Products/Debug/PackageFrameworks -F /Users/LL/Library/Developer/Xcode/DerivedData/SwiftUIDemo-gojcpzimnqflprcfscrvxatszhih/Build/Products/Debug/PackageFrameworks -F /Users/LL/Library/Developer/Xcode/DerivedData/SwiftUIDemo-gojcpzimnqflprcfscrvxatszhih/Build/Products/Debug/PackageFrameworks -F /Users/LL/Library/Developer/Xcode/DerivedData/SwiftUIDemo-gojcpzimnqflprcfscrvxatszhih/Build/Products/Debug/PackageFrameworks -F /Users/LL/Library/Developer/Xcode/DerivedData/SwiftUIDemo-gojcpzimnqflprcfscrvxatszhih/Build/Products/Debug/PackageFrameworks -F /Users/LL/Library/Developer/Xcode/DerivedData/SwiftUIDemo-gojcpzimnqflprcfscrvxatszhih/Build/Products/Debug/PackageFrameworks -F /Users/LL/Library/Developer/Xcode/DerivedData/SwiftUIDemo-gojcpzimnqflprcfscrvxatszhih/Build/Products/Debug/PackageFrameworks -F /Users/LL/Library/Developer/Xcode/DerivedData/SwiftUIDemo-gojcpzimnqflprcfscrvxatszhih/Build/Products/Debug/PackageFrameworks -F /Users/LL/Library/Developer/Xcode/DerivedData/SwiftUIDemo-gojcpzimnqflprcfscrvxatszhih/Build/Products/Debug/PackageFrameworks -F /Users/LL/Library/Developer/Xcode/DerivedData/SwiftUIDemo-gojcpzimnqflprcfscrvxatszhih/Build/Products/Debug/PackageFrameworks -F /Users/LL/Library/Developer/Xcode/DerivedData/SwiftUIDemo-gojcpzimnqflprcfscrvxatszhih/Build/Products/Debug/PackageFrameworks -F /Users/LL/Library/Developer/Xcode/DerivedData/SwiftUIDemo-gojcpzimnqflprcfscrvxatszhih/Build/Products/Debug/PackageFrameworks -F /Users/LL/Library/Developer/Xcode/DerivedData/SwiftUIDemo-gojcpzimnqflprcfscrvxatszhih/Build/Products/Debug/PackageFrameworks -F /Users/LL/Library/Developer/Xcode/DerivedData/SwiftUIDemo-gojcpzimnqflprcfscrvxatszhih/Build/Products/Debug/PackageFrameworks -F /Users/LL/Library/Developer/Xcode/DerivedData/SwiftUIDemo-gojcpzimnqflprcfscrvxatszhih/Build/Products/Debug/PackageFrameworks -F /Users/LL/Library/Developer/Xcode/DerivedData/SwiftUIDemo-gojcpzimnqflprcfscrvxatszhih/Build/Products/Debug -F /Applications/Xcode.app/Contents/Developer/Platforms/MacOSX.platform/Developer/Library/Frameworks -c -j10 -enable-batch-mode -incremental -Xcc -ivfsstatcache -Xcc /Users/LL/Library/Developer/Xcode/DerivedData/SDKStatCaches.noindex/macosx15.4-24E241-88b860576fb364319593bd8fb30666b0.sdkstatcache -output-file-map /Users/LL/Library/Developer/Xcode/DerivedData/SwiftUIDemo-gojcpzimnqflprcfscrvxatszhih/Build/Intermediates.noindex/swift-perception.build/Debug/PerceptionMacros.build/Objects-normal/x86_64/PerceptionMacros-OutputFileMap.json -use-frontend-parseable-output -save-temps -no-color-diagnostics -serialize-diagnostics -emit-dependencies -emit-module -emit-module-path /Users/LL/Library/Developer/Xcode/DerivedData/SwiftUIDemo-gojcpzimnqflprcfscrvxatszhih/Build/Intermediates.noindex/swift-perception.build/Debug/PerceptionMacros.build/Objects-normal/x86_64/PerceptionMacros.swiftmodule -user-module-version 2.0.7 -validate-clang-modules-once -clang-build-session-file /Users/LL/Library/Developer/Xcode/DerivedData/ModuleCache.noindex/Session.modulevalidation -package-name swift_perception -emit-const-values -Xfrontend -const-gather-protocols-file -Xfrontend /Users/LL/Library/Developer/Xcode/DerivedData/SwiftUIDemo-gojcpzimnqflprcfscrvxatszhih/Build/Intermediates.noindex/swift-perception.build/Debug/PerceptionMacros.build/Objects-normal/x86_64/PerceptionMacros_const_extract_protocols.json -Xcc -I/Users/LL/Library/Developer/Xcode/DerivedData/SwiftUIDemo-gojcpzimnqflprcfscrvxatszhih/SourcePackages/checkouts/swift-syntax/Sources/_SwiftSyntaxCShims/include -Xcc -I/Users/LL/Library/Developer/Xcode/DerivedData/SwiftUIDemo-gojcpzimnqflprcfscrvxatszhih/Build/Products/Debug/include -Xcc -I/Users/LL/Library/Developer/Xcode/DerivedData/SwiftUIDemo-gojcpzimnqflprcfscrvxatszhih/Build/Intermediates.noindex/swift-perception.build/Debug/PerceptionMacros.build/DerivedSources-normal/x86_64 -Xcc -I/Users/LL/Library/Developer/Xcode/DerivedData/SwiftUIDemo-gojcpzimnqflprcfscrvxatszhih/Build/Intermediates.noindex/swift-perception.build/Debug/PerceptionMacros.build/DerivedSources/x86_64 -Xcc -I/Users/LL/Library/Developer/Xcode/DerivedData/SwiftUIDemo-gojcpzimnqflprcfscrvxatszhih/Build/Intermediates.noindex/swift-perception.build/Debug/PerceptionMacros.build/DerivedSources -Xcc -DSWIFT_PACKAGE -Xcc -DDEBUG\=1 -working-directory /Users/LL/Documents/wordspace/SwiftUIImprove/SwiftUIDemo/SwiftUIDemo.xcodeproj -experimental-emit-module-separately -disable-cmo

Ld /Users/LL/Library/Developer/Xcode/DerivedData/SwiftUIDemo-gojcpzimnqflprcfscrvxatszhih/Build/Products/Debug/PerceptionMacros normal (in target 'PerceptionMacros' from project 'swift-perception')
    cd /Users/LL/Library/Developer/Xcode/DerivedData/SwiftUIDemo-gojcpzimnqflprcfscrvxatszhih/SourcePackages/checkouts/swift-perception
    /Applications/Xcode.app/Contents/Developer/Toolchains/XcodeDefault.xctoolchain/usr/bin/clang -Xlinker -reproducible -target x86_64-apple-macos10.15 -isysroot /Applications/Xcode.app/Contents/Developer/Platforms/MacOSX.platform/Developer/SDKs/MacOSX15.4.sdk -O0 -w -L/Users/LL/Library/Developer/Xcode/DerivedData/SwiftUIDemo-gojcpzimnqflprcfscrvxatszhih/Build/Intermediates.noindex/EagerLinkingTBDs/Debug -L/Users/LL/Library/Developer/Xcode/DerivedData/SwiftUIDemo-gojcpzimnqflprcfscrvxatszhih/Build/Products/Debug -L/Applications/Xcode.app/Contents/Developer/Platforms/MacOSX.platform/Developer/usr/lib -F/Users/LL/Library/Developer/Xcode/DerivedData/SwiftUIDemo-gojcpzimnqflprcfscrvxatszhih/Build/Intermediates.noindex/EagerLinkingTBDs/Debug -F/Users/LL/Library/Developer/Xcode/DerivedData/SwiftUIDemo-gojcpzimnqflprcfscrvxatszhih/Build/Products/Debug/PackageFrameworks -F/Users/LL/Library/Developer/Xcode/DerivedData/SwiftUIDemo-gojcpzimnqflprcfscrvxatszhih/Build/Products/Debug/PackageFrameworks -F/Users/LL/Library/Developer/Xcode/DerivedData/SwiftUIDemo-gojcpzimnqflprcfscrvxatszhih/Build/Products/Debug/PackageFrameworks -F/Users/LL/Library/Developer/Xcode/DerivedData/SwiftUIDemo-gojcpzimnqflprcfscrvxatszhih/Build/Products/Debug/PackageFrameworks -F/Users/LL/Library/Developer/Xcode/DerivedData/SwiftUIDemo-gojcpzimnqflprcfscrvxatszhih/Build/Products/Debug/PackageFrameworks -F/Users/LL/Library/Developer/Xcode/DerivedData/SwiftUIDemo-gojcpzimnqflprcfscrvxatszhih/Build/Products/Debug/PackageFrameworks -F/Users/LL/Library/Developer/Xcode/DerivedData/SwiftUIDemo-gojcpzimnqflprcfscrvxatszhih/Build/Products/Debug/PackageFrameworks -F/Users/LL/Library/Developer/Xcode/DerivedData/SwiftUIDemo-gojcpzimnqflprcfscrvxatszhih/Build/Products/Debug/PackageFrameworks -F/Users/LL/Library/Developer/Xcode/DerivedData/SwiftUIDemo-gojcpzimnqflprcfscrvxatszhih/Build/Products/Debug/PackageFrameworks -F/Users/LL/Library/Developer/Xcode/DerivedData/SwiftUIDemo-gojcpzimnqflprcfscrvxatszhih/Build/Products/Debug/PackageFrameworks -F/Users/LL/Library/Developer/Xcode/DerivedData/SwiftUIDemo-gojcpzimnqflprcfscrvxatszhih/Build/Products/Debug/PackageFrameworks -F/Users/LL/Library/Developer/Xcode/DerivedData/SwiftUIDemo-gojcpzimnqflprcfscrvxatszhih/Build/Products/Debug/PackageFrameworks -F/Users/LL/Library/Developer/Xcode/DerivedData/SwiftUIDemo-gojcpzimnqflprcfscrvxatszhih/Build/Products/Debug/PackageFrameworks -F/Users/LL/Library/Developer/Xcode/DerivedData/SwiftUIDemo-gojcpzimnqflprcfscrvxatszhih/Build/Products/Debug/PackageFrameworks -F/Users/LL/Library/Developer/Xcode/DerivedData/SwiftUIDemo-gojcpzimnqflprcfscrvxatszhih/Build/Products/Debug/PackageFrameworks -F/Users/LL/Library/Developer/Xcode/DerivedData/SwiftUIDemo-gojcpzimnqflprcfscrvxatszhih/Build/Products/Debug/PackageFrameworks -F/Users/LL/Library/Developer/Xcode/DerivedData/SwiftUIDemo-gojcpzimnqflprcfscrvxatszhih/Build/Products/Debug -iframework /Applications/Xcode.app/Contents/Developer/Platforms/MacOSX.platform/Developer/Library/Frameworks -filelist /Users/LL/Library/Developer/Xcode/DerivedData/SwiftUIDemo-gojcpzimnqflprcfscrvxatszhih/Build/Intermediates.noindex/swift-perception.build/Debug/PerceptionMacros.build/Objects-normal/x86_64/PerceptionMacros.LinkFileList -Xlinker -rpath -Xlinker /usr/lib/swift -Xlinker -rpath -Xlinker /Users/LL/Library/Developer/Xcode/DerivedData/SwiftUIDemo-gojcpzimnqflprcfscrvxatszhih/Build/Products/Debug/PackageFrameworks -Xlinker -object_path_lto -Xlinker /Users/LL/Library/Developer/Xcode/DerivedData/SwiftUIDemo-gojcpzimnqflprcfscrvxatszhih/Build/Intermediates.noindex/swift-perception.build/Debug/PerceptionMacros.build/Objects-normal/x86_64/PerceptionMacros_lto.o -rdynamic -Xlinker -no_deduplicate -Xlinker -debug_variant -Xlinker -dependency_info -Xlinker /Users/LL/Library/Developer/Xcode/DerivedData/SwiftUIDemo-gojcpzimnqflprcfscrvxatszhih/Build/Intermediates.noindex/swift-perception.build/Debug/PerceptionMacros.build/Objects-normal/x86_64/PerceptionMacros_dependency_info.dat -fobjc-link-runtime -fprofile-instr-generate -L/Applications/Xcode.app/Contents/Developer/Toolchains/XcodeDefault.xctoolchain/usr/lib/swift/macosx -L/usr/lib/swift -Xlinker -add_ast_path -Xlinker /Users/LL/Library/Developer/Xcode/DerivedData/SwiftUIDemo-gojcpzimnqflprcfscrvxatszhih/Build/Intermediates.noindex/swift-perception.build/Debug/PerceptionMacros.build/Objects-normal/x86_64/PerceptionMacros.swiftmodule -Wl,-no_warn_duplicate_libraries -Wl,-no_warn_duplicate_libraries -Wl,-no_warn_duplicate_libraries -Wl,-no_warn_duplicate_libraries -Wl,-no_warn_duplicate_libraries -Wl,-no_warn_duplicate_libraries -Wl,-no_warn_duplicate_libraries -Wl,-no_warn_duplicate_libraries -Wl,-no_warn_duplicate_libraries -Wl,-no_warn_duplicate_libraries -Wl,-no_warn_duplicate_libraries -Wl,-no_warn_duplicate_libraries -Wl,-no_warn_duplicate_libraries -Wl,-no_warn_duplicate_libraries -Wl,-no_warn_duplicate_libraries -Wl,-no_warn_duplicate_libraries -o /Users/LL/Library/Developer/Xcode/DerivedData/SwiftUIDemo-gojcpzimnqflprcfscrvxatszhih/Build/Products/Debug/PerceptionMacros -Xlinker -add_ast_path -Xlinker /Users/LL/Library/Developer/Xcode/DerivedData/SwiftUIDemo-gojcpzimnqflprcfscrvxatszhih/Build/Intermediates.noindex/swift-syntax.build/Debug/SwiftSyntaxMacros.build/Objects-normal/x86_64/SwiftSyntaxMacros.swiftmodule -Xlinker -add_ast_path -Xlinker /Users/LL/Library/Developer/Xcode/DerivedData/SwiftUIDemo-gojcpzimnqflprcfscrvxatszhih/Build/Intermediates.noindex/swift-syntax.build/Debug/SwiftSyntax509.build/Objects-normal/x86_64/SwiftSyntax509.swiftmodule -Xlinker -add_ast_path -Xlinker /Users/LL/Library/Developer/Xcode/DerivedData/SwiftUIDemo-gojcpzimnqflprcfscrvxatszhih/Build/Intermediates.noindex/swift-syntax.build/Debug/SwiftSyntax510.build/Objects-normal/x86_64/SwiftSyntax510.swiftmodule -Xlinker -add_ast_path -Xlinker /Users/LL/Library/Developer/Xcode/DerivedData/SwiftUIDemo-gojcpzimnqflprcfscrvxatszhih/Build/Intermediates.noindex/swift-syntax.build/Debug/SwiftSyntax600.build/Objects-normal/x86_64/SwiftSyntax600.swiftmodule -Xlinker -add_ast_path -Xlinker /Users/LL/Library/Developer/Xcode/DerivedData/SwiftUIDemo-gojcpzimnqflprcfscrvxatszhih/Build/Intermediates.noindex/swift-syntax.build/Debug/SwiftSyntax601.build/Objects-normal/x86_64/SwiftSyntax601.swiftmodule -Xlinker -add_ast_path -Xlinker /Users/LL/Library/Developer/Xcode/DerivedData/SwiftUIDemo-gojcpzimnqflprcfscrvxatszhih/Build/Intermediates.noindex/swift-syntax.build/Debug/SwiftSyntax.build/Objects-normal/x86_64/SwiftSyntax.swiftmodule -Xlinker -add_ast_path -Xlinker /Users/LL/Library/Developer/Xcode/DerivedData/SwiftUIDemo-gojcpzimnqflprcfscrvxatszhih/Build/Intermediates.noindex/swift-syntax.build/Debug/SwiftDiagnostics.build/Objects-normal/x86_64/SwiftDiagnostics.swiftmodule -Xlinker -add_ast_path -Xlinker /Users/LL/Library/Developer/Xcode/DerivedData/SwiftUIDemo-gojcpzimnqflprcfscrvxatszhih/Build/Intermediates.noindex/swift-syntax.build/Debug/SwiftParser.build/Objects-normal/x86_64/SwiftParser.swiftmodule -Xlinker -add_ast_path -Xlinker /Users/LL/Library/Developer/Xcode/DerivedData/SwiftUIDemo-gojcpzimnqflprcfscrvxatszhih/Build/Intermediates.noindex/swift-syntax.build/Debug/SwiftBasicFormat.build/Objects-normal/x86_64/SwiftBasicFormat.swiftmodule -Xlinker -add_ast_path -Xlinker /Users/LL/Library/Developer/Xcode/DerivedData/SwiftUIDemo-gojcpzimnqflprcfscrvxatszhih/Build/Intermediates.noindex/swift-syntax.build/Debug/SwiftParserDiagnostics.build/Objects-normal/x86_64/SwiftParserDiagnostics.swiftmodule -Xlinker -add_ast_path -Xlinker /Users/LL/Library/Developer/Xcode/DerivedData/SwiftUIDemo-gojcpzimnqflprcfscrvxatszhih/Build/Intermediates.noindex/swift-syntax.build/Debug/SwiftSyntaxBuilder.build/Objects-normal/x86_64/SwiftSyntaxBuilder.swiftmodule -Xlinker -add_ast_path -Xlinker /Users/LL/Library/Developer/Xcode/DerivedData/SwiftUIDemo-gojcpzimnqflprcfscrvxatszhih/Build/Intermediates.noindex/swift-syntax.build/Debug/SwiftCompilerPlugin.build/Objects-normal/x86_64/SwiftCompilerPlugin.swiftmodule -Xlinker -add_ast_path -Xlinker /Users/LL/Library/Developer/Xcode/DerivedData/SwiftUIDemo-gojcpzimnqflprcfscrvxatszhih/Build/Intermediates.noindex/swift-syntax.build/Debug/SwiftOperators.build/Objects-normal/x86_64/SwiftOperators.swiftmodule -Xlinker -add_ast_path -Xlinker /Users/LL/Library/Developer/Xcode/DerivedData/SwiftUIDemo-gojcpzimnqflprcfscrvxatszhih/Build/Intermediates.noindex/swift-syntax.build/Debug/SwiftSyntaxMacroExpansion.build/Objects-normal/x86_64/SwiftSyntaxMacroExpansion.swiftmodule -Xlinker -add_ast_path -Xlinker /Users/LL/Library/Developer/Xcode/DerivedData/SwiftUIDemo-gojcpzimnqflprcfscrvxatszhih/Build/Intermediates.noindex/swift-syntax.build/Debug/SwiftCompilerPluginMessageHandling.build/Objects-normal/x86_64/SwiftCompilerPluginMessageHandling.swiftmodule

SwiftDriverJobDiscovery normal x86_64 Compiling Support.swift (in target 'DependenciesMacrosPlugin' from project 'swift-dependencies')

SwiftDriver\ Compilation DependenciesMacrosPlugin normal x86_64 com.apple.xcode.tools.swift.compiler (in target 'DependenciesMacrosPlugin' from project 'swift-dependencies')
    cd /Users/LL/Documents/wordspace/SwiftUIImprove/SwiftUIDemo/SwiftUIDemo.xcodeproj
    builtin-Swift-Compilation -- /Applications/Xcode.app/Contents/Developer/Toolchains/XcodeDefault.xctoolchain/usr/bin/swiftc -module-name DependenciesMacrosPlugin -Onone -enforce-exclusivity\=checked @/Users/LL/Library/Developer/Xcode/DerivedData/SwiftUIDemo-gojcpzimnqflprcfscrvxatszhih/Build/Intermediates.noindex/swift-dependencies.build/Debug/DependenciesMacrosPlugin.build/Objects-normal/x86_64/DependenciesMacrosPlugin.SwiftFileList -DSWIFT_PACKAGE -DDEBUG -DXcode -plugin-path /Applications/Xcode.app/Contents/Developer/Toolchains/XcodeDefault.xctoolchain/usr/lib/swift/host/plugins/testing -enable-experimental-feature DebugDescriptionMacro -sdk /Applications/Xcode.app/Contents/Developer/Platforms/MacOSX.platform/Developer/SDKs/MacOSX15.4.sdk -target x86_64-apple-macos10.15 -g -module-cache-path /Users/LL/Library/Developer/Xcode/DerivedData/ModuleCache.noindex -Xfrontend -serialize-debugging-options -profile-coverage-mapping -profile-generate -enable-testing -suppress-warnings -index-store-path /Users/LL/Library/Developer/Xcode/DerivedData/SwiftUIDemo-gojcpzimnqflprcfscrvxatszhih/Index.noindex/DataStore -swift-version 6 -I /Users/LL/Library/Developer/Xcode/DerivedData/SwiftUIDemo-gojcpzimnqflprcfscrvxatszhih/Build/Products/Debug -I /Applications/Xcode.app/Contents/Developer/Platforms/MacOSX.platform/Developer/usr/lib -F /Users/LL/Library/Developer/Xcode/DerivedData/SwiftUIDemo-gojcpzimnqflprcfscrvxatszhih/Build/Products/Debug/PackageFrameworks -F /Users/LL/Library/Developer/Xcode/DerivedData/SwiftUIDemo-gojcpzimnqflprcfscrvxatszhih/Build/Products/Debug/PackageFrameworks -F /Users/LL/Library/Developer/Xcode/DerivedData/SwiftUIDemo-gojcpzimnqflprcfscrvxatszhih/Build/Products/Debug/PackageFrameworks -F /Users/LL/Library/Developer/Xcode/DerivedData/SwiftUIDemo-gojcpzimnqflprcfscrvxatszhih/Build/Products/Debug/PackageFrameworks -F /Users/LL/Library/Developer/Xcode/DerivedData/SwiftUIDemo-gojcpzimnqflprcfscrvxatszhih/Build/Products/Debug/PackageFrameworks -F /Users/LL/Library/Developer/Xcode/DerivedData/SwiftUIDemo-gojcpzimnqflprcfscrvxatszhih/Build/Products/Debug/PackageFrameworks -F /Users/LL/Library/Developer/Xcode/DerivedData/SwiftUIDemo-gojcpzimnqflprcfscrvxatszhih/Build/Products/Debug/PackageFrameworks -F /Users/LL/Library/Developer/Xcode/DerivedData/SwiftUIDemo-gojcpzimnqflprcfscrvxatszhih/Build/Products/Debug/PackageFrameworks -F /Users/LL/Library/Developer/Xcode/DerivedData/SwiftUIDemo-gojcpzimnqflprcfscrvxatszhih/Build/Products/Debug/PackageFrameworks -F /Users/LL/Library/Developer/Xcode/DerivedData/SwiftUIDemo-gojcpzimnqflprcfscrvxatszhih/Build/Products/Debug/PackageFrameworks -F /Users/LL/Library/Developer/Xcode/DerivedData/SwiftUIDemo-gojcpzimnqflprcfscrvxatszhih/Build/Products/Debug/PackageFrameworks -F /Users/LL/Library/Developer/Xcode/DerivedData/SwiftUIDemo-gojcpzimnqflprcfscrvxatszhih/Build/Products/Debug/PackageFrameworks -F /Users/LL/Library/Developer/Xcode/DerivedData/SwiftUIDemo-gojcpzimnqflprcfscrvxatszhih/Build/Products/Debug/PackageFrameworks -F /Users/LL/Library/Developer/Xcode/DerivedData/SwiftUIDemo-gojcpzimnqflprcfscrvxatszhih/Build/Products/Debug/PackageFrameworks -F /Users/LL/Library/Developer/Xcode/DerivedData/SwiftUIDemo-gojcpzimnqflprcfscrvxatszhih/Build/Products/Debug/PackageFrameworks -F /Users/LL/Library/Developer/Xcode/DerivedData/SwiftUIDemo-gojcpzimnqflprcfscrvxatszhih/Build/Products/Debug/PackageFrameworks -F /Users/LL/Library/Developer/Xcode/DerivedData/SwiftUIDemo-gojcpzimnqflprcfscrvxatszhih/Build/Products/Debug -F /Applications/Xcode.app/Contents/Developer/Platforms/MacOSX.platform/Developer/Library/Frameworks -c -j10 -enable-batch-mode -incremental -Xcc -ivfsstatcache -Xcc /Users/LL/Library/Developer/Xcode/DerivedData/SDKStatCaches.noindex/macosx15.4-24E241-88b860576fb364319593bd8fb30666b0.sdkstatcache -output-file-map /Users/LL/Library/Developer/Xcode/DerivedData/SwiftUIDemo-gojcpzimnqflprcfscrvxatszhih/Build/Intermediates.noindex/swift-dependencies.build/Debug/DependenciesMacrosPlugin.build/Objects-normal/x86_64/DependenciesMacrosPlugin-OutputFileMap.json -use-frontend-parseable-output -save-temps -no-color-diagnostics -serialize-diagnostics -emit-dependencies -emit-module -emit-module-path /Users/LL/Library/Developer/Xcode/DerivedData/SwiftUIDemo-gojcpzimnqflprcfscrvxatszhih/Build/Intermediates.noindex/swift-dependencies.build/Debug/DependenciesMacrosPlugin.build/Objects-normal/x86_64/DependenciesMacrosPlugin.swiftmodule -user-module-version 1.9.4 -validate-clang-modules-once -clang-build-session-file /Users/LL/Library/Developer/Xcode/DerivedData/ModuleCache.noindex/Session.modulevalidation -package-name swift_dependencies -emit-const-values -Xfrontend -const-gather-protocols-file -Xfrontend /Users/LL/Library/Developer/Xcode/DerivedData/SwiftUIDemo-gojcpzimnqflprcfscrvxatszhih/Build/Intermediates.noindex/swift-dependencies.build/Debug/DependenciesMacrosPlugin.build/Objects-normal/x86_64/DependenciesMacrosPlugin_const_extract_protocols.json -Xcc -I/Users/LL/Library/Developer/Xcode/DerivedData/SwiftUIDemo-gojcpzimnqflprcfscrvxatszhih/SourcePackages/checkouts/swift-syntax/Sources/_SwiftSyntaxCShims/include -Xcc -I/Users/LL/Library/Developer/Xcode/DerivedData/SwiftUIDemo-gojcpzimnqflprcfscrvxatszhih/Build/Products/Debug/include -Xcc -I/Users/LL/Library/Developer/Xcode/DerivedData/SwiftUIDemo-gojcpzimnqflprcfscrvxatszhih/Build/Intermediates.noindex/swift-dependencies.build/Debug/DependenciesMacrosPlugin.build/DerivedSources-normal/x86_64 -Xcc -I/Users/LL/Library/Developer/Xcode/DerivedData/SwiftUIDemo-gojcpzimnqflprcfscrvxatszhih/Build/Intermediates.noindex/swift-dependencies.build/Debug/DependenciesMacrosPlugin.build/DerivedSources/x86_64 -Xcc -I/Users/LL/Library/Developer/Xcode/DerivedData/SwiftUIDemo-gojcpzimnqflprcfscrvxatszhih/Build/Intermediates.noindex/swift-dependencies.build/Debug/DependenciesMacrosPlugin.build/DerivedSources -Xcc -DSWIFT_PACKAGE -Xcc -DDEBUG\=1 -working-directory /Users/LL/Documents/wordspace/SwiftUIImprove/SwiftUIDemo/SwiftUIDemo.xcodeproj -experimental-emit-module-separately -disable-cmo

Ld /Users/LL/Library/Developer/Xcode/DerivedData/SwiftUIDemo-gojcpzimnqflprcfscrvxatszhih/Build/Products/Debug/DependenciesMacrosPlugin normal (in target 'DependenciesMacrosPlugin' from project 'swift-dependencies')
    cd /Users/LL/Library/Developer/Xcode/DerivedData/SwiftUIDemo-gojcpzimnqflprcfscrvxatszhih/SourcePackages/checkouts/swift-dependencies
    /Applications/Xcode.app/Contents/Developer/Toolchains/XcodeDefault.xctoolchain/usr/bin/clang -Xlinker -reproducible -target x86_64-apple-macos10.15 -isysroot /Applications/Xcode.app/Contents/Developer/Platforms/MacOSX.platform/Developer/SDKs/MacOSX15.4.sdk -O0 -w -L/Users/LL/Library/Developer/Xcode/DerivedData/SwiftUIDemo-gojcpzimnqflprcfscrvxatszhih/Build/Intermediates.noindex/EagerLinkingTBDs/Debug -L/Users/LL/Library/Developer/Xcode/DerivedData/SwiftUIDemo-gojcpzimnqflprcfscrvxatszhih/Build/Products/Debug -L/Applications/Xcode.app/Contents/Developer/Platforms/MacOSX.platform/Developer/usr/lib -F/Users/LL/Library/Developer/Xcode/DerivedData/SwiftUIDemo-gojcpzimnqflprcfscrvxatszhih/Build/Intermediates.noindex/EagerLinkingTBDs/Debug -F/Users/LL/Library/Developer/Xcode/DerivedData/SwiftUIDemo-gojcpzimnqflprcfscrvxatszhih/Build/Products/Debug/PackageFrameworks -F/Users/LL/Library/Developer/Xcode/DerivedData/SwiftUIDemo-gojcpzimnqflprcfscrvxatszhih/Build/Products/Debug/PackageFrameworks -F/Users/LL/Library/Developer/Xcode/DerivedData/SwiftUIDemo-gojcpzimnqflprcfscrvxatszhih/Build/Products/Debug/PackageFrameworks -F/Users/LL/Library/Developer/Xcode/DerivedData/SwiftUIDemo-gojcpzimnqflprcfscrvxatszhih/Build/Products/Debug/PackageFrameworks -F/Users/LL/Library/Developer/Xcode/DerivedData/SwiftUIDemo-gojcpzimnqflprcfscrvxatszhih/Build/Products/Debug/PackageFrameworks -F/Users/LL/Library/Developer/Xcode/DerivedData/SwiftUIDemo-gojcpzimnqflprcfscrvxatszhih/Build/Products/Debug/PackageFrameworks -F/Users/LL/Library/Developer/Xcode/DerivedData/SwiftUIDemo-gojcpzimnqflprcfscrvxatszhih/Build/Products/Debug/PackageFrameworks -F/Users/LL/Library/Developer/Xcode/DerivedData/SwiftUIDemo-gojcpzimnqflprcfscrvxatszhih/Build/Products/Debug/PackageFrameworks -F/Users/LL/Library/Developer/Xcode/DerivedData/SwiftUIDemo-gojcpzimnqflprcfscrvxatszhih/Build/Products/Debug/PackageFrameworks -F/Users/LL/Library/Developer/Xcode/DerivedData/SwiftUIDemo-gojcpzimnqflprcfscrvxatszhih/Build/Products/Debug/PackageFrameworks -F/Users/LL/Library/Developer/Xcode/DerivedData/SwiftUIDemo-gojcpzimnqflprcfscrvxatszhih/Build/Products/Debug/PackageFrameworks -F/Users/LL/Library/Developer/Xcode/DerivedData/SwiftUIDemo-gojcpzimnqflprcfscrvxatszhih/Build/Products/Debug/PackageFrameworks -F/Users/LL/Library/Developer/Xcode/DerivedData/SwiftUIDemo-gojcpzimnqflprcfscrvxatszhih/Build/Products/Debug/PackageFrameworks -F/Users/LL/Library/Developer/Xcode/DerivedData/SwiftUIDemo-gojcpzimnqflprcfscrvxatszhih/Build/Products/Debug/PackageFrameworks -F/Users/LL/Library/Developer/Xcode/DerivedData/SwiftUIDemo-gojcpzimnqflprcfscrvxatszhih/Build/Products/Debug/PackageFrameworks -F/Users/LL/Library/Developer/Xcode/DerivedData/SwiftUIDemo-gojcpzimnqflprcfscrvxatszhih/Build/Products/Debug/PackageFrameworks -F/Users/LL/Library/Developer/Xcode/DerivedData/SwiftUIDemo-gojcpzimnqflprcfscrvxatszhih/Build/Products/Debug -iframework /Applications/Xcode.app/Contents/Developer/Platforms/MacOSX.platform/Developer/Library/Frameworks -filelist /Users/LL/Library/Developer/Xcode/DerivedData/SwiftUIDemo-gojcpzimnqflprcfscrvxatszhih/Build/Intermediates.noindex/swift-dependencies.build/Debug/DependenciesMacrosPlugin.build/Objects-normal/x86_64/DependenciesMacrosPlugin.LinkFileList -Xlinker -rpath -Xlinker /usr/lib/swift -Xlinker -rpath -Xlinker /Users/LL/Library/Developer/Xcode/DerivedData/SwiftUIDemo-gojcpzimnqflprcfscrvxatszhih/Build/Products/Debug/PackageFrameworks -Xlinker -object_path_lto -Xlinker /Users/LL/Library/Developer/Xcode/DerivedData/SwiftUIDemo-gojcpzimnqflprcfscrvxatszhih/Build/Intermediates.noindex/swift-dependencies.build/Debug/DependenciesMacrosPlugin.build/Objects-normal/x86_64/DependenciesMacrosPlugin_lto.o -rdynamic -Xlinker -no_deduplicate -Xlinker -debug_variant -Xlinker -dependency_info -Xlinker /Users/LL/Library/Developer/Xcode/DerivedData/SwiftUIDemo-gojcpzimnqflprcfscrvxatszhih/Build/Intermediates.noindex/swift-dependencies.build/Debug/DependenciesMacrosPlugin.build/Objects-normal/x86_64/DependenciesMacrosPlugin_dependency_info.dat -fobjc-link-runtime -fprofile-instr-generate -L/Applications/Xcode.app/Contents/Developer/Toolchains/XcodeDefault.xctoolchain/usr/lib/swift/macosx -L/usr/lib/swift -Xlinker -add_ast_path -Xlinker /Users/LL/Library/Developer/Xcode/DerivedData/SwiftUIDemo-gojcpzimnqflprcfscrvxatszhih/Build/Intermediates.noindex/swift-dependencies.build/Debug/DependenciesMacrosPlugin.build/Objects-normal/x86_64/DependenciesMacrosPlugin.swiftmodule -Wl,-no_warn_duplicate_libraries -Wl,-no_warn_duplicate_libraries -Wl,-no_warn_duplicate_libraries -Wl,-no_warn_duplicate_libraries -Wl,-no_warn_duplicate_libraries -Wl,-no_warn_duplicate_libraries -Wl,-no_warn_duplicate_libraries -Wl,-no_warn_duplicate_libraries -Wl,-no_warn_duplicate_libraries -Wl,-no_warn_duplicate_libraries -Wl,-no_warn_duplicate_libraries -Wl,-no_warn_duplicate_libraries -Wl,-no_warn_duplicate_libraries -Wl,-no_warn_duplicate_libraries -Wl,-no_warn_duplicate_libraries -Wl,-no_warn_duplicate_libraries -o /Users/LL/Library/Developer/Xcode/DerivedData/SwiftUIDemo-gojcpzimnqflprcfscrvxatszhih/Build/Products/Debug/DependenciesMacrosPlugin -Xlinker -add_ast_path -Xlinker /Users/LL/Library/Developer/Xcode/DerivedData/SwiftUIDemo-gojcpzimnqflprcfscrvxatszhih/Build/Intermediates.noindex/swift-syntax.build/Debug/SwiftSyntaxMacros.build/Objects-normal/x86_64/SwiftSyntaxMacros.swiftmodule -Xlinker -add_ast_path -Xlinker /Users/LL/Library/Developer/Xcode/DerivedData/SwiftUIDemo-gojcpzimnqflprcfscrvxatszhih/Build/Intermediates.noindex/swift-syntax.build/Debug/SwiftSyntax509.build/Objects-normal/x86_64/SwiftSyntax509.swiftmodule -Xlinker -add_ast_path -Xlinker /Users/LL/Library/Developer/Xcode/DerivedData/SwiftUIDemo-gojcpzimnqflprcfscrvxatszhih/Build/Intermediates.noindex/swift-syntax.build/Debug/SwiftSyntax510.build/Objects-normal/x86_64/SwiftSyntax510.swiftmodule -Xlinker -add_ast_path -Xlinker /Users/LL/Library/Developer/Xcode/DerivedData/SwiftUIDemo-gojcpzimnqflprcfscrvxatszhih/Build/Intermediates.noindex/swift-syntax.build/Debug/SwiftSyntax600.build/Objects-normal/x86_64/SwiftSyntax600.swiftmodule -Xlinker -add_ast_path -Xlinker /Users/LL/Library/Developer/Xcode/DerivedData/SwiftUIDemo-gojcpzimnqflprcfscrvxatszhih/Build/Intermediates.noindex/swift-syntax.build/Debug/SwiftSyntax601.build/Objects-normal/x86_64/SwiftSyntax601.swiftmodule -Xlinker -add_ast_path -Xlinker /Users/LL/Library/Developer/Xcode/DerivedData/SwiftUIDemo-gojcpzimnqflprcfscrvxatszhih/Build/Intermediates.noindex/swift-syntax.build/Debug/SwiftSyntax.build/Objects-normal/x86_64/SwiftSyntax.swiftmodule -Xlinker -add_ast_path -Xlinker /Users/LL/Library/Developer/Xcode/DerivedData/SwiftUIDemo-gojcpzimnqflprcfscrvxatszhih/Build/Intermediates.noindex/swift-syntax.build/Debug/SwiftDiagnostics.build/Objects-normal/x86_64/SwiftDiagnostics.swiftmodule -Xlinker -add_ast_path -Xlinker /Users/LL/Library/Developer/Xcode/DerivedData/SwiftUIDemo-gojcpzimnqflprcfscrvxatszhih/Build/Intermediates.noindex/swift-syntax.build/Debug/SwiftParser.build/Objects-normal/x86_64/SwiftParser.swiftmodule -Xlinker -add_ast_path -Xlinker /Users/LL/Library/Developer/Xcode/DerivedData/SwiftUIDemo-gojcpzimnqflprcfscrvxatszhih/Build/Intermediates.noindex/swift-syntax.build/Debug/SwiftBasicFormat.build/Objects-normal/x86_64/SwiftBasicFormat.swiftmodule -Xlinker -add_ast_path -Xlinker /Users/LL/Library/Developer/Xcode/DerivedData/SwiftUIDemo-gojcpzimnqflprcfscrvxatszhih/Build/Intermediates.noindex/swift-syntax.build/Debug/SwiftParserDiagnostics.build/Objects-normal/x86_64/SwiftParserDiagnostics.swiftmodule -Xlinker -add_ast_path -Xlinker /Users/LL/Library/Developer/Xcode/DerivedData/SwiftUIDemo-gojcpzimnqflprcfscrvxatszhih/Build/Intermediates.noindex/swift-syntax.build/Debug/SwiftSyntaxBuilder.build/Objects-normal/x86_64/SwiftSyntaxBuilder.swiftmodule -Xlinker -add_ast_path -Xlinker /Users/LL/Library/Developer/Xcode/DerivedData/SwiftUIDemo-gojcpzimnqflprcfscrvxatszhih/Build/Intermediates.noindex/swift-syntax.build/Debug/SwiftCompilerPlugin.build/Objects-normal/x86_64/SwiftCompilerPlugin.swiftmodule -Xlinker -add_ast_path -Xlinker /Users/LL/Library/Developer/Xcode/DerivedData/SwiftUIDemo-gojcpzimnqflprcfscrvxatszhih/Build/Intermediates.noindex/swift-syntax.build/Debug/SwiftOperators.build/Objects-normal/x86_64/SwiftOperators.swiftmodule -Xlinker -add_ast_path -Xlinker /Users/LL/Library/Developer/Xcode/DerivedData/SwiftUIDemo-gojcpzimnqflprcfscrvxatszhih/Build/Intermediates.noindex/swift-syntax.build/Debug/SwiftSyntaxMacroExpansion.build/Objects-normal/x86_64/SwiftSyntaxMacroExpansion.swiftmodule -Xlinker -add_ast_path -Xlinker /Users/LL/Library/Developer/Xcode/DerivedData/SwiftUIDemo-gojcpzimnqflprcfscrvxatszhih/Build/Intermediates.noindex/swift-syntax.build/Debug/SwiftCompilerPluginMessageHandling.build/Objects-normal/x86_64/SwiftCompilerPluginMessageHandling.swiftmodule

SwiftDriverJobDiscovery normal x86_64 Compiling CasePathableMacro.swift (in target 'CasePathsMacros' from project 'swift-case-paths')

SwiftDriverJobDiscovery normal x86_64 Compiling Plugin.swift (in target 'CasePathsMacros' from project 'swift-case-paths')

SwiftDriver\ Compilation CasePathsMacros normal x86_64 com.apple.xcode.tools.swift.compiler (in target 'CasePathsMacros' from project 'swift-case-paths')
    cd /Users/LL/Documents/wordspace/SwiftUIImprove/SwiftUIDemo/SwiftUIDemo.xcodeproj
    builtin-Swift-Compilation -- /Applications/Xcode.app/Contents/Developer/Toolchains/XcodeDefault.xctoolchain/usr/bin/swiftc -module-name CasePathsMacros -Onone -enforce-exclusivity\=checked @/Users/LL/Library/Developer/Xcode/DerivedData/SwiftUIDemo-gojcpzimnqflprcfscrvxatszhih/Build/Intermediates.noindex/swift-case-paths.build/Debug/CasePathsMacros.build/Objects-normal/x86_64/CasePathsMacros.SwiftFileList -DSWIFT_PACKAGE -DDEBUG -DXcode -plugin-path /Applications/Xcode.app/Contents/Developer/Toolchains/XcodeDefault.xctoolchain/usr/lib/swift/host/plugins/testing -enable-experimental-feature DebugDescriptionMacro -sdk /Applications/Xcode.app/Contents/Developer/Platforms/MacOSX.platform/Developer/SDKs/MacOSX15.4.sdk -target x86_64-apple-macos10.15 -g -module-cache-path /Users/LL/Library/Developer/Xcode/DerivedData/ModuleCache.noindex -Xfrontend -serialize-debugging-options -profile-coverage-mapping -profile-generate -enable-testing -suppress-warnings -index-store-path /Users/LL/Library/Developer/Xcode/DerivedData/SwiftUIDemo-gojcpzimnqflprcfscrvxatszhih/Index.noindex/DataStore -swift-version 6 -I /Users/LL/Library/Developer/Xcode/DerivedData/SwiftUIDemo-gojcpzimnqflprcfscrvxatszhih/Build/Products/Debug -I /Applications/Xcode.app/Contents/Developer/Platforms/MacOSX.platform/Developer/usr/lib -F /Users/LL/Library/Developer/Xcode/DerivedData/SwiftUIDemo-gojcpzimnqflprcfscrvxatszhih/Build/Products/Debug/PackageFrameworks -F /Users/LL/Library/Developer/Xcode/DerivedData/SwiftUIDemo-gojcpzimnqflprcfscrvxatszhih/Build/Products/Debug/PackageFrameworks -F /Users/LL/Library/Developer/Xcode/DerivedData/SwiftUIDemo-gojcpzimnqflprcfscrvxatszhih/Build/Products/Debug/PackageFrameworks -F /Users/LL/Library/Developer/Xcode/DerivedData/SwiftUIDemo-gojcpzimnqflprcfscrvxatszhih/Build/Products/Debug/PackageFrameworks -F /Users/LL/Library/Developer/Xcode/DerivedData/SwiftUIDemo-gojcpzimnqflprcfscrvxatszhih/Build/Products/Debug/PackageFrameworks -F /Users/LL/Library/Developer/Xcode/DerivedData/SwiftUIDemo-gojcpzimnqflprcfscrvxatszhih/Build/Products/Debug/PackageFrameworks -F /Users/LL/Library/Developer/Xcode/DerivedData/SwiftUIDemo-gojcpzimnqflprcfscrvxatszhih/Build/Products/Debug/PackageFrameworks -F /Users/LL/Library/Developer/Xcode/DerivedData/SwiftUIDemo-gojcpzimnqflprcfscrvxatszhih/Build/Products/Debug/PackageFrameworks -F /Users/LL/Library/Developer/Xcode/DerivedData/SwiftUIDemo-gojcpzimnqflprcfscrvxatszhih/Build/Products/Debug/PackageFrameworks -F /Users/LL/Library/Developer/Xcode/DerivedData/SwiftUIDemo-gojcpzimnqflprcfscrvxatszhih/Build/Products/Debug/PackageFrameworks -F /Users/LL/Library/Developer/Xcode/DerivedData/SwiftUIDemo-gojcpzimnqflprcfscrvxatszhih/Build/Products/Debug/PackageFrameworks -F /Users/LL/Library/Developer/Xcode/DerivedData/SwiftUIDemo-gojcpzimnqflprcfscrvxatszhih/Build/Products/Debug/PackageFrameworks -F /Users/LL/Library/Developer/Xcode/DerivedData/SwiftUIDemo-gojcpzimnqflprcfscrvxatszhih/Build/Products/Debug/PackageFrameworks -F /Users/LL/Library/Developer/Xcode/DerivedData/SwiftUIDemo-gojcpzimnqflprcfscrvxatszhih/Build/Products/Debug/PackageFrameworks -F /Users/LL/Library/Developer/Xcode/DerivedData/SwiftUIDemo-gojcpzimnqflprcfscrvxatszhih/Build/Products/Debug/PackageFrameworks -F /Users/LL/Library/Developer/Xcode/DerivedData/SwiftUIDemo-gojcpzimnqflprcfscrvxatszhih/Build/Products/Debug/PackageFrameworks -F /Users/LL/Library/Developer/Xcode/DerivedData/SwiftUIDemo-gojcpzimnqflprcfscrvxatszhih/Build/Products/Debug -F /Applications/Xcode.app/Contents/Developer/Platforms/MacOSX.platform/Developer/Library/Frameworks -c -j10 -enable-batch-mode -incremental -Xcc -ivfsstatcache -Xcc /Users/LL/Library/Developer/Xcode/DerivedData/SDKStatCaches.noindex/macosx15.4-24E241-88b860576fb364319593bd8fb30666b0.sdkstatcache -output-file-map /Users/LL/Library/Developer/Xcode/DerivedData/SwiftUIDemo-gojcpzimnqflprcfscrvxatszhih/Build/Intermediates.noindex/swift-case-paths.build/Debug/CasePathsMacros.build/Objects-normal/x86_64/CasePathsMacros-OutputFileMap.json -use-frontend-parseable-output -save-temps -no-color-diagnostics -serialize-diagnostics -emit-dependencies -emit-module -emit-module-path /Users/LL/Library/Developer/Xcode/DerivedData/SwiftUIDemo-gojcpzimnqflprcfscrvxatszhih/Build/Intermediates.noindex/swift-case-paths.build/Debug/CasePathsMacros.build/Objects-normal/x86_64/CasePathsMacros.swiftmodule -user-module-version 1.7.1 -validate-clang-modules-once -clang-build-session-file /Users/LL/Library/Developer/Xcode/DerivedData/ModuleCache.noindex/Session.modulevalidation -package-name swift_case_paths -emit-const-values -Xfrontend -const-gather-protocols-file -Xfrontend /Users/LL/Library/Developer/Xcode/DerivedData/SwiftUIDemo-gojcpzimnqflprcfscrvxatszhih/Build/Intermediates.noindex/swift-case-paths.build/Debug/CasePathsMacros.build/Objects-normal/x86_64/CasePathsMacros_const_extract_protocols.json -Xcc -I/Users/LL/Library/Developer/Xcode/DerivedData/SwiftUIDemo-gojcpzimnqflprcfscrvxatszhih/SourcePackages/checkouts/swift-syntax/Sources/_SwiftSyntaxCShims/include -Xcc -I/Users/LL/Library/Developer/Xcode/DerivedData/SwiftUIDemo-gojcpzimnqflprcfscrvxatszhih/Build/Products/Debug/include -Xcc -I/Users/LL/Library/Developer/Xcode/DerivedData/SwiftUIDemo-gojcpzimnqflprcfscrvxatszhih/Build/Intermediates.noindex/swift-case-paths.build/Debug/CasePathsMacros.build/DerivedSources-normal/x86_64 -Xcc -I/Users/LL/Library/Developer/Xcode/DerivedData/SwiftUIDemo-gojcpzimnqflprcfscrvxatszhih/Build/Intermediates.noindex/swift-case-paths.build/Debug/CasePathsMacros.build/DerivedSources/x86_64 -Xcc -I/Users/LL/Library/Developer/Xcode/DerivedData/SwiftUIDemo-gojcpzimnqflprcfscrvxatszhih/Build/Intermediates.noindex/swift-case-paths.build/Debug/CasePathsMacros.build/DerivedSources -Xcc -DSWIFT_PACKAGE -Xcc -DDEBUG\=1 -working-directory /Users/LL/Documents/wordspace/SwiftUIImprove/SwiftUIDemo/SwiftUIDemo.xcodeproj -experimental-emit-module-separately -disable-cmo

Ld /Users/LL/Library/Developer/Xcode/DerivedData/SwiftUIDemo-gojcpzimnqflprcfscrvxatszhih/Build/Products/Debug/CasePathsMacros normal (in target 'CasePathsMacros' from project 'swift-case-paths')
    cd /Users/LL/Library/Developer/Xcode/DerivedData/SwiftUIDemo-gojcpzimnqflprcfscrvxatszhih/SourcePackages/checkouts/swift-case-paths
    /Applications/Xcode.app/Contents/Developer/Toolchains/XcodeDefault.xctoolchain/usr/bin/clang -Xlinker -reproducible -target x86_64-apple-macos10.15 -isysroot /Applications/Xcode.app/Contents/Developer/Platforms/MacOSX.platform/Developer/SDKs/MacOSX15.4.sdk -O0 -w -L/Users/LL/Library/Developer/Xcode/DerivedData/SwiftUIDemo-gojcpzimnqflprcfscrvxatszhih/Build/Intermediates.noindex/EagerLinkingTBDs/Debug -L/Users/LL/Library/Developer/Xcode/DerivedData/SwiftUIDemo-gojcpzimnqflprcfscrvxatszhih/Build/Products/Debug -L/Applications/Xcode.app/Contents/Developer/Platforms/MacOSX.platform/Developer/usr/lib -F/Users/LL/Library/Developer/Xcode/DerivedData/SwiftUIDemo-gojcpzimnqflprcfscrvxatszhih/Build/Intermediates.noindex/EagerLinkingTBDs/Debug -F/Users/LL/Library/Developer/Xcode/DerivedData/SwiftUIDemo-gojcpzimnqflprcfscrvxatszhih/Build/Products/Debug/PackageFrameworks -F/Users/LL/Library/Developer/Xcode/DerivedData/SwiftUIDemo-gojcpzimnqflprcfscrvxatszhih/Build/Products/Debug/PackageFrameworks -F/Users/LL/Library/Developer/Xcode/DerivedData/SwiftUIDemo-gojcpzimnqflprcfscrvxatszhih/Build/Products/Debug/PackageFrameworks -F/Users/LL/Library/Developer/Xcode/DerivedData/SwiftUIDemo-gojcpzimnqflprcfscrvxatszhih/Build/Products/Debug/PackageFrameworks -F/Users/LL/Library/Developer/Xcode/DerivedData/SwiftUIDemo-gojcpzimnqflprcfscrvxatszhih/Build/Products/Debug/PackageFrameworks -F/Users/LL/Library/Developer/Xcode/DerivedData/SwiftUIDemo-gojcpzimnqflprcfscrvxatszhih/Build/Products/Debug/PackageFrameworks -F/Users/LL/Library/Developer/Xcode/DerivedData/SwiftUIDemo-gojcpzimnqflprcfscrvxatszhih/Build/Products/Debug/PackageFrameworks -F/Users/LL/Library/Developer/Xcode/DerivedData/SwiftUIDemo-gojcpzimnqflprcfscrvxatszhih/Build/Products/Debug/PackageFrameworks -F/Users/LL/Library/Developer/Xcode/DerivedData/SwiftUIDemo-gojcpzimnqflprcfscrvxatszhih/Build/Products/Debug/PackageFrameworks -F/Users/LL/Library/Developer/Xcode/DerivedData/SwiftUIDemo-gojcpzimnqflprcfscrvxatszhih/Build/Products/Debug/PackageFrameworks -F/Users/LL/Library/Developer/Xcode/DerivedData/SwiftUIDemo-gojcpzimnqflprcfscrvxatszhih/Build/Products/Debug/PackageFrameworks -F/Users/LL/Library/Developer/Xcode/DerivedData/SwiftUIDemo-gojcpzimnqflprcfscrvxatszhih/Build/Products/Debug/PackageFrameworks -F/Users/LL/Library/Developer/Xcode/DerivedData/SwiftUIDemo-gojcpzimnqflprcfscrvxatszhih/Build/Products/Debug/PackageFrameworks -F/Users/LL/Library/Developer/Xcode/DerivedData/SwiftUIDemo-gojcpzimnqflprcfscrvxatszhih/Build/Products/Debug/PackageFrameworks -F/Users/LL/Library/Developer/Xcode/DerivedData/SwiftUIDemo-gojcpzimnqflprcfscrvxatszhih/Build/Products/Debug/PackageFrameworks -F/Users/LL/Library/Developer/Xcode/DerivedData/SwiftUIDemo-gojcpzimnqflprcfscrvxatszhih/Build/Products/Debug/PackageFrameworks -F/Users/LL/Library/Developer/Xcode/DerivedData/SwiftUIDemo-gojcpzimnqflprcfscrvxatszhih/Build/Products/Debug -iframework /Applications/Xcode.app/Contents/Developer/Platforms/MacOSX.platform/Developer/Library/Frameworks -filelist /Users/LL/Library/Developer/Xcode/DerivedData/SwiftUIDemo-gojcpzimnqflprcfscrvxatszhih/Build/Intermediates.noindex/swift-case-paths.build/Debug/CasePathsMacros.build/Objects-normal/x86_64/CasePathsMacros.LinkFileList -Xlinker -rpath -Xlinker /usr/lib/swift -Xlinker -rpath -Xlinker /Users/LL/Library/Developer/Xcode/DerivedData/SwiftUIDemo-gojcpzimnqflprcfscrvxatszhih/Build/Products/Debug/PackageFrameworks -Xlinker -object_path_lto -Xlinker /Users/LL/Library/Developer/Xcode/DerivedData/SwiftUIDemo-gojcpzimnqflprcfscrvxatszhih/Build/Intermediates.noindex/swift-case-paths.build/Debug/CasePathsMacros.build/Objects-normal/x86_64/CasePathsMacros_lto.o -rdynamic -Xlinker -no_deduplicate -Xlinker -debug_variant -Xlinker -dependency_info -Xlinker /Users/LL/Library/Developer/Xcode/DerivedData/SwiftUIDemo-gojcpzimnqflprcfscrvxatszhih/Build/Intermediates.noindex/swift-case-paths.build/Debug/CasePathsMacros.build/Objects-normal/x86_64/CasePathsMacros_dependency_info.dat -fobjc-link-runtime -fprofile-instr-generate -L/Applications/Xcode.app/Contents/Developer/Toolchains/XcodeDefault.xctoolchain/usr/lib/swift/macosx -L/usr/lib/swift -Xlinker -add_ast_path -Xlinker /Users/LL/Library/Developer/Xcode/DerivedData/SwiftUIDemo-gojcpzimnqflprcfscrvxatszhih/Build/Intermediates.noindex/swift-case-paths.build/Debug/CasePathsMacros.build/Objects-normal/x86_64/CasePathsMacros.swiftmodule -Wl,-no_warn_duplicate_libraries -Wl,-no_warn_duplicate_libraries -Wl,-no_warn_duplicate_libraries -Wl,-no_warn_duplicate_libraries -Wl,-no_warn_duplicate_libraries -Wl,-no_warn_duplicate_libraries -Wl,-no_warn_duplicate_libraries -Wl,-no_warn_duplicate_libraries -Wl,-no_warn_duplicate_libraries -Wl,-no_warn_duplicate_libraries -Wl,-no_warn_duplicate_libraries -Wl,-no_warn_duplicate_libraries -Wl,-no_warn_duplicate_libraries -Wl,-no_warn_duplicate_libraries -Wl,-no_warn_duplicate_libraries -Wl,-no_warn_duplicate_libraries -o /Users/LL/Library/Developer/Xcode/DerivedData/SwiftUIDemo-gojcpzimnqflprcfscrvxatszhih/Build/Products/Debug/CasePathsMacros -Xlinker -add_ast_path -Xlinker /Users/LL/Library/Developer/Xcode/DerivedData/SwiftUIDemo-gojcpzimnqflprcfscrvxatszhih/Build/Intermediates.noindex/swift-syntax.build/Debug/SwiftSyntaxMacros.build/Objects-normal/x86_64/SwiftSyntaxMacros.swiftmodule -Xlinker -add_ast_path -Xlinker /Users/LL/Library/Developer/Xcode/DerivedData/SwiftUIDemo-gojcpzimnqflprcfscrvxatszhih/Build/Intermediates.noindex/swift-syntax.build/Debug/SwiftSyntax509.build/Objects-normal/x86_64/SwiftSyntax509.swiftmodule -Xlinker -add_ast_path -Xlinker /Users/LL/Library/Developer/Xcode/DerivedData/SwiftUIDemo-gojcpzimnqflprcfscrvxatszhih/Build/Intermediates.noindex/swift-syntax.build/Debug/SwiftSyntax510.build/Objects-normal/x86_64/SwiftSyntax510.swiftmodule -Xlinker -add_ast_path -Xlinker /Users/LL/Library/Developer/Xcode/DerivedData/SwiftUIDemo-gojcpzimnqflprcfscrvxatszhih/Build/Intermediates.noindex/swift-syntax.build/Debug/SwiftSyntax600.build/Objects-normal/x86_64/SwiftSyntax600.swiftmodule -Xlinker -add_ast_path -Xlinker /Users/LL/Library/Developer/Xcode/DerivedData/SwiftUIDemo-gojcpzimnqflprcfscrvxatszhih/Build/Intermediates.noindex/swift-syntax.build/Debug/SwiftSyntax601.build/Objects-normal/x86_64/SwiftSyntax601.swiftmodule -Xlinker -add_ast_path -Xlinker /Users/LL/Library/Developer/Xcode/DerivedData/SwiftUIDemo-gojcpzimnqflprcfscrvxatszhih/Build/Intermediates.noindex/swift-syntax.build/Debug/SwiftSyntax.build/Objects-normal/x86_64/SwiftSyntax.swiftmodule -Xlinker -add_ast_path -Xlinker /Users/LL/Library/Developer/Xcode/DerivedData/SwiftUIDemo-gojcpzimnqflprcfscrvxatszhih/Build/Intermediates.noindex/swift-syntax.build/Debug/SwiftDiagnostics.build/Objects-normal/x86_64/SwiftDiagnostics.swiftmodule -Xlinker -add_ast_path -Xlinker /Users/LL/Library/Developer/Xcode/DerivedData/SwiftUIDemo-gojcpzimnqflprcfscrvxatszhih/Build/Intermediates.noindex/swift-syntax.build/Debug/SwiftParser.build/Objects-normal/x86_64/SwiftParser.swiftmodule -Xlinker -add_ast_path -Xlinker /Users/LL/Library/Developer/Xcode/DerivedData/SwiftUIDemo-gojcpzimnqflprcfscrvxatszhih/Build/Intermediates.noindex/swift-syntax.build/Debug/SwiftBasicFormat.build/Objects-normal/x86_64/SwiftBasicFormat.swiftmodule -Xlinker -add_ast_path -Xlinker /Users/LL/Library/Developer/Xcode/DerivedData/SwiftUIDemo-gojcpzimnqflprcfscrvxatszhih/Build/Intermediates.noindex/swift-syntax.build/Debug/SwiftParserDiagnostics.build/Objects-normal/x86_64/SwiftParserDiagnostics.swiftmodule -Xlinker -add_ast_path -Xlinker /Users/LL/Library/Developer/Xcode/DerivedData/SwiftUIDemo-gojcpzimnqflprcfscrvxatszhih/Build/Intermediates.noindex/swift-syntax.build/Debug/SwiftSyntaxBuilder.build/Objects-normal/x86_64/SwiftSyntaxBuilder.swiftmodule -Xlinker -add_ast_path -Xlinker /Users/LL/Library/Developer/Xcode/DerivedData/SwiftUIDemo-gojcpzimnqflprcfscrvxatszhih/Build/Intermediates.noindex/swift-syntax.build/Debug/SwiftCompilerPlugin.build/Objects-normal/x86_64/SwiftCompilerPlugin.swiftmodule -Xlinker -add_ast_path -Xlinker /Users/LL/Library/Developer/Xcode/DerivedData/SwiftUIDemo-gojcpzimnqflprcfscrvxatszhih/Build/Intermediates.noindex/swift-syntax.build/Debug/SwiftOperators.build/Objects-normal/x86_64/SwiftOperators.swiftmodule -Xlinker -add_ast_path -Xlinker /Users/LL/Library/Developer/Xcode/DerivedData/SwiftUIDemo-gojcpzimnqflprcfscrvxatszhih/Build/Intermediates.noindex/swift-syntax.build/Debug/SwiftSyntaxMacroExpansion.build/Objects-normal/x86_64/SwiftSyntaxMacroExpansion.swiftmodule -Xlinker -add_ast_path -Xlinker /Users/LL/Library/Developer/Xcode/DerivedData/SwiftUIDemo-gojcpzimnqflprcfscrvxatszhih/Build/Intermediates.noindex/swift-syntax.build/Debug/SwiftCompilerPluginMessageHandling.build/Objects-normal/x86_64/SwiftCompilerPluginMessageHandling.swiftmodule

SwiftDriverJobDiscovery normal x86_64 Compiling Plugins.swift (in target 'ComposableArchitectureMacros' from project 'swift-composable-architecture')

RegisterExecutionPolicyException /Users/LL/Library/Developer/Xcode/DerivedData/SwiftUIDemo-gojcpzimnqflprcfscrvxatszhih/Build/Products/Debug/PerceptionMacros (in target 'PerceptionMacros' from project 'swift-perception')
    cd /Users/LL/Library/Developer/Xcode/DerivedData/SwiftUIDemo-gojcpzimnqflprcfscrvxatszhih/SourcePackages/checkouts/swift-perception
    builtin-RegisterExecutionPolicyException /Users/LL/Library/Developer/Xcode/DerivedData/SwiftUIDemo-gojcpzimnqflprcfscrvxatszhih/Build/Products/Debug/PerceptionMacros

SwiftDriverJobDiscovery normal x86_64 Compiling ViewActionMacro.swift (in target 'ComposableArchitectureMacros' from project 'swift-composable-architecture')

SwiftDriver Perception normal arm64 com.apple.xcode.tools.swift.compiler (in target 'Perception' from project 'swift-perception')
    cd /Users/LL/Documents/wordspace/SwiftUIImprove/SwiftUIDemo/SwiftUIDemo.xcodeproj
    builtin-SwiftDriver -- /Applications/Xcode.app/Contents/Developer/Toolchains/XcodeDefault.xctoolchain/usr/bin/swiftc -module-name Perception -Onone -enforce-exclusivity\=checked @/Users/LL/Library/Developer/Xcode/DerivedData/SwiftUIDemo-gojcpzimnqflprcfscrvxatszhih/Build/Intermediates.noindex/swift-perception.build/Debug-iphonesimulator/Perception.build/Objects-normal/arm64/Perception.SwiftFileList -DSWIFT_PACKAGE -DDEBUG -DXcode -plugin-path /Applications/Xcode.app/Contents/Developer/Toolchains/XcodeDefault.xctoolchain/usr/lib/swift/host/plugins/testing -enable-experimental-feature DebugDescriptionMacro -sdk /Applications/Xcode.app/Contents/Developer/Platforms/iPhoneSimulator.platform/Developer/SDKs/iPhoneSimulator18.4.sdk -target arm64-apple-ios13.0-simulator -g -module-cache-path /Users/LL/Library/Developer/Xcode/DerivedData/ModuleCache.noindex -Xfrontend -serialize-debugging-options -profile-coverage-mapping -profile-generate -enable-testing -suppress-warnings -index-store-path /Users/LL/Library/Developer/Xcode/DerivedData/SwiftUIDemo-gojcpzimnqflprcfscrvxatszhih/Index.noindex/DataStore -swift-version 5 -I /Users/LL/Library/Developer/Xcode/DerivedData/SwiftUIDemo-gojcpzimnqflprcfscrvxatszhih/Build/Products/Debug-iphonesimulator -I /Applications/Xcode.app/Contents/Developer/Platforms/iPhoneSimulator.platform/Developer/usr/lib -F /Users/LL/Library/Developer/Xcode/DerivedData/SwiftUIDemo-gojcpzimnqflprcfscrvxatszhih/Build/Products/Debug-iphonesimulator/PackageFrameworks -F /Users/LL/Library/Developer/Xcode/DerivedData/SwiftUIDemo-gojcpzimnqflprcfscrvxatszhih/Build/Products/Debug-iphonesimulator/PackageFrameworks -F /Users/LL/Library/Developer/Xcode/DerivedData/SwiftUIDemo-gojcpzimnqflprcfscrvxatszhih/Build/Products/Debug-iphonesimulator/PackageFrameworks -F /Users/LL/Library/Developer/Xcode/DerivedData/SwiftUIDemo-gojcpzimnqflprcfscrvxatszhih/Build/Products/Debug-iphonesimulator -F /Applications/Xcode.app/Contents/Developer/Platforms/iPhoneSimulator.platform/Developer/Library/Frameworks -F /Applications/Xcode.app/Contents/Developer/Platforms/iPhoneSimulator.platform/Developer/SDKs/iPhoneSimulator18.4.sdk/Developer/Library/Frameworks -Xfrontend -load-plugin-executable -Xfrontend /Users/LL/Library/Developer/Xcode/DerivedData/SwiftUIDemo-gojcpzimnqflprcfscrvxatszhih/Build/Products/Debug/PerceptionMacros\#PerceptionMacros -c -j10 -enable-batch-mode -incremental -Xcc -ivfsstatcache -Xcc /Users/LL/Library/Developer/Xcode/DerivedData/SDKStatCaches.noindex/iphonesimulator18.4-22E235-71825a6d136aa4733edcbe86ece5525b.sdkstatcache -output-file-map /Users/LL/Library/Developer/Xcode/DerivedData/SwiftUIDemo-gojcpzimnqflprcfscrvxatszhih/Build/Intermediates.noindex/swift-perception.build/Debug-iphonesimulator/Perception.build/Objects-normal/arm64/Perception-OutputFileMap.json -use-frontend-parseable-output -save-temps -no-color-diagnostics -serialize-diagnostics -emit-dependencies -emit-module -emit-module-path /Users/LL/Library/Developer/Xcode/DerivedData/SwiftUIDemo-gojcpzimnqflprcfscrvxatszhih/Build/Intermediates.noindex/swift-perception.build/Debug-iphonesimulator/Perception.build/Objects-normal/arm64/Perception.swiftmodule -user-module-version 2.0.7 -validate-clang-modules-once -clang-build-session-file /Users/LL/Library/Developer/Xcode/DerivedData/ModuleCache.noindex/Session.modulevalidation -package-name swift_perception -Xcc -I/Users/LL/Library/Developer/Xcode/DerivedData/SwiftUIDemo-gojcpzimnqflprcfscrvxatszhih/Build/Intermediates.noindex/swift-perception.build/Debug-iphonesimulator/Perception.build/swift-overrides.hmap -emit-const-values -Xfrontend -const-gather-protocols-file -Xfrontend /Users/LL/Library/Developer/Xcode/DerivedData/SwiftUIDemo-gojcpzimnqflprcfscrvxatszhih/Build/Intermediates.noindex/swift-perception.build/Debug-iphonesimulator/Perception.build/Objects-normal/arm64/Perception_const_extract_protocols.json -Xcc -I/Users/LL/Library/Developer/Xcode/DerivedData/SwiftUIDemo-gojcpzimnqflprcfscrvxatszhih/Build/Products/Debug-iphonesimulator/include -Xcc -I/Users/LL/Library/Developer/Xcode/DerivedData/SwiftUIDemo-gojcpzimnqflprcfscrvxatszhih/Build/Intermediates.noindex/swift-perception.build/Debug-iphonesimulator/Perception.build/DerivedSources-normal/arm64 -Xcc -I/Users/LL/Library/Developer/Xcode/DerivedData/SwiftUIDemo-gojcpzimnqflprcfscrvxatszhih/Build/Intermediates.noindex/swift-perception.build/Debug-iphonesimulator/Perception.build/DerivedSources/arm64 -Xcc -I/Users/LL/Library/Developer/Xcode/DerivedData/SwiftUIDemo-gojcpzimnqflprcfscrvxatszhih/Build/Intermediates.noindex/swift-perception.build/Debug-iphonesimulator/Perception.build/DerivedSources -Xcc -DSWIFT_PACKAGE -Xcc -DDEBUG\=1 -emit-objc-header -emit-objc-header-path /Users/LL/Library/Developer/Xcode/DerivedData/SwiftUIDemo-gojcpzimnqflprcfscrvxatszhih/Build/Intermediates.noindex/swift-perception.build/Debug-iphonesimulator/Perception.build/Objects-normal/arm64/Perception-Swift.h -working-directory /Users/LL/Documents/wordspace/SwiftUIImprove/SwiftUIDemo/SwiftUIDemo.xcodeproj -experimental-emit-module-separately -disable-cmo

SwiftEmitModule normal arm64 Emitting\ module\ for\ Perception (in target 'Perception' from project 'swift-perception')
EmitSwiftModule normal arm64 (in target 'Perception' from project 'swift-perception')
    cd /Users/LL/Documents/wordspace/SwiftUIImprove/SwiftUIDemo/SwiftUIDemo.xcodeproj
    

LLVM Profile Error: Failed to write file "default.profraw": Operation not permitted
SwiftCompile normal arm64 Compiling\ Macros.swift /Users/LL/Library/Developer/Xcode/DerivedData/SwiftUIDemo-gojcpzimnqflprcfscrvxatszhih/SourcePackages/checkouts/swift-perception/Sources/Perception/Macros.swift (in target 'Perception' from project 'swift-perception')
SwiftCompile normal arm64 /Users/LL/Library/Developer/Xcode/DerivedData/SwiftUIDemo-gojcpzimnqflprcfscrvxatszhih/SourcePackages/checkouts/swift-perception/Sources/Perception/Macros.swift (in target 'Perception' from project 'swift-perception')
    cd /Users/LL/Documents/wordspace/SwiftUIImprove/SwiftUIDemo/SwiftUIDemo.xcodeproj
    

LLVM Profile Error: Failed to write file "default.profraw": Operation not permitted
RegisterExecutionPolicyException /Users/LL/Library/Developer/Xcode/DerivedData/SwiftUIDemo-gojcpzimnqflprcfscrvxatszhih/Build/Products/Debug/DependenciesMacrosPlugin (in target 'DependenciesMacrosPlugin' from project 'swift-dependencies')
    cd /Users/LL/Library/Developer/Xcode/DerivedData/SwiftUIDemo-gojcpzimnqflprcfscrvxatszhih/SourcePackages/checkouts/swift-dependencies
    builtin-RegisterExecutionPolicyException /Users/LL/Library/Developer/Xcode/DerivedData/SwiftUIDemo-gojcpzimnqflprcfscrvxatszhih/Build/Products/Debug/DependenciesMacrosPlugin

SwiftDriver DependenciesMacros normal arm64 com.apple.xcode.tools.swift.compiler (in target 'DependenciesMacros' from project 'swift-dependencies')
    cd /Users/LL/Documents/wordspace/SwiftUIImprove/SwiftUIDemo/SwiftUIDemo.xcodeproj
    builtin-SwiftDriver -- /Applications/Xcode.app/Contents/Developer/Toolchains/XcodeDefault.xctoolchain/usr/bin/swiftc -module-name DependenciesMacros -Onone -enforce-exclusivity\=checked @/Users/LL/Library/Developer/Xcode/DerivedData/SwiftUIDemo-gojcpzimnqflprcfscrvxatszhih/Build/Intermediates.noindex/swift-dependencies.build/Debug-iphonesimulator/DependenciesMacros.build/Objects-normal/arm64/DependenciesMacros.SwiftFileList -DSWIFT_PACKAGE -DDEBUG -DXcode -plugin-path /Applications/Xcode.app/Contents/Developer/Toolchains/XcodeDefault.xctoolchain/usr/lib/swift/host/plugins/testing -enable-experimental-feature DebugDescriptionMacro -sdk /Applications/Xcode.app/Contents/Developer/Platforms/iPhoneSimulator.platform/Developer/SDKs/iPhoneSimulator18.4.sdk -target arm64-apple-ios13.0-simulator -g -module-cache-path /Users/LL/Library/Developer/Xcode/DerivedData/ModuleCache.noindex -Xfrontend -serialize-debugging-options -profile-coverage-mapping -profile-generate -enable-testing -suppress-warnings -index-store-path /Users/LL/Library/Developer/Xcode/DerivedData/SwiftUIDemo-gojcpzimnqflprcfscrvxatszhih/Index.noindex/DataStore -swift-version 6 -I /Users/LL/Library/Developer/Xcode/DerivedData/SwiftUIDemo-gojcpzimnqflprcfscrvxatszhih/Build/Products/Debug-iphonesimulator -I /Applications/Xcode.app/Contents/Developer/Platforms/iPhoneSimulator.platform/Developer/usr/lib -F /Users/LL/Library/Developer/Xcode/DerivedData/SwiftUIDemo-gojcpzimnqflprcfscrvxatszhih/Build/Products/Debug-iphonesimulator/PackageFrameworks -F /Users/LL/Library/Developer/Xcode/DerivedData/SwiftUIDemo-gojcpzimnqflprcfscrvxatszhih/Build/Products/Debug-iphonesimulator/PackageFrameworks -F /Users/LL/Library/Developer/Xcode/DerivedData/SwiftUIDemo-gojcpzimnqflprcfscrvxatszhih/Build/Products/Debug-iphonesimulator/PackageFrameworks -F /Users/LL/Library/Developer/Xcode/DerivedData/SwiftUIDemo-gojcpzimnqflprcfscrvxatszhih/Build/Products/Debug-iphonesimulator -F /Applications/Xcode.app/Contents/Developer/Platforms/iPhoneSimulator.platform/Developer/Library/Frameworks -F /Applications/Xcode.app/Contents/Developer/Platforms/iPhoneSimulator.platform/Developer/SDKs/iPhoneSimulator18.4.sdk/Developer/Library/Frameworks -Xfrontend -load-plugin-executable -Xfrontend /Users/LL/Library/Developer/Xcode/DerivedData/SwiftUIDemo-gojcpzimnqflprcfscrvxatszhih/Build/Products/Debug/DependenciesMacrosPlugin\#DependenciesMacrosPlugin -c -j10 -enable-batch-mode -incremental -Xcc -ivfsstatcache -Xcc /Users/LL/Library/Developer/Xcode/DerivedData/SDKStatCaches.noindex/iphonesimulator18.4-22E235-71825a6d136aa4733edcbe86ece5525b.sdkstatcache -output-file-map /Users/LL/Library/Developer/Xcode/DerivedData/SwiftUIDemo-gojcpzimnqflprcfscrvxatszhih/Build/Intermediates.noindex/swift-dependencies.build/Debug-iphonesimulator/DependenciesMacros.build/Objects-normal/arm64/DependenciesMacros-OutputFileMap.json -use-frontend-parseable-output -save-temps -no-color-diagnostics -serialize-diagnostics -emit-dependencies -emit-module -emit-module-path /Users/LL/Library/Developer/Xcode/DerivedData/SwiftUIDemo-gojcpzimnqflprcfscrvxatszhih/Build/Intermediates.noindex/swift-dependencies.build/Debug-iphonesimulator/DependenciesMacros.build/Objects-normal/arm64/DependenciesMacros.swiftmodule -user-module-version 1.9.4 -validate-clang-modules-once -clang-build-session-file /Users/LL/Library/Developer/Xcode/DerivedData/ModuleCache.noindex/Session.modulevalidation -package-name swift_dependencies -Xcc -I/Users/LL/Library/Developer/Xcode/DerivedData/SwiftUIDemo-gojcpzimnqflprcfscrvxatszhih/Build/Intermediates.noindex/swift-dependencies.build/Debug-iphonesimulator/DependenciesMacros.build/swift-overrides.hmap -emit-const-values -Xfrontend -const-gather-protocols-file -Xfrontend /Users/LL/Library/Developer/Xcode/DerivedData/SwiftUIDemo-gojcpzimnqflprcfscrvxatszhih/Build/Intermediates.noindex/swift-dependencies.build/Debug-iphonesimulator/DependenciesMacros.build/Objects-normal/arm64/DependenciesMacros_const_extract_protocols.json -Xcc -I/Users/LL/Library/Developer/Xcode/DerivedData/SwiftUIDemo-gojcpzimnqflprcfscrvxatszhih/Build/Products/Debug-iphonesimulator/include -Xcc -I/Users/LL/Library/Developer/Xcode/DerivedData/SwiftUIDemo-gojcpzimnqflprcfscrvxatszhih/Build/Intermediates.noindex/swift-dependencies.build/Debug-iphonesimulator/DependenciesMacros.build/DerivedSources-normal/arm64 -Xcc -I/Users/LL/Library/Developer/Xcode/DerivedData/SwiftUIDemo-gojcpzimnqflprcfscrvxatszhih/Build/Intermediates.noindex/swift-dependencies.build/Debug-iphonesimulator/DependenciesMacros.build/DerivedSources/arm64 -Xcc -I/Users/LL/Library/Developer/Xcode/DerivedData/SwiftUIDemo-gojcpzimnqflprcfscrvxatszhih/Build/Intermediates.noindex/swift-dependencies.build/Debug-iphonesimulator/DependenciesMacros.build/DerivedSources -Xcc -DSWIFT_PACKAGE -Xcc -DDEBUG\=1 -emit-objc-header -emit-objc-header-path /Users/LL/Library/Developer/Xcode/DerivedData/SwiftUIDemo-gojcpzimnqflprcfscrvxatszhih/Build/Intermediates.noindex/swift-dependencies.build/Debug-iphonesimulator/DependenciesMacros.build/Objects-normal/arm64/DependenciesMacros-Swift.h -working-directory /Users/LL/Documents/wordspace/SwiftUIImprove/SwiftUIDemo/SwiftUIDemo.xcodeproj -experimental-emit-module-separately -disable-cmo

SwiftEmitModule normal arm64 Emitting\ module\ for\ DependenciesMacros (in target 'DependenciesMacros' from project 'swift-dependencies')
EmitSwiftModule normal arm64 (in target 'DependenciesMacros' from project 'swift-dependencies')
    cd /Users/LL/Documents/wordspace/SwiftUIImprove/SwiftUIDemo/SwiftUIDemo.xcodeproj
    

LLVM Profile Error: Failed to write file "default.profraw": Operation not permitted
SwiftCompile normal arm64 Compiling\ Macros.swift /Users/LL/Library/Developer/Xcode/DerivedData/SwiftUIDemo-gojcpzimnqflprcfscrvxatszhih/SourcePackages/checkouts/swift-dependencies/Sources/DependenciesMacros/Macros.swift (in target 'DependenciesMacros' from project 'swift-dependencies')
SwiftCompile normal arm64 /Users/LL/Library/Developer/Xcode/DerivedData/SwiftUIDemo-gojcpzimnqflprcfscrvxatszhih/SourcePackages/checkouts/swift-dependencies/Sources/DependenciesMacros/Macros.swift (in target 'DependenciesMacros' from project 'swift-dependencies')
    cd /Users/LL/Documents/wordspace/SwiftUIImprove/SwiftUIDemo/SwiftUIDemo.xcodeproj
    

LLVM Profile Error: Failed to write file "default.profraw": Operation not permitted
RegisterExecutionPolicyException /Users/LL/Library/Developer/Xcode/DerivedData/SwiftUIDemo-gojcpzimnqflprcfscrvxatszhih/Build/Products/Debug/CasePathsMacros (in target 'CasePathsMacros' from project 'swift-case-paths')
    cd /Users/LL/Library/Developer/Xcode/DerivedData/SwiftUIDemo-gojcpzimnqflprcfscrvxatszhih/SourcePackages/checkouts/swift-case-paths
    builtin-RegisterExecutionPolicyException /Users/LL/Library/Developer/Xcode/DerivedData/SwiftUIDemo-gojcpzimnqflprcfscrvxatszhih/Build/Products/Debug/CasePathsMacros

SwiftDriverJobDiscovery normal x86_64 Compiling PresentsMacro.swift (in target 'ComposableArchitectureMacros' from project 'swift-composable-architecture')

SwiftDriver CasePaths normal arm64 com.apple.xcode.tools.swift.compiler (in target 'CasePaths' from project 'swift-case-paths')
    cd /Users/LL/Documents/wordspace/SwiftUIImprove/SwiftUIDemo/SwiftUIDemo.xcodeproj
    builtin-SwiftDriver -- /Applications/Xcode.app/Contents/Developer/Toolchains/XcodeDefault.xctoolchain/usr/bin/swiftc -module-name CasePaths -Onone -enforce-exclusivity\=checked @/Users/LL/Library/Developer/Xcode/DerivedData/SwiftUIDemo-gojcpzimnqflprcfscrvxatszhih/Build/Intermediates.noindex/swift-case-paths.build/Debug-iphonesimulator/CasePaths.build/Objects-normal/arm64/CasePaths.SwiftFileList -DSWIFT_PACKAGE -DDEBUG -DXcode -plugin-path /Applications/Xcode.app/Contents/Developer/Toolchains/XcodeDefault.xctoolchain/usr/lib/swift/host/plugins/testing -enable-experimental-feature DebugDescriptionMacro -sdk /Applications/Xcode.app/Contents/Developer/Platforms/iPhoneSimulator.platform/Developer/SDKs/iPhoneSimulator18.4.sdk -target arm64-apple-ios13.0-simulator -g -module-cache-path /Users/LL/Library/Developer/Xcode/DerivedData/ModuleCache.noindex -Xfrontend -serialize-debugging-options -profile-coverage-mapping -profile-generate -enable-testing -suppress-warnings -index-store-path /Users/LL/Library/Developer/Xcode/DerivedData/SwiftUIDemo-gojcpzimnqflprcfscrvxatszhih/Index.noindex/DataStore -swift-version 6 -I /Users/LL/Library/Developer/Xcode/DerivedData/SwiftUIDemo-gojcpzimnqflprcfscrvxatszhih/Build/Products/Debug-iphonesimulator -I /Applications/Xcode.app/Contents/Developer/Platforms/iPhoneSimulator.platform/Developer/usr/lib -F /Users/LL/Library/Developer/Xcode/DerivedData/SwiftUIDemo-gojcpzimnqflprcfscrvxatszhih/Build/Products/Debug-iphonesimulator/PackageFrameworks -F /Users/LL/Library/Developer/Xcode/DerivedData/SwiftUIDemo-gojcpzimnqflprcfscrvxatszhih/Build/Products/Debug-iphonesimulator/PackageFrameworks -F /Users/LL/Library/Developer/Xcode/DerivedData/SwiftUIDemo-gojcpzimnqflprcfscrvxatszhih/Build/Products/Debug-iphonesimulator/PackageFrameworks -F /Users/LL/Library/Developer/Xcode/DerivedData/SwiftUIDemo-gojcpzimnqflprcfscrvxatszhih/Build/Products/Debug-iphonesimulator/PackageFrameworks -F /Users/LL/Library/Developer/Xcode/DerivedData/SwiftUIDemo-gojcpzimnqflprcfscrvxatszhih/Build/Products/Debug-iphonesimulator -F /Applications/Xcode.app/Contents/Developer/Platforms/iPhoneSimulator.platform/Developer/Library/Frameworks -F /Applications/Xcode.app/Contents/Developer/Platforms/iPhoneSimulator.platform/Developer/SDKs/iPhoneSimulator18.4.sdk/Developer/Library/Frameworks -Xfrontend -load-plugin-executable -Xfrontend /Users/LL/Library/Developer/Xcode/DerivedData/SwiftUIDemo-gojcpzimnqflprcfscrvxatszhih/Build/Products/Debug/CasePathsMacros\#CasePathsMacros -c -j10 -enable-batch-mode -incremental -Xcc -ivfsstatcache -Xcc /Users/LL/Library/Developer/Xcode/DerivedData/SDKStatCaches.noindex/iphonesimulator18.4-22E235-71825a6d136aa4733edcbe86ece5525b.sdkstatcache -output-file-map /Users/LL/Library/Developer/Xcode/DerivedData/SwiftUIDemo-gojcpzimnqflprcfscrvxatszhih/Build/Intermediates.noindex/swift-case-paths.build/Debug-iphonesimulator/CasePaths.build/Objects-normal/arm64/CasePaths-OutputFileMap.json -use-frontend-parseable-output -save-temps -no-color-diagnostics -serialize-diagnostics -emit-dependencies -emit-module -emit-module-path /Users/LL/Library/Developer/Xcode/DerivedData/SwiftUIDemo-gojcpzimnqflprcfscrvxatszhih/Build/Intermediates.noindex/swift-case-paths.build/Debug-iphonesimulator/CasePaths.build/Objects-normal/arm64/CasePaths.swiftmodule -user-module-version 1.7.1 -validate-clang-modules-once -clang-build-session-file /Users/LL/Library/Developer/Xcode/DerivedData/ModuleCache.noindex/Session.modulevalidation -package-name swift_case_paths -Xcc -I/Users/LL/Library/Developer/Xcode/DerivedData/SwiftUIDemo-gojcpzimnqflprcfscrvxatszhih/Build/Intermediates.noindex/swift-case-paths.build/Debug-iphonesimulator/CasePaths.build/swift-overrides.hmap -emit-const-values -Xfrontend -const-gather-protocols-file -Xfrontend /Users/LL/Library/Developer/Xcode/DerivedData/SwiftUIDemo-gojcpzimnqflprcfscrvxatszhih/Build/Intermediates.noindex/swift-case-paths.build/Debug-iphonesimulator/CasePaths.build/Objects-normal/arm64/CasePaths_const_extract_protocols.json -Xcc -I/Users/LL/Library/Developer/Xcode/DerivedData/SwiftUIDemo-gojcpzimnqflprcfscrvxatszhih/Build/Products/Debug-iphonesimulator/include -Xcc -I/Users/LL/Library/Developer/Xcode/DerivedData/SwiftUIDemo-gojcpzimnqflprcfscrvxatszhih/Build/Intermediates.noindex/swift-case-paths.build/Debug-iphonesimulator/CasePaths.build/DerivedSources-normal/arm64 -Xcc -I/Users/LL/Library/Developer/Xcode/DerivedData/SwiftUIDemo-gojcpzimnqflprcfscrvxatszhih/Build/Intermediates.noindex/swift-case-paths.build/Debug-iphonesimulator/CasePaths.build/DerivedSources/arm64 -Xcc -I/Users/LL/Library/Developer/Xcode/DerivedData/SwiftUIDemo-gojcpzimnqflprcfscrvxatszhih/Build/Intermediates.noindex/swift-case-paths.build/Debug-iphonesimulator/CasePaths.build/DerivedSources -Xcc -DSWIFT_PACKAGE -Xcc -DDEBUG\=1 -emit-objc-header -emit-objc-header-path /Users/LL/Library/Developer/Xcode/DerivedData/SwiftUIDemo-gojcpzimnqflprcfscrvxatszhih/Build/Intermediates.noindex/swift-case-paths.build/Debug-iphonesimulator/CasePaths.build/Objects-normal/arm64/CasePaths-Swift.h -working-directory /Users/LL/Documents/wordspace/SwiftUIImprove/SwiftUIDemo/SwiftUIDemo.xcodeproj -experimental-emit-module-separately -disable-cmo

SwiftCompile normal arm64 Compiling\ Macros.swift /Users/LL/Library/Developer/Xcode/DerivedData/SwiftUIDemo-gojcpzimnqflprcfscrvxatszhih/SourcePackages/checkouts/swift-case-paths/Sources/CasePaths/Macros.swift (in target 'CasePaths' from project 'swift-case-paths')
SwiftCompile normal arm64 /Users/LL/Library/Developer/Xcode/DerivedData/SwiftUIDemo-gojcpzimnqflprcfscrvxatszhih/SourcePackages/checkouts/swift-case-paths/Sources/CasePaths/Macros.swift (in target 'CasePaths' from project 'swift-case-paths')
    cd /Users/LL/Documents/wordspace/SwiftUIImprove/SwiftUIDemo/SwiftUIDemo.xcodeproj
    

LLVM Profile Error: Failed to write file "default.profraw": Operation not permitted
SwiftEmitModule normal arm64 Emitting\ module\ for\ CasePaths (in target 'CasePaths' from project 'swift-case-paths')
EmitSwiftModule normal arm64 (in target 'CasePaths' from project 'swift-case-paths')
    cd /Users/LL/Documents/wordspace/SwiftUIImprove/SwiftUIDemo/SwiftUIDemo.xcodeproj
    

LLVM Profile Error: Failed to write file "default.profraw": Operation not permitted
SwiftDriverJobDiscovery normal x86_64 Compiling Extensions.swift (in target 'ComposableArchitectureMacros' from project 'swift-composable-architecture')

SwiftDriverJobDiscovery normal x86_64 Compiling ObservableStateMacro.swift (in target 'ComposableArchitectureMacros' from project 'swift-composable-architecture')

SwiftDriverJobDiscovery normal x86_64 Compiling ReducerMacro.swift (in target 'ComposableArchitectureMacros' from project 'swift-composable-architecture')

SwiftDriver\ Compilation ComposableArchitectureMacros normal x86_64 com.apple.xcode.tools.swift.compiler (in target 'ComposableArchitectureMacros' from project 'swift-composable-architecture')
    cd /Users/LL/Documents/wordspace/SwiftUIImprove/SwiftUIDemo/SwiftUIDemo.xcodeproj
    builtin-Swift-Compilation -- /Applications/Xcode.app/Contents/Developer/Toolchains/XcodeDefault.xctoolchain/usr/bin/swiftc -module-name ComposableArchitectureMacros -Onone -enforce-exclusivity\=checked @/Users/LL/Library/Developer/Xcode/DerivedData/SwiftUIDemo-gojcpzimnqflprcfscrvxatszhih/Build/Intermediates.noindex/swift-composable-architecture.build/Debug/ComposableArchitectureMacros.build/Objects-normal/x86_64/ComposableArchitectureMacros.SwiftFileList -DSWIFT_PACKAGE -DDEBUG -DXcode -enable-upcoming-feature ExistentialAny -plugin-path /Applications/Xcode.app/Contents/Developer/Toolchains/XcodeDefault.xctoolchain/usr/lib/swift/host/plugins/testing -enable-experimental-feature DebugDescriptionMacro -sdk /Applications/Xcode.app/Contents/Developer/Platforms/MacOSX.platform/Developer/SDKs/MacOSX15.4.sdk -target x86_64-apple-macos10.15 -g -module-cache-path /Users/LL/Library/Developer/Xcode/DerivedData/ModuleCache.noindex -Xfrontend -serialize-debugging-options -profile-coverage-mapping -profile-generate -enable-testing -suppress-warnings -index-store-path /Users/LL/Library/Developer/Xcode/DerivedData/SwiftUIDemo-gojcpzimnqflprcfscrvxatszhih/Index.noindex/DataStore -swift-version 6 -I /Users/LL/Library/Developer/Xcode/DerivedData/SwiftUIDemo-gojcpzimnqflprcfscrvxatszhih/Build/Products/Debug -I /Applications/Xcode.app/Contents/Developer/Platforms/MacOSX.platform/Developer/usr/lib -F /Users/LL/Library/Developer/Xcode/DerivedData/SwiftUIDemo-gojcpzimnqflprcfscrvxatszhih/Build/Products/Debug/PackageFrameworks -F /Users/LL/Library/Developer/Xcode/DerivedData/SwiftUIDemo-gojcpzimnqflprcfscrvxatszhih/Build/Products/Debug/PackageFrameworks -F /Users/LL/Library/Developer/Xcode/DerivedData/SwiftUIDemo-gojcpzimnqflprcfscrvxatszhih/Build/Products/Debug/PackageFrameworks -F /Users/LL/Library/Developer/Xcode/DerivedData/SwiftUIDemo-gojcpzimnqflprcfscrvxatszhih/Build/Products/Debug/PackageFrameworks -F /Users/LL/Library/Developer/Xcode/DerivedData/SwiftUIDemo-gojcpzimnqflprcfscrvxatszhih/Build/Products/Debug/PackageFrameworks -F /Users/LL/Library/Developer/Xcode/DerivedData/SwiftUIDemo-gojcpzimnqflprcfscrvxatszhih/Build/Products/Debug/PackageFrameworks -F /Users/LL/Library/Developer/Xcode/DerivedData/SwiftUIDemo-gojcpzimnqflprcfscrvxatszhih/Build/Products/Debug/PackageFrameworks -F /Users/LL/Library/Developer/Xcode/DerivedData/SwiftUIDemo-gojcpzimnqflprcfscrvxatszhih/Build/Products/Debug/PackageFrameworks -F /Users/LL/Library/Developer/Xcode/DerivedData/SwiftUIDemo-gojcpzimnqflprcfscrvxatszhih/Build/Products/Debug/PackageFrameworks -F /Users/LL/Library/Developer/Xcode/DerivedData/SwiftUIDemo-gojcpzimnqflprcfscrvxatszhih/Build/Products/Debug/PackageFrameworks -F /Users/LL/Library/Developer/Xcode/DerivedData/SwiftUIDemo-gojcpzimnqflprcfscrvxatszhih/Build/Products/Debug/PackageFrameworks -F /Users/LL/Library/Developer/Xcode/DerivedData/SwiftUIDemo-gojcpzimnqflprcfscrvxatszhih/Build/Products/Debug/PackageFrameworks -F /Users/LL/Library/Developer/Xcode/DerivedData/SwiftUIDemo-gojcpzimnqflprcfscrvxatszhih/Build/Products/Debug/PackageFrameworks -F /Users/LL/Library/Developer/Xcode/DerivedData/SwiftUIDemo-gojcpzimnqflprcfscrvxatszhih/Build/Products/Debug/PackageFrameworks -F /Users/LL/Library/Developer/Xcode/DerivedData/SwiftUIDemo-gojcpzimnqflprcfscrvxatszhih/Build/Products/Debug/PackageFrameworks -F /Users/LL/Library/Developer/Xcode/DerivedData/SwiftUIDemo-gojcpzimnqflprcfscrvxatszhih/Build/Products/Debug/PackageFrameworks -F /Users/LL/Library/Developer/Xcode/DerivedData/SwiftUIDemo-gojcpzimnqflprcfscrvxatszhih/Build/Products/Debug -F /Applications/Xcode.app/Contents/Developer/Platforms/MacOSX.platform/Developer/Library/Frameworks -c -j10 -enable-batch-mode -incremental -Xcc -ivfsstatcache -Xcc /Users/LL/Library/Developer/Xcode/DerivedData/SDKStatCaches.noindex/macosx15.4-24E241-88b860576fb364319593bd8fb30666b0.sdkstatcache -output-file-map /Users/LL/Library/Developer/Xcode/DerivedData/SwiftUIDemo-gojcpzimnqflprcfscrvxatszhih/Build/Intermediates.noindex/swift-composable-architecture.build/Debug/ComposableArchitectureMacros.build/Objects-normal/x86_64/ComposableArchitectureMacros-OutputFileMap.json -use-frontend-parseable-output -save-temps -no-color-diagnostics -serialize-diagnostics -emit-dependencies -emit-module -emit-module-path /Users/LL/Library/Developer/Xcode/DerivedData/SwiftUIDemo-gojcpzimnqflprcfscrvxatszhih/Build/Intermediates.noindex/swift-composable-architecture.build/Debug/ComposableArchitectureMacros.build/Objects-normal/x86_64/ComposableArchitectureMacros.swiftmodule -user-module-version 1.22.2 -validate-clang-modules-once -clang-build-session-file /Users/LL/Library/Developer/Xcode/DerivedData/ModuleCache.noindex/Session.modulevalidation -package-name swift_composable_architecture -emit-const-values -Xfrontend -const-gather-protocols-file -Xfrontend /Users/LL/Library/Developer/Xcode/DerivedData/SwiftUIDemo-gojcpzimnqflprcfscrvxatszhih/Build/Intermediates.noindex/swift-composable-architecture.build/Debug/ComposableArchitectureMacros.build/Objects-normal/x86_64/ComposableArchitectureMacros_const_extract_protocols.json -Xcc -I/Users/LL/Library/Developer/Xcode/DerivedData/SwiftUIDemo-gojcpzimnqflprcfscrvxatszhih/SourcePackages/checkouts/swift-syntax/Sources/_SwiftSyntaxCShims/include -Xcc -I/Users/LL/Library/Developer/Xcode/DerivedData/SwiftUIDemo-gojcpzimnqflprcfscrvxatszhih/Build/Products/Debug/include -Xcc -I/Users/LL/Library/Developer/Xcode/DerivedData/SwiftUIDemo-gojcpzimnqflprcfscrvxatszhih/Build/Intermediates.noindex/swift-composable-architecture.build/Debug/ComposableArchitectureMacros.build/DerivedSources-normal/x86_64 -Xcc -I/Users/LL/Library/Developer/Xcode/DerivedData/SwiftUIDemo-gojcpzimnqflprcfscrvxatszhih/Build/Intermediates.noindex/swift-composable-architecture.build/Debug/ComposableArchitectureMacros.build/DerivedSources/x86_64 -Xcc -I/Users/LL/Library/Developer/Xcode/DerivedData/SwiftUIDemo-gojcpzimnqflprcfscrvxatszhih/Build/Intermediates.noindex/swift-composable-architecture.build/Debug/ComposableArchitectureMacros.build/DerivedSources -Xcc -DSWIFT_PACKAGE -Xcc -DDEBUG\=1 -working-directory /Users/LL/Documents/wordspace/SwiftUIImprove/SwiftUIDemo/SwiftUIDemo.xcodeproj -experimental-emit-module-separately -disable-cmo

Ld /Users/LL/Library/Developer/Xcode/DerivedData/SwiftUIDemo-gojcpzimnqflprcfscrvxatszhih/Build/Products/Debug/ComposableArchitectureMacros normal (in target 'ComposableArchitectureMacros' from project 'swift-composable-architecture')
    cd /Users/LL/Library/Developer/Xcode/DerivedData/SwiftUIDemo-gojcpzimnqflprcfscrvxatszhih/SourcePackages/checkouts/swift-composable-architecture
    /Applications/Xcode.app/Contents/Developer/Toolchains/XcodeDefault.xctoolchain/usr/bin/clang -Xlinker -reproducible -target x86_64-apple-macos10.15 -isysroot /Applications/Xcode.app/Contents/Developer/Platforms/MacOSX.platform/Developer/SDKs/MacOSX15.4.sdk -O0 -w -L/Users/LL/Library/Developer/Xcode/DerivedData/SwiftUIDemo-gojcpzimnqflprcfscrvxatszhih/Build/Intermediates.noindex/EagerLinkingTBDs/Debug -L/Users/LL/Library/Developer/Xcode/DerivedData/SwiftUIDemo-gojcpzimnqflprcfscrvxatszhih/Build/Products/Debug -L/Applications/Xcode.app/Contents/Developer/Platforms/MacOSX.platform/Developer/usr/lib -F/Users/LL/Library/Developer/Xcode/DerivedData/SwiftUIDemo-gojcpzimnqflprcfscrvxatszhih/Build/Intermediates.noindex/EagerLinkingTBDs/Debug -F/Users/LL/Library/Developer/Xcode/DerivedData/SwiftUIDemo-gojcpzimnqflprcfscrvxatszhih/Build/Products/Debug/PackageFrameworks -F/Users/LL/Library/Developer/Xcode/DerivedData/SwiftUIDemo-gojcpzimnqflprcfscrvxatszhih/Build/Products/Debug/PackageFrameworks -F/Users/LL/Library/Developer/Xcode/DerivedData/SwiftUIDemo-gojcpzimnqflprcfscrvxatszhih/Build/Products/Debug/PackageFrameworks -F/Users/LL/Library/Developer/Xcode/DerivedData/SwiftUIDemo-gojcpzimnqflprcfscrvxatszhih/Build/Products/Debug/PackageFrameworks -F/Users/LL/Library/Developer/Xcode/DerivedData/SwiftUIDemo-gojcpzimnqflprcfscrvxatszhih/Build/Products/Debug/PackageFrameworks -F/Users/LL/Library/Developer/Xcode/DerivedData/SwiftUIDemo-gojcpzimnqflprcfscrvxatszhih/Build/Products/Debug/PackageFrameworks -F/Users/LL/Library/Developer/Xcode/DerivedData/SwiftUIDemo-gojcpzimnqflprcfscrvxatszhih/Build/Products/Debug/PackageFrameworks -F/Users/LL/Library/Developer/Xcode/DerivedData/SwiftUIDemo-gojcpzimnqflprcfscrvxatszhih/Build/Products/Debug/PackageFrameworks -F/Users/LL/Library/Developer/Xcode/DerivedData/SwiftUIDemo-gojcpzimnqflprcfscrvxatszhih/Build/Products/Debug/PackageFrameworks -F/Users/LL/Library/Developer/Xcode/DerivedData/SwiftUIDemo-gojcpzimnqflprcfscrvxatszhih/Build/Products/Debug/PackageFrameworks -F/Users/LL/Library/Developer/Xcode/DerivedData/SwiftUIDemo-gojcpzimnqflprcfscrvxatszhih/Build/Products/Debug/PackageFrameworks -F/Users/LL/Library/Developer/Xcode/DerivedData/SwiftUIDemo-gojcpzimnqflprcfscrvxatszhih/Build/Products/Debug/PackageFrameworks -F/Users/LL/Library/Developer/Xcode/DerivedData/SwiftUIDemo-gojcpzimnqflprcfscrvxatszhih/Build/Products/Debug/PackageFrameworks -F/Users/LL/Library/Developer/Xcode/DerivedData/SwiftUIDemo-gojcpzimnqflprcfscrvxatszhih/Build/Products/Debug/PackageFrameworks -F/Users/LL/Library/Developer/Xcode/DerivedData/SwiftUIDemo-gojcpzimnqflprcfscrvxatszhih/Build/Products/Debug/PackageFrameworks -F/Users/LL/Library/Developer/Xcode/DerivedData/SwiftUIDemo-gojcpzimnqflprcfscrvxatszhih/Build/Products/Debug/PackageFrameworks -F/Users/LL/Library/Developer/Xcode/DerivedData/SwiftUIDemo-gojcpzimnqflprcfscrvxatszhih/Build/Products/Debug -iframework /Applications/Xcode.app/Contents/Developer/Platforms/MacOSX.platform/Developer/Library/Frameworks -filelist /Users/LL/Library/Developer/Xcode/DerivedData/SwiftUIDemo-gojcpzimnqflprcfscrvxatszhih/Build/Intermediates.noindex/swift-composable-architecture.build/Debug/ComposableArchitectureMacros.build/Objects-normal/x86_64/ComposableArchitectureMacros.LinkFileList -Xlinker -rpath -Xlinker /usr/lib/swift -Xlinker -rpath -Xlinker /Users/LL/Library/Developer/Xcode/DerivedData/SwiftUIDemo-gojcpzimnqflprcfscrvxatszhih/Build/Products/Debug/PackageFrameworks -Xlinker -object_path_lto -Xlinker /Users/LL/Library/Developer/Xcode/DerivedData/SwiftUIDemo-gojcpzimnqflprcfscrvxatszhih/Build/Intermediates.noindex/swift-composable-architecture.build/Debug/ComposableArchitectureMacros.build/Objects-normal/x86_64/ComposableArchitectureMacros_lto.o -rdynamic -Xlinker -no_deduplicate -Xlinker -debug_variant -Xlinker -dependency_info -Xlinker /Users/LL/Library/Developer/Xcode/DerivedData/SwiftUIDemo-gojcpzimnqflprcfscrvxatszhih/Build/Intermediates.noindex/swift-composable-architecture.build/Debug/ComposableArchitectureMacros.build/Objects-normal/x86_64/ComposableArchitectureMacros_dependency_info.dat -fobjc-link-runtime -fprofile-instr-generate -L/Applications/Xcode.app/Contents/Developer/Toolchains/XcodeDefault.xctoolchain/usr/lib/swift/macosx -L/usr/lib/swift -Xlinker -add_ast_path -Xlinker /Users/LL/Library/Developer/Xcode/DerivedData/SwiftUIDemo-gojcpzimnqflprcfscrvxatszhih/Build/Intermediates.noindex/swift-composable-architecture.build/Debug/ComposableArchitectureMacros.build/Objects-normal/x86_64/ComposableArchitectureMacros.swiftmodule -Wl,-no_warn_duplicate_libraries -Wl,-no_warn_duplicate_libraries -Wl,-no_warn_duplicate_libraries -Wl,-no_warn_duplicate_libraries -Wl,-no_warn_duplicate_libraries -Wl,-no_warn_duplicate_libraries -Wl,-no_warn_duplicate_libraries -Wl,-no_warn_duplicate_libraries -Wl,-no_warn_duplicate_libraries -Wl,-no_warn_duplicate_libraries -Wl,-no_warn_duplicate_libraries -Wl,-no_warn_duplicate_libraries -Wl,-no_warn_duplicate_libraries -Wl,-no_warn_duplicate_libraries -Wl,-no_warn_duplicate_libraries -Wl,-no_warn_duplicate_libraries -o /Users/LL/Library/Developer/Xcode/DerivedData/SwiftUIDemo-gojcpzimnqflprcfscrvxatszhih/Build/Products/Debug/ComposableArchitectureMacros -Xlinker -add_ast_path -Xlinker /Users/LL/Library/Developer/Xcode/DerivedData/SwiftUIDemo-gojcpzimnqflprcfscrvxatszhih/Build/Intermediates.noindex/swift-syntax.build/Debug/SwiftSyntaxMacros.build/Objects-normal/x86_64/SwiftSyntaxMacros.swiftmodule -Xlinker -add_ast_path -Xlinker /Users/LL/Library/Developer/Xcode/DerivedData/SwiftUIDemo-gojcpzimnqflprcfscrvxatszhih/Build/Intermediates.noindex/swift-syntax.build/Debug/SwiftSyntax509.build/Objects-normal/x86_64/SwiftSyntax509.swiftmodule -Xlinker -add_ast_path -Xlinker /Users/LL/Library/Developer/Xcode/DerivedData/SwiftUIDemo-gojcpzimnqflprcfscrvxatszhih/Build/Intermediates.noindex/swift-syntax.build/Debug/SwiftSyntax510.build/Objects-normal/x86_64/SwiftSyntax510.swiftmodule -Xlinker -add_ast_path -Xlinker /Users/LL/Library/Developer/Xcode/DerivedData/SwiftUIDemo-gojcpzimnqflprcfscrvxatszhih/Build/Intermediates.noindex/swift-syntax.build/Debug/SwiftSyntax600.build/Objects-normal/x86_64/SwiftSyntax600.swiftmodule -Xlinker -add_ast_path -Xlinker /Users/LL/Library/Developer/Xcode/DerivedData/SwiftUIDemo-gojcpzimnqflprcfscrvxatszhih/Build/Intermediates.noindex/swift-syntax.build/Debug/SwiftSyntax601.build/Objects-normal/x86_64/SwiftSyntax601.swiftmodule -Xlinker -add_ast_path -Xlinker /Users/LL/Library/Developer/Xcode/DerivedData/SwiftUIDemo-gojcpzimnqflprcfscrvxatszhih/Build/Intermediates.noindex/swift-syntax.build/Debug/SwiftSyntax.build/Objects-normal/x86_64/SwiftSyntax.swiftmodule -Xlinker -add_ast_path -Xlinker /Users/LL/Library/Developer/Xcode/DerivedData/SwiftUIDemo-gojcpzimnqflprcfscrvxatszhih/Build/Intermediates.noindex/swift-syntax.build/Debug/SwiftDiagnostics.build/Objects-normal/x86_64/SwiftDiagnostics.swiftmodule -Xlinker -add_ast_path -Xlinker /Users/LL/Library/Developer/Xcode/DerivedData/SwiftUIDemo-gojcpzimnqflprcfscrvxatszhih/Build/Intermediates.noindex/swift-syntax.build/Debug/SwiftParser.build/Objects-normal/x86_64/SwiftParser.swiftmodule -Xlinker -add_ast_path -Xlinker /Users/LL/Library/Developer/Xcode/DerivedData/SwiftUIDemo-gojcpzimnqflprcfscrvxatszhih/Build/Intermediates.noindex/swift-syntax.build/Debug/SwiftBasicFormat.build/Objects-normal/x86_64/SwiftBasicFormat.swiftmodule -Xlinker -add_ast_path -Xlinker /Users/LL/Library/Developer/Xcode/DerivedData/SwiftUIDemo-gojcpzimnqflprcfscrvxatszhih/Build/Intermediates.noindex/swift-syntax.build/Debug/SwiftParserDiagnostics.build/Objects-normal/x86_64/SwiftParserDiagnostics.swiftmodule -Xlinker -add_ast_path -Xlinker /Users/LL/Library/Developer/Xcode/DerivedData/SwiftUIDemo-gojcpzimnqflprcfscrvxatszhih/Build/Intermediates.noindex/swift-syntax.build/Debug/SwiftSyntaxBuilder.build/Objects-normal/x86_64/SwiftSyntaxBuilder.swiftmodule -Xlinker -add_ast_path -Xlinker /Users/LL/Library/Developer/Xcode/DerivedData/SwiftUIDemo-gojcpzimnqflprcfscrvxatszhih/Build/Intermediates.noindex/swift-syntax.build/Debug/SwiftCompilerPlugin.build/Objects-normal/x86_64/SwiftCompilerPlugin.swiftmodule -Xlinker -add_ast_path -Xlinker /Users/LL/Library/Developer/Xcode/DerivedData/SwiftUIDemo-gojcpzimnqflprcfscrvxatszhih/Build/Intermediates.noindex/swift-syntax.build/Debug/SwiftOperators.build/Objects-normal/x86_64/SwiftOperators.swiftmodule -Xlinker -add_ast_path -Xlinker /Users/LL/Library/Developer/Xcode/DerivedData/SwiftUIDemo-gojcpzimnqflprcfscrvxatszhih/Build/Intermediates.noindex/swift-syntax.build/Debug/SwiftSyntaxMacroExpansion.build/Objects-normal/x86_64/SwiftSyntaxMacroExpansion.swiftmodule -Xlinker -add_ast_path -Xlinker /Users/LL/Library/Developer/Xcode/DerivedData/SwiftUIDemo-gojcpzimnqflprcfscrvxatszhih/Build/Intermediates.noindex/swift-syntax.build/Debug/SwiftCompilerPluginMessageHandling.build/Objects-normal/x86_64/SwiftCompilerPluginMessageHandling.swiftmodule

RegisterExecutionPolicyException /Users/LL/Library/Developer/Xcode/DerivedData/SwiftUIDemo-gojcpzimnqflprcfscrvxatszhih/Build/Products/Debug/ComposableArchitectureMacros (in target 'ComposableArchitectureMacros' from project 'swift-composable-architecture')
    cd /Users/LL/Library/Developer/Xcode/DerivedData/SwiftUIDemo-gojcpzimnqflprcfscrvxatszhih/SourcePackages/checkouts/swift-composable-architecture
    builtin-RegisterExecutionPolicyException /Users/LL/Library/Developer/Xcode/DerivedData/SwiftUIDemo-gojcpzimnqflprcfscrvxatszhih/Build/Products/Debug/ComposableArchitectureMacros

SwiftDriverJobDiscovery normal arm64 Emitting module for Perception (in target 'Perception' from project 'swift-perception')

SwiftDriver\ Compilation\ Requirements Perception normal arm64 com.apple.xcode.tools.swift.compiler (in target 'Perception' from project 'swift-perception')
    cd /Users/LL/Documents/wordspace/SwiftUIImprove/SwiftUIDemo/SwiftUIDemo.xcodeproj
    builtin-Swift-Compilation-Requirements -- /Applications/Xcode.app/Contents/Developer/Toolchains/XcodeDefault.xctoolchain/usr/bin/swiftc -module-name Perception -Onone -enforce-exclusivity\=checked @/Users/LL/Library/Developer/Xcode/DerivedData/SwiftUIDemo-gojcpzimnqflprcfscrvxatszhih/Build/Intermediates.noindex/swift-perception.build/Debug-iphonesimulator/Perception.build/Objects-normal/arm64/Perception.SwiftFileList -DSWIFT_PACKAGE -DDEBUG -DXcode -plugin-path /Applications/Xcode.app/Contents/Developer/Toolchains/XcodeDefault.xctoolchain/usr/lib/swift/host/plugins/testing -enable-experimental-feature DebugDescriptionMacro -sdk /Applications/Xcode.app/Contents/Developer/Platforms/iPhoneSimulator.platform/Developer/SDKs/iPhoneSimulator18.4.sdk -target arm64-apple-ios13.0-simulator -g -module-cache-path /Users/LL/Library/Developer/Xcode/DerivedData/ModuleCache.noindex -Xfrontend -serialize-debugging-options -profile-coverage-mapping -profile-generate -enable-testing -suppress-warnings -index-store-path /Users/LL/Library/Developer/Xcode/DerivedData/SwiftUIDemo-gojcpzimnqflprcfscrvxatszhih/Index.noindex/DataStore -swift-version 5 -I /Users/LL/Library/Developer/Xcode/DerivedData/SwiftUIDemo-gojcpzimnqflprcfscrvxatszhih/Build/Products/Debug-iphonesimulator -I /Applications/Xcode.app/Contents/Developer/Platforms/iPhoneSimulator.platform/Developer/usr/lib -F /Users/LL/Library/Developer/Xcode/DerivedData/SwiftUIDemo-gojcpzimnqflprcfscrvxatszhih/Build/Products/Debug-iphonesimulator/PackageFrameworks -F /Users/LL/Library/Developer/Xcode/DerivedData/SwiftUIDemo-gojcpzimnqflprcfscrvxatszhih/Build/Products/Debug-iphonesimulator/PackageFrameworks -F /Users/LL/Library/Developer/Xcode/DerivedData/SwiftUIDemo-gojcpzimnqflprcfscrvxatszhih/Build/Products/Debug-iphonesimulator/PackageFrameworks -F /Users/LL/Library/Developer/Xcode/DerivedData/SwiftUIDemo-gojcpzimnqflprcfscrvxatszhih/Build/Products/Debug-iphonesimulator -F /Applications/Xcode.app/Contents/Developer/Platforms/iPhoneSimulator.platform/Developer/Library/Frameworks -F /Applications/Xcode.app/Contents/Developer/Platforms/iPhoneSimulator.platform/Developer/SDKs/iPhoneSimulator18.4.sdk/Developer/Library/Frameworks -Xfrontend -load-plugin-executable -Xfrontend /Users/LL/Library/Developer/Xcode/DerivedData/SwiftUIDemo-gojcpzimnqflprcfscrvxatszhih/Build/Products/Debug/PerceptionMacros\#PerceptionMacros -c -j10 -enable-batch-mode -incremental -Xcc -ivfsstatcache -Xcc /Users/LL/Library/Developer/Xcode/DerivedData/SDKStatCaches.noindex/iphonesimulator18.4-22E235-71825a6d136aa4733edcbe86ece5525b.sdkstatcache -output-file-map /Users/LL/Library/Developer/Xcode/DerivedData/SwiftUIDemo-gojcpzimnqflprcfscrvxatszhih/Build/Intermediates.noindex/swift-perception.build/Debug-iphonesimulator/Perception.build/Objects-normal/arm64/Perception-OutputFileMap.json -use-frontend-parseable-output -save-temps -no-color-diagnostics -serialize-diagnostics -emit-dependencies -emit-module -emit-module-path /Users/LL/Library/Developer/Xcode/DerivedData/SwiftUIDemo-gojcpzimnqflprcfscrvxatszhih/Build/Intermediates.noindex/swift-perception.build/Debug-iphonesimulator/Perception.build/Objects-normal/arm64/Perception.swiftmodule -user-module-version 2.0.7 -validate-clang-modules-once -clang-build-session-file /Users/LL/Library/Developer/Xcode/DerivedData/ModuleCache.noindex/Session.modulevalidation -package-name swift_perception -Xcc -I/Users/LL/Library/Developer/Xcode/DerivedData/SwiftUIDemo-gojcpzimnqflprcfscrvxatszhih/Build/Intermediates.noindex/swift-perception.build/Debug-iphonesimulator/Perception.build/swift-overrides.hmap -emit-const-values -Xfrontend -const-gather-protocols-file -Xfrontend /Users/LL/Library/Developer/Xcode/DerivedData/SwiftUIDemo-gojcpzimnqflprcfscrvxatszhih/Build/Intermediates.noindex/swift-perception.build/Debug-iphonesimulator/Perception.build/Objects-normal/arm64/Perception_const_extract_protocols.json -Xcc -I/Users/LL/Library/Developer/Xcode/DerivedData/SwiftUIDemo-gojcpzimnqflprcfscrvxatszhih/Build/Products/Debug-iphonesimulator/include -Xcc -I/Users/LL/Library/Developer/Xcode/DerivedData/SwiftUIDemo-gojcpzimnqflprcfscrvxatszhih/Build/Intermediates.noindex/swift-perception.build/Debug-iphonesimulator/Perception.build/DerivedSources-normal/arm64 -Xcc -I/Users/LL/Library/Developer/Xcode/DerivedData/SwiftUIDemo-gojcpzimnqflprcfscrvxatszhih/Build/Intermediates.noindex/swift-perception.build/Debug-iphonesimulator/Perception.build/DerivedSources/arm64 -Xcc -I/Users/LL/Library/Developer/Xcode/DerivedData/SwiftUIDemo-gojcpzimnqflprcfscrvxatszhih/Build/Intermediates.noindex/swift-perception.build/Debug-iphonesimulator/Perception.build/DerivedSources -Xcc -DSWIFT_PACKAGE -Xcc -DDEBUG\=1 -emit-objc-header -emit-objc-header-path /Users/LL/Library/Developer/Xcode/DerivedData/SwiftUIDemo-gojcpzimnqflprcfscrvxatszhih/Build/Intermediates.noindex/swift-perception.build/Debug-iphonesimulator/Perception.build/Objects-normal/arm64/Perception-Swift.h -working-directory /Users/LL/Documents/wordspace/SwiftUIImprove/SwiftUIDemo/SwiftUIDemo.xcodeproj -experimental-emit-module-separately -disable-cmo

Copy /Users/LL/Library/Developer/Xcode/DerivedData/SwiftUIDemo-gojcpzimnqflprcfscrvxatszhih/Build/Products/Debug-iphonesimulator/Perception.swiftmodule/arm64-apple-ios-simulator.abi.json /Users/LL/Library/Developer/Xcode/DerivedData/SwiftUIDemo-gojcpzimnqflprcfscrvxatszhih/Build/Intermediates.noindex/swift-perception.build/Debug-iphonesimulator/Perception.build/Objects-normal/arm64/Perception.abi.json (in target 'Perception' from project 'swift-perception')
    cd /Users/LL/Library/Developer/Xcode/DerivedData/SwiftUIDemo-gojcpzimnqflprcfscrvxatszhih/SourcePackages/checkouts/swift-perception
    builtin-copy -exclude .DS_Store -exclude CVS -exclude .svn -exclude .git -exclude .hg -resolve-src-symlinks -rename /Users/LL/Library/Developer/Xcode/DerivedData/SwiftUIDemo-gojcpzimnqflprcfscrvxatszhih/Build/Intermediates.noindex/swift-perception.build/Debug-iphonesimulator/Perception.build/Objects-normal/arm64/Perception.abi.json /Users/LL/Library/Developer/Xcode/DerivedData/SwiftUIDemo-gojcpzimnqflprcfscrvxatszhih/Build/Products/Debug-iphonesimulator/Perception.swiftmodule/arm64-apple-ios-simulator.abi.json

SwiftDriverJobDiscovery normal arm64 Compiling Macros.swift (in target 'Perception' from project 'swift-perception')

SwiftDriver\ Compilation Perception normal arm64 com.apple.xcode.tools.swift.compiler (in target 'Perception' from project 'swift-perception')
    cd /Users/LL/Documents/wordspace/SwiftUIImprove/SwiftUIDemo/SwiftUIDemo.xcodeproj
    builtin-Swift-Compilation -- /Applications/Xcode.app/Contents/Developer/Toolchains/XcodeDefault.xctoolchain/usr/bin/swiftc -module-name Perception -Onone -enforce-exclusivity\=checked @/Users/LL/Library/Developer/Xcode/DerivedData/SwiftUIDemo-gojcpzimnqflprcfscrvxatszhih/Build/Intermediates.noindex/swift-perception.build/Debug-iphonesimulator/Perception.build/Objects-normal/arm64/Perception.SwiftFileList -DSWIFT_PACKAGE -DDEBUG -DXcode -plugin-path /Applications/Xcode.app/Contents/Developer/Toolchains/XcodeDefault.xctoolchain/usr/lib/swift/host/plugins/testing -enable-experimental-feature DebugDescriptionMacro -sdk /Applications/Xcode.app/Contents/Developer/Platforms/iPhoneSimulator.platform/Developer/SDKs/iPhoneSimulator18.4.sdk -target arm64-apple-ios13.0-simulator -g -module-cache-path /Users/LL/Library/Developer/Xcode/DerivedData/ModuleCache.noindex -Xfrontend -serialize-debugging-options -profile-coverage-mapping -profile-generate -enable-testing -suppress-warnings -index-store-path /Users/LL/Library/Developer/Xcode/DerivedData/SwiftUIDemo-gojcpzimnqflprcfscrvxatszhih/Index.noindex/DataStore -swift-version 5 -I /Users/LL/Library/Developer/Xcode/DerivedData/SwiftUIDemo-gojcpzimnqflprcfscrvxatszhih/Build/Products/Debug-iphonesimulator -I /Applications/Xcode.app/Contents/Developer/Platforms/iPhoneSimulator.platform/Developer/usr/lib -F /Users/LL/Library/Developer/Xcode/DerivedData/SwiftUIDemo-gojcpzimnqflprcfscrvxatszhih/Build/Products/Debug-iphonesimulator/PackageFrameworks -F /Users/LL/Library/Developer/Xcode/DerivedData/SwiftUIDemo-gojcpzimnqflprcfscrvxatszhih/Build/Products/Debug-iphonesimulator/PackageFrameworks -F /Users/LL/Library/Developer/Xcode/DerivedData/SwiftUIDemo-gojcpzimnqflprcfscrvxatszhih/Build/Products/Debug-iphonesimulator/PackageFrameworks -F /Users/LL/Library/Developer/Xcode/DerivedData/SwiftUIDemo-gojcpzimnqflprcfscrvxatszhih/Build/Products/Debug-iphonesimulator -F /Applications/Xcode.app/Contents/Developer/Platforms/iPhoneSimulator.platform/Developer/Library/Frameworks -F /Applications/Xcode.app/Contents/Developer/Platforms/iPhoneSimulator.platform/Developer/SDKs/iPhoneSimulator18.4.sdk/Developer/Library/Frameworks -Xfrontend -load-plugin-executable -Xfrontend /Users/LL/Library/Developer/Xcode/DerivedData/SwiftUIDemo-gojcpzimnqflprcfscrvxatszhih/Build/Products/Debug/PerceptionMacros\#PerceptionMacros -c -j10 -enable-batch-mode -incremental -Xcc -ivfsstatcache -Xcc /Users/LL/Library/Developer/Xcode/DerivedData/SDKStatCaches.noindex/iphonesimulator18.4-22E235-71825a6d136aa4733edcbe86ece5525b.sdkstatcache -output-file-map /Users/LL/Library/Developer/Xcode/DerivedData/SwiftUIDemo-gojcpzimnqflprcfscrvxatszhih/Build/Intermediates.noindex/swift-perception.build/Debug-iphonesimulator/Perception.build/Objects-normal/arm64/Perception-OutputFileMap.json -use-frontend-parseable-output -save-temps -no-color-diagnostics -serialize-diagnostics -emit-dependencies -emit-module -emit-module-path /Users/LL/Library/Developer/Xcode/DerivedData/SwiftUIDemo-gojcpzimnqflprcfscrvxatszhih/Build/Intermediates.noindex/swift-perception.build/Debug-iphonesimulator/Perception.build/Objects-normal/arm64/Perception.swiftmodule -user-module-version 2.0.7 -validate-clang-modules-once -clang-build-session-file /Users/LL/Library/Developer/Xcode/DerivedData/ModuleCache.noindex/Session.modulevalidation -package-name swift_perception -Xcc -I/Users/LL/Library/Developer/Xcode/DerivedData/SwiftUIDemo-gojcpzimnqflprcfscrvxatszhih/Build/Intermediates.noindex/swift-perception.build/Debug-iphonesimulator/Perception.build/swift-overrides.hmap -emit-const-values -Xfrontend -const-gather-protocols-file -Xfrontend /Users/LL/Library/Developer/Xcode/DerivedData/SwiftUIDemo-gojcpzimnqflprcfscrvxatszhih/Build/Intermediates.noindex/swift-perception.build/Debug-iphonesimulator/Perception.build/Objects-normal/arm64/Perception_const_extract_protocols.json -Xcc -I/Users/LL/Library/Developer/Xcode/DerivedData/SwiftUIDemo-gojcpzimnqflprcfscrvxatszhih/Build/Products/Debug-iphonesimulator/include -Xcc -I/Users/LL/Library/Developer/Xcode/DerivedData/SwiftUIDemo-gojcpzimnqflprcfscrvxatszhih/Build/Intermediates.noindex/swift-perception.build/Debug-iphonesimulator/Perception.build/DerivedSources-normal/arm64 -Xcc -I/Users/LL/Library/Developer/Xcode/DerivedData/SwiftUIDemo-gojcpzimnqflprcfscrvxatszhih/Build/Intermediates.noindex/swift-perception.build/Debug-iphonesimulator/Perception.build/DerivedSources/arm64 -Xcc -I/Users/LL/Library/Developer/Xcode/DerivedData/SwiftUIDemo-gojcpzimnqflprcfscrvxatszhih/Build/Intermediates.noindex/swift-perception.build/Debug-iphonesimulator/Perception.build/DerivedSources -Xcc -DSWIFT_PACKAGE -Xcc -DDEBUG\=1 -emit-objc-header -emit-objc-header-path /Users/LL/Library/Developer/Xcode/DerivedData/SwiftUIDemo-gojcpzimnqflprcfscrvxatszhih/Build/Intermediates.noindex/swift-perception.build/Debug-iphonesimulator/Perception.build/Objects-normal/arm64/Perception-Swift.h -working-directory /Users/LL/Documents/wordspace/SwiftUIImprove/SwiftUIDemo/SwiftUIDemo.xcodeproj -experimental-emit-module-separately -disable-cmo

SwiftDriverJobDiscovery normal arm64 Emitting module for DependenciesMacros (in target 'DependenciesMacros' from project 'swift-dependencies')

SwiftDriver\ Compilation\ Requirements DependenciesMacros normal arm64 com.apple.xcode.tools.swift.compiler (in target 'DependenciesMacros' from project 'swift-dependencies')
    cd /Users/LL/Documents/wordspace/SwiftUIImprove/SwiftUIDemo/SwiftUIDemo.xcodeproj
    builtin-Swift-Compilation-Requirements -- /Applications/Xcode.app/Contents/Developer/Toolchains/XcodeDefault.xctoolchain/usr/bin/swiftc -module-name DependenciesMacros -Onone -enforce-exclusivity\=checked @/Users/LL/Library/Developer/Xcode/DerivedData/SwiftUIDemo-gojcpzimnqflprcfscrvxatszhih/Build/Intermediates.noindex/swift-dependencies.build/Debug-iphonesimulator/DependenciesMacros.build/Objects-normal/arm64/DependenciesMacros.SwiftFileList -DSWIFT_PACKAGE -DDEBUG -DXcode -plugin-path /Applications/Xcode.app/Contents/Developer/Toolchains/XcodeDefault.xctoolchain/usr/lib/swift/host/plugins/testing -enable-experimental-feature DebugDescriptionMacro -sdk /Applications/Xcode.app/Contents/Developer/Platforms/iPhoneSimulator.platform/Developer/SDKs/iPhoneSimulator18.4.sdk -target arm64-apple-ios13.0-simulator -g -module-cache-path /Users/LL/Library/Developer/Xcode/DerivedData/ModuleCache.noindex -Xfrontend -serialize-debugging-options -profile-coverage-mapping -profile-generate -enable-testing -suppress-warnings -index-store-path /Users/LL/Library/Developer/Xcode/DerivedData/SwiftUIDemo-gojcpzimnqflprcfscrvxatszhih/Index.noindex/DataStore -swift-version 6 -I /Users/LL/Library/Developer/Xcode/DerivedData/SwiftUIDemo-gojcpzimnqflprcfscrvxatszhih/Build/Products/Debug-iphonesimulator -I /Applications/Xcode.app/Contents/Developer/Platforms/iPhoneSimulator.platform/Developer/usr/lib -F /Users/LL/Library/Developer/Xcode/DerivedData/SwiftUIDemo-gojcpzimnqflprcfscrvxatszhih/Build/Products/Debug-iphonesimulator/PackageFrameworks -F /Users/LL/Library/Developer/Xcode/DerivedData/SwiftUIDemo-gojcpzimnqflprcfscrvxatszhih/Build/Products/Debug-iphonesimulator/PackageFrameworks -F /Users/LL/Library/Developer/Xcode/DerivedData/SwiftUIDemo-gojcpzimnqflprcfscrvxatszhih/Build/Products/Debug-iphonesimulator/PackageFrameworks -F /Users/LL/Library/Developer/Xcode/DerivedData/SwiftUIDemo-gojcpzimnqflprcfscrvxatszhih/Build/Products/Debug-iphonesimulator -F /Applications/Xcode.app/Contents/Developer/Platforms/iPhoneSimulator.platform/Developer/Library/Frameworks -F /Applications/Xcode.app/Contents/Developer/Platforms/iPhoneSimulator.platform/Developer/SDKs/iPhoneSimulator18.4.sdk/Developer/Library/Frameworks -Xfrontend -load-plugin-executable -Xfrontend /Users/LL/Library/Developer/Xcode/DerivedData/SwiftUIDemo-gojcpzimnqflprcfscrvxatszhih/Build/Products/Debug/DependenciesMacrosPlugin\#DependenciesMacrosPlugin -c -j10 -enable-batch-mode -incremental -Xcc -ivfsstatcache -Xcc /Users/LL/Library/Developer/Xcode/DerivedData/SDKStatCaches.noindex/iphonesimulator18.4-22E235-71825a6d136aa4733edcbe86ece5525b.sdkstatcache -output-file-map /Users/LL/Library/Developer/Xcode/DerivedData/SwiftUIDemo-gojcpzimnqflprcfscrvxatszhih/Build/Intermediates.noindex/swift-dependencies.build/Debug-iphonesimulator/DependenciesMacros.build/Objects-normal/arm64/DependenciesMacros-OutputFileMap.json -use-frontend-parseable-output -save-temps -no-color-diagnostics -serialize-diagnostics -emit-dependencies -emit-module -emit-module-path /Users/LL/Library/Developer/Xcode/DerivedData/SwiftUIDemo-gojcpzimnqflprcfscrvxatszhih/Build/Intermediates.noindex/swift-dependencies.build/Debug-iphonesimulator/DependenciesMacros.build/Objects-normal/arm64/DependenciesMacros.swiftmodule -user-module-version 1.9.4 -validate-clang-modules-once -clang-build-session-file /Users/LL/Library/Developer/Xcode/DerivedData/ModuleCache.noindex/Session.modulevalidation -package-name swift_dependencies -Xcc -I/Users/LL/Library/Developer/Xcode/DerivedData/SwiftUIDemo-gojcpzimnqflprcfscrvxatszhih/Build/Intermediates.noindex/swift-dependencies.build/Debug-iphonesimulator/DependenciesMacros.build/swift-overrides.hmap -emit-const-values -Xfrontend -const-gather-protocols-file -Xfrontend /Users/LL/Library/Developer/Xcode/DerivedData/SwiftUIDemo-gojcpzimnqflprcfscrvxatszhih/Build/Intermediates.noindex/swift-dependencies.build/Debug-iphonesimulator/DependenciesMacros.build/Objects-normal/arm64/DependenciesMacros_const_extract_protocols.json -Xcc -I/Users/LL/Library/Developer/Xcode/DerivedData/SwiftUIDemo-gojcpzimnqflprcfscrvxatszhih/Build/Products/Debug-iphonesimulator/include -Xcc -I/Users/LL/Library/Developer/Xcode/DerivedData/SwiftUIDemo-gojcpzimnqflprcfscrvxatszhih/Build/Intermediates.noindex/swift-dependencies.build/Debug-iphonesimulator/DependenciesMacros.build/DerivedSources-normal/arm64 -Xcc -I/Users/LL/Library/Developer/Xcode/DerivedData/SwiftUIDemo-gojcpzimnqflprcfscrvxatszhih/Build/Intermediates.noindex/swift-dependencies.build/Debug-iphonesimulator/DependenciesMacros.build/DerivedSources/arm64 -Xcc -I/Users/LL/Library/Developer/Xcode/DerivedData/SwiftUIDemo-gojcpzimnqflprcfscrvxatszhih/Build/Intermediates.noindex/swift-dependencies.build/Debug-iphonesimulator/DependenciesMacros.build/DerivedSources -Xcc -DSWIFT_PACKAGE -Xcc -DDEBUG\=1 -emit-objc-header -emit-objc-header-path /Users/LL/Library/Developer/Xcode/DerivedData/SwiftUIDemo-gojcpzimnqflprcfscrvxatszhih/Build/Intermediates.noindex/swift-dependencies.build/Debug-iphonesimulator/DependenciesMacros.build/Objects-normal/arm64/DependenciesMacros-Swift.h -working-directory /Users/LL/Documents/wordspace/SwiftUIImprove/SwiftUIDemo/SwiftUIDemo.xcodeproj -experimental-emit-module-separately -disable-cmo

Copy /Users/LL/Library/Developer/Xcode/DerivedData/SwiftUIDemo-gojcpzimnqflprcfscrvxatszhih/Build/Products/Debug-iphonesimulator/DependenciesMacros.swiftmodule/arm64-apple-ios-simulator.abi.json /Users/LL/Library/Developer/Xcode/DerivedData/SwiftUIDemo-gojcpzimnqflprcfscrvxatszhih/Build/Intermediates.noindex/swift-dependencies.build/Debug-iphonesimulator/DependenciesMacros.build/Objects-normal/arm64/DependenciesMacros.abi.json (in target 'DependenciesMacros' from project 'swift-dependencies')
    cd /Users/LL/Library/Developer/Xcode/DerivedData/SwiftUIDemo-gojcpzimnqflprcfscrvxatszhih/SourcePackages/checkouts/swift-dependencies
    builtin-copy -exclude .DS_Store -exclude CVS -exclude .svn -exclude .git -exclude .hg -resolve-src-symlinks -rename /Users/LL/Library/Developer/Xcode/DerivedData/SwiftUIDemo-gojcpzimnqflprcfscrvxatszhih/Build/Intermediates.noindex/swift-dependencies.build/Debug-iphonesimulator/DependenciesMacros.build/Objects-normal/arm64/DependenciesMacros.abi.json /Users/LL/Library/Developer/Xcode/DerivedData/SwiftUIDemo-gojcpzimnqflprcfscrvxatszhih/Build/Products/Debug-iphonesimulator/DependenciesMacros.swiftmodule/arm64-apple-ios-simulator.abi.json

SwiftDriverJobDiscovery normal arm64 Compiling Macros.swift (in target 'DependenciesMacros' from project 'swift-dependencies')

SwiftDriver\ Compilation DependenciesMacros normal arm64 com.apple.xcode.tools.swift.compiler (in target 'DependenciesMacros' from project 'swift-dependencies')
    cd /Users/LL/Documents/wordspace/SwiftUIImprove/SwiftUIDemo/SwiftUIDemo.xcodeproj
    builtin-Swift-Compilation -- /Applications/Xcode.app/Contents/Developer/Toolchains/XcodeDefault.xctoolchain/usr/bin/swiftc -module-name DependenciesMacros -Onone -enforce-exclusivity\=checked @/Users/LL/Library/Developer/Xcode/DerivedData/SwiftUIDemo-gojcpzimnqflprcfscrvxatszhih/Build/Intermediates.noindex/swift-dependencies.build/Debug-iphonesimulator/DependenciesMacros.build/Objects-normal/arm64/DependenciesMacros.SwiftFileList -DSWIFT_PACKAGE -DDEBUG -DXcode -plugin-path /Applications/Xcode.app/Contents/Developer/Toolchains/XcodeDefault.xctoolchain/usr/lib/swift/host/plugins/testing -enable-experimental-feature DebugDescriptionMacro -sdk /Applications/Xcode.app/Contents/Developer/Platforms/iPhoneSimulator.platform/Developer/SDKs/iPhoneSimulator18.4.sdk -target arm64-apple-ios13.0-simulator -g -module-cache-path /Users/LL/Library/Developer/Xcode/DerivedData/ModuleCache.noindex -Xfrontend -serialize-debugging-options -profile-coverage-mapping -profile-generate -enable-testing -suppress-warnings -index-store-path /Users/LL/Library/Developer/Xcode/DerivedData/SwiftUIDemo-gojcpzimnqflprcfscrvxatszhih/Index.noindex/DataStore -swift-version 6 -I /Users/LL/Library/Developer/Xcode/DerivedData/SwiftUIDemo-gojcpzimnqflprcfscrvxatszhih/Build/Products/Debug-iphonesimulator -I /Applications/Xcode.app/Contents/Developer/Platforms/iPhoneSimulator.platform/Developer/usr/lib -F /Users/LL/Library/Developer/Xcode/DerivedData/SwiftUIDemo-gojcpzimnqflprcfscrvxatszhih/Build/Products/Debug-iphonesimulator/PackageFrameworks -F /Users/LL/Library/Developer/Xcode/DerivedData/SwiftUIDemo-gojcpzimnqflprcfscrvxatszhih/Build/Products/Debug-iphonesimulator/PackageFrameworks -F /Users/LL/Library/Developer/Xcode/DerivedData/SwiftUIDemo-gojcpzimnqflprcfscrvxatszhih/Build/Products/Debug-iphonesimulator/PackageFrameworks -F /Users/LL/Library/Developer/Xcode/DerivedData/SwiftUIDemo-gojcpzimnqflprcfscrvxatszhih/Build/Products/Debug-iphonesimulator -F /Applications/Xcode.app/Contents/Developer/Platforms/iPhoneSimulator.platform/Developer/Library/Frameworks -F /Applications/Xcode.app/Contents/Developer/Platforms/iPhoneSimulator.platform/Developer/SDKs/iPhoneSimulator18.4.sdk/Developer/Library/Frameworks -Xfrontend -load-plugin-executable -Xfrontend /Users/LL/Library/Developer/Xcode/DerivedData/SwiftUIDemo-gojcpzimnqflprcfscrvxatszhih/Build/Products/Debug/DependenciesMacrosPlugin\#DependenciesMacrosPlugin -c -j10 -enable-batch-mode -incremental -Xcc -ivfsstatcache -Xcc /Users/LL/Library/Developer/Xcode/DerivedData/SDKStatCaches.noindex/iphonesimulator18.4-22E235-71825a6d136aa4733edcbe86ece5525b.sdkstatcache -output-file-map /Users/LL/Library/Developer/Xcode/DerivedData/SwiftUIDemo-gojcpzimnqflprcfscrvxatszhih/Build/Intermediates.noindex/swift-dependencies.build/Debug-iphonesimulator/DependenciesMacros.build/Objects-normal/arm64/DependenciesMacros-OutputFileMap.json -use-frontend-parseable-output -save-temps -no-color-diagnostics -serialize-diagnostics -emit-dependencies -emit-module -emit-module-path /Users/LL/Library/Developer/Xcode/DerivedData/SwiftUIDemo-gojcpzimnqflprcfscrvxatszhih/Build/Intermediates.noindex/swift-dependencies.build/Debug-iphonesimulator/DependenciesMacros.build/Objects-normal/arm64/DependenciesMacros.swiftmodule -user-module-version 1.9.4 -validate-clang-modules-once -clang-build-session-file /Users/LL/Library/Developer/Xcode/DerivedData/ModuleCache.noindex/Session.modulevalidation -package-name swift_dependencies -Xcc -I/Users/LL/Library/Developer/Xcode/DerivedData/SwiftUIDemo-gojcpzimnqflprcfscrvxatszhih/Build/Intermediates.noindex/swift-dependencies.build/Debug-iphonesimulator/DependenciesMacros.build/swift-overrides.hmap -emit-const-values -Xfrontend -const-gather-protocols-file -Xfrontend /Users/LL/Library/Developer/Xcode/DerivedData/SwiftUIDemo-gojcpzimnqflprcfscrvxatszhih/Build/Intermediates.noindex/swift-dependencies.build/Debug-iphonesimulator/DependenciesMacros.build/Objects-normal/arm64/DependenciesMacros_const_extract_protocols.json -Xcc -I/Users/LL/Library/Developer/Xcode/DerivedData/SwiftUIDemo-gojcpzimnqflprcfscrvxatszhih/Build/Products/Debug-iphonesimulator/include -Xcc -I/Users/LL/Library/Developer/Xcode/DerivedData/SwiftUIDemo-gojcpzimnqflprcfscrvxatszhih/Build/Intermediates.noindex/swift-dependencies.build/Debug-iphonesimulator/DependenciesMacros.build/DerivedSources-normal/arm64 -Xcc -I/Users/LL/Library/Developer/Xcode/DerivedData/SwiftUIDemo-gojcpzimnqflprcfscrvxatszhih/Build/Intermediates.noindex/swift-dependencies.build/Debug-iphonesimulator/DependenciesMacros.build/DerivedSources/arm64 -Xcc -I/Users/LL/Library/Developer/Xcode/DerivedData/SwiftUIDemo-gojcpzimnqflprcfscrvxatszhih/Build/Intermediates.noindex/swift-dependencies.build/Debug-iphonesimulator/DependenciesMacros.build/DerivedSources -Xcc -DSWIFT_PACKAGE -Xcc -DDEBUG\=1 -emit-objc-header -emit-objc-header-path /Users/LL/Library/Developer/Xcode/DerivedData/SwiftUIDemo-gojcpzimnqflprcfscrvxatszhih/Build/Intermediates.noindex/swift-dependencies.build/Debug-iphonesimulator/DependenciesMacros.build/Objects-normal/arm64/DependenciesMacros-Swift.h -working-directory /Users/LL/Documents/wordspace/SwiftUIImprove/SwiftUIDemo/SwiftUIDemo.xcodeproj -experimental-emit-module-separately -disable-cmo

SwiftDriverJobDiscovery normal arm64 Compiling Macros.swift (in target 'CasePaths' from project 'swift-case-paths')

SwiftDriverJobDiscovery normal arm64 Emitting module for CasePaths (in target 'CasePaths' from project 'swift-case-paths')

SwiftDriver\ Compilation\ Requirements CasePaths normal arm64 com.apple.xcode.tools.swift.compiler (in target 'CasePaths' from project 'swift-case-paths')
    cd /Users/LL/Documents/wordspace/SwiftUIImprove/SwiftUIDemo/SwiftUIDemo.xcodeproj
    builtin-Swift-Compilation-Requirements -- /Applications/Xcode.app/Contents/Developer/Toolchains/XcodeDefault.xctoolchain/usr/bin/swiftc -module-name CasePaths -Onone -enforce-exclusivity\=checked @/Users/LL/Library/Developer/Xcode/DerivedData/SwiftUIDemo-gojcpzimnqflprcfscrvxatszhih/Build/Intermediates.noindex/swift-case-paths.build/Debug-iphonesimulator/CasePaths.build/Objects-normal/arm64/CasePaths.SwiftFileList -DSWIFT_PACKAGE -DDEBUG -DXcode -plugin-path /Applications/Xcode.app/Contents/Developer/Toolchains/XcodeDefault.xctoolchain/usr/lib/swift/host/plugins/testing -enable-experimental-feature DebugDescriptionMacro -sdk /Applications/Xcode.app/Contents/Developer/Platforms/iPhoneSimulator.platform/Developer/SDKs/iPhoneSimulator18.4.sdk -target arm64-apple-ios13.0-simulator -g -module-cache-path /Users/LL/Library/Developer/Xcode/DerivedData/ModuleCache.noindex -Xfrontend -serialize-debugging-options -profile-coverage-mapping -profile-generate -enable-testing -suppress-warnings -index-store-path /Users/LL/Library/Developer/Xcode/DerivedData/SwiftUIDemo-gojcpzimnqflprcfscrvxatszhih/Index.noindex/DataStore -swift-version 6 -I /Users/LL/Library/Developer/Xcode/DerivedData/SwiftUIDemo-gojcpzimnqflprcfscrvxatszhih/Build/Products/Debug-iphonesimulator -I /Applications/Xcode.app/Contents/Developer/Platforms/iPhoneSimulator.platform/Developer/usr/lib -F /Users/LL/Library/Developer/Xcode/DerivedData/SwiftUIDemo-gojcpzimnqflprcfscrvxatszhih/Build/Products/Debug-iphonesimulator/PackageFrameworks -F /Users/LL/Library/Developer/Xcode/DerivedData/SwiftUIDemo-gojcpzimnqflprcfscrvxatszhih/Build/Products/Debug-iphonesimulator/PackageFrameworks -F /Users/LL/Library/Developer/Xcode/DerivedData/SwiftUIDemo-gojcpzimnqflprcfscrvxatszhih/Build/Products/Debug-iphonesimulator/PackageFrameworks -F /Users/LL/Library/Developer/Xcode/DerivedData/SwiftUIDemo-gojcpzimnqflprcfscrvxatszhih/Build/Products/Debug-iphonesimulator/PackageFrameworks -F /Users/LL/Library/Developer/Xcode/DerivedData/SwiftUIDemo-gojcpzimnqflprcfscrvxatszhih/Build/Products/Debug-iphonesimulator -F /Applications/Xcode.app/Contents/Developer/Platforms/iPhoneSimulator.platform/Developer/Library/Frameworks -F /Applications/Xcode.app/Contents/Developer/Platforms/iPhoneSimulator.platform/Developer/SDKs/iPhoneSimulator18.4.sdk/Developer/Library/Frameworks -Xfrontend -load-plugin-executable -Xfrontend /Users/LL/Library/Developer/Xcode/DerivedData/SwiftUIDemo-gojcpzimnqflprcfscrvxatszhih/Build/Products/Debug/CasePathsMacros\#CasePathsMacros -c -j10 -enable-batch-mode -incremental -Xcc -ivfsstatcache -Xcc /Users/LL/Library/Developer/Xcode/DerivedData/SDKStatCaches.noindex/iphonesimulator18.4-22E235-71825a6d136aa4733edcbe86ece5525b.sdkstatcache -output-file-map /Users/LL/Library/Developer/Xcode/DerivedData/SwiftUIDemo-gojcpzimnqflprcfscrvxatszhih/Build/Intermediates.noindex/swift-case-paths.build/Debug-iphonesimulator/CasePaths.build/Objects-normal/arm64/CasePaths-OutputFileMap.json -use-frontend-parseable-output -save-temps -no-color-diagnostics -serialize-diagnostics -emit-dependencies -emit-module -emit-module-path /Users/LL/Library/Developer/Xcode/DerivedData/SwiftUIDemo-gojcpzimnqflprcfscrvxatszhih/Build/Intermediates.noindex/swift-case-paths.build/Debug-iphonesimulator/CasePaths.build/Objects-normal/arm64/CasePaths.swiftmodule -user-module-version 1.7.1 -validate-clang-modules-once -clang-build-session-file /Users/LL/Library/Developer/Xcode/DerivedData/ModuleCache.noindex/Session.modulevalidation -package-name swift_case_paths -Xcc -I/Users/LL/Library/Developer/Xcode/DerivedData/SwiftUIDemo-gojcpzimnqflprcfscrvxatszhih/Build/Intermediates.noindex/swift-case-paths.build/Debug-iphonesimulator/CasePaths.build/swift-overrides.hmap -emit-const-values -Xfrontend -const-gather-protocols-file -Xfrontend /Users/LL/Library/Developer/Xcode/DerivedData/SwiftUIDemo-gojcpzimnqflprcfscrvxatszhih/Build/Intermediates.noindex/swift-case-paths.build/Debug-iphonesimulator/CasePaths.build/Objects-normal/arm64/CasePaths_const_extract_protocols.json -Xcc -I/Users/LL/Library/Developer/Xcode/DerivedData/SwiftUIDemo-gojcpzimnqflprcfscrvxatszhih/Build/Products/Debug-iphonesimulator/include -Xcc -I/Users/LL/Library/Developer/Xcode/DerivedData/SwiftUIDemo-gojcpzimnqflprcfscrvxatszhih/Build/Intermediates.noindex/swift-case-paths.build/Debug-iphonesimulator/CasePaths.build/DerivedSources-normal/arm64 -Xcc -I/Users/LL/Library/Developer/Xcode/DerivedData/SwiftUIDemo-gojcpzimnqflprcfscrvxatszhih/Build/Intermediates.noindex/swift-case-paths.build/Debug-iphonesimulator/CasePaths.build/DerivedSources/arm64 -Xcc -I/Users/LL/Library/Developer/Xcode/DerivedData/SwiftUIDemo-gojcpzimnqflprcfscrvxatszhih/Build/Intermediates.noindex/swift-case-paths.build/Debug-iphonesimulator/CasePaths.build/DerivedSources -Xcc -DSWIFT_PACKAGE -Xcc -DDEBUG\=1 -emit-objc-header -emit-objc-header-path /Users/LL/Library/Developer/Xcode/DerivedData/SwiftUIDemo-gojcpzimnqflprcfscrvxatszhih/Build/Intermediates.noindex/swift-case-paths.build/Debug-iphonesimulator/CasePaths.build/Objects-normal/arm64/CasePaths-Swift.h -working-directory /Users/LL/Documents/wordspace/SwiftUIImprove/SwiftUIDemo/SwiftUIDemo.xcodeproj -experimental-emit-module-separately -disable-cmo

SwiftDriver\ Compilation CasePaths normal arm64 com.apple.xcode.tools.swift.compiler (in target 'CasePaths' from project 'swift-case-paths')
    cd /Users/LL/Documents/wordspace/SwiftUIImprove/SwiftUIDemo/SwiftUIDemo.xcodeproj
    builtin-Swift-Compilation -- /Applications/Xcode.app/Contents/Developer/Toolchains/XcodeDefault.xctoolchain/usr/bin/swiftc -module-name CasePaths -Onone -enforce-exclusivity\=checked @/Users/LL/Library/Developer/Xcode/DerivedData/SwiftUIDemo-gojcpzimnqflprcfscrvxatszhih/Build/Intermediates.noindex/swift-case-paths.build/Debug-iphonesimulator/CasePaths.build/Objects-normal/arm64/CasePaths.SwiftFileList -DSWIFT_PACKAGE -DDEBUG -DXcode -plugin-path /Applications/Xcode.app/Contents/Developer/Toolchains/XcodeDefault.xctoolchain/usr/lib/swift/host/plugins/testing -enable-experimental-feature DebugDescriptionMacro -sdk /Applications/Xcode.app/Contents/Developer/Platforms/iPhoneSimulator.platform/Developer/SDKs/iPhoneSimulator18.4.sdk -target arm64-apple-ios13.0-simulator -g -module-cache-path /Users/LL/Library/Developer/Xcode/DerivedData/ModuleCache.noindex -Xfrontend -serialize-debugging-options -profile-coverage-mapping -profile-generate -enable-testing -suppress-warnings -index-store-path /Users/LL/Library/Developer/Xcode/DerivedData/SwiftUIDemo-gojcpzimnqflprcfscrvxatszhih/Index.noindex/DataStore -swift-version 6 -I /Users/LL/Library/Developer/Xcode/DerivedData/SwiftUIDemo-gojcpzimnqflprcfscrvxatszhih/Build/Products/Debug-iphonesimulator -I /Applications/Xcode.app/Contents/Developer/Platforms/iPhoneSimulator.platform/Developer/usr/lib -F /Users/LL/Library/Developer/Xcode/DerivedData/SwiftUIDemo-gojcpzimnqflprcfscrvxatszhih/Build/Products/Debug-iphonesimulator/PackageFrameworks -F /Users/LL/Library/Developer/Xcode/DerivedData/SwiftUIDemo-gojcpzimnqflprcfscrvxatszhih/Build/Products/Debug-iphonesimulator/PackageFrameworks -F /Users/LL/Library/Developer/Xcode/DerivedData/SwiftUIDemo-gojcpzimnqflprcfscrvxatszhih/Build/Products/Debug-iphonesimulator/PackageFrameworks -F /Users/LL/Library/Developer/Xcode/DerivedData/SwiftUIDemo-gojcpzimnqflprcfscrvxatszhih/Build/Products/Debug-iphonesimulator/PackageFrameworks -F /Users/LL/Library/Developer/Xcode/DerivedData/SwiftUIDemo-gojcpzimnqflprcfscrvxatszhih/Build/Products/Debug-iphonesimulator -F /Applications/Xcode.app/Contents/Developer/Platforms/iPhoneSimulator.platform/Developer/Library/Frameworks -F /Applications/Xcode.app/Contents/Developer/Platforms/iPhoneSimulator.platform/Developer/SDKs/iPhoneSimulator18.4.sdk/Developer/Library/Frameworks -Xfrontend -load-plugin-executable -Xfrontend /Users/LL/Library/Developer/Xcode/DerivedData/SwiftUIDemo-gojcpzimnqflprcfscrvxatszhih/Build/Products/Debug/CasePathsMacros\#CasePathsMacros -c -j10 -enable-batch-mode -incremental -Xcc -ivfsstatcache -Xcc /Users/LL/Library/Developer/Xcode/DerivedData/SDKStatCaches.noindex/iphonesimulator18.4-22E235-71825a6d136aa4733edcbe86ece5525b.sdkstatcache -output-file-map /Users/LL/Library/Developer/Xcode/DerivedData/SwiftUIDemo-gojcpzimnqflprcfscrvxatszhih/Build/Intermediates.noindex/swift-case-paths.build/Debug-iphonesimulator/CasePaths.build/Objects-normal/arm64/CasePaths-OutputFileMap.json -use-frontend-parseable-output -save-temps -no-color-diagnostics -serialize-diagnostics -emit-dependencies -emit-module -emit-module-path /Users/LL/Library/Developer/Xcode/DerivedData/SwiftUIDemo-gojcpzimnqflprcfscrvxatszhih/Build/Intermediates.noindex/swift-case-paths.build/Debug-iphonesimulator/CasePaths.build/Objects-normal/arm64/CasePaths.swiftmodule -user-module-version 1.7.1 -validate-clang-modules-once -clang-build-session-file /Users/LL/Library/Developer/Xcode/DerivedData/ModuleCache.noindex/Session.modulevalidation -package-name swift_case_paths -Xcc -I/Users/LL/Library/Developer/Xcode/DerivedData/SwiftUIDemo-gojcpzimnqflprcfscrvxatszhih/Build/Intermediates.noindex/swift-case-paths.build/Debug-iphonesimulator/CasePaths.build/swift-overrides.hmap -emit-const-values -Xfrontend -const-gather-protocols-file -Xfrontend /Users/LL/Library/Developer/Xcode/DerivedData/SwiftUIDemo-gojcpzimnqflprcfscrvxatszhih/Build/Intermediates.noindex/swift-case-paths.build/Debug-iphonesimulator/CasePaths.build/Objects-normal/arm64/CasePaths_const_extract_protocols.json -Xcc -I/Users/LL/Library/Developer/Xcode/DerivedData/SwiftUIDemo-gojcpzimnqflprcfscrvxatszhih/Build/Products/Debug-iphonesimulator/include -Xcc -I/Users/LL/Library/Developer/Xcode/DerivedData/SwiftUIDemo-gojcpzimnqflprcfscrvxatszhih/Build/Intermediates.noindex/swift-case-paths.build/Debug-iphonesimulator/CasePaths.build/DerivedSources-normal/arm64 -Xcc -I/Users/LL/Library/Developer/Xcode/DerivedData/SwiftUIDemo-gojcpzimnqflprcfscrvxatszhih/Build/Intermediates.noindex/swift-case-paths.build/Debug-iphonesimulator/CasePaths.build/DerivedSources/arm64 -Xcc -I/Users/LL/Library/Developer/Xcode/DerivedData/SwiftUIDemo-gojcpzimnqflprcfscrvxatszhih/Build/Intermediates.noindex/swift-case-paths.build/Debug-iphonesimulator/CasePaths.build/DerivedSources -Xcc -DSWIFT_PACKAGE -Xcc -DDEBUG\=1 -emit-objc-header -emit-objc-header-path /Users/LL/Library/Developer/Xcode/DerivedData/SwiftUIDemo-gojcpzimnqflprcfscrvxatszhih/Build/Intermediates.noindex/swift-case-paths.build/Debug-iphonesimulator/CasePaths.build/Objects-normal/arm64/CasePaths-Swift.h -working-directory /Users/LL/Documents/wordspace/SwiftUIImprove/SwiftUIDemo/SwiftUIDemo.xcodeproj -experimental-emit-module-separately -disable-cmo

Copy /Users/LL/Library/Developer/Xcode/DerivedData/SwiftUIDemo-gojcpzimnqflprcfscrvxatszhih/Build/Products/Debug-iphonesimulator/CasePaths.swiftmodule/arm64-apple-ios-simulator.abi.json /Users/LL/Library/Developer/Xcode/DerivedData/SwiftUIDemo-gojcpzimnqflprcfscrvxatszhih/Build/Intermediates.noindex/swift-case-paths.build/Debug-iphonesimulator/CasePaths.build/Objects-normal/arm64/CasePaths.abi.json (in target 'CasePaths' from project 'swift-case-paths')
    cd /Users/LL/Library/Developer/Xcode/DerivedData/SwiftUIDemo-gojcpzimnqflprcfscrvxatszhih/SourcePackages/checkouts/swift-case-paths
    builtin-copy -exclude .DS_Store -exclude CVS -exclude .svn -exclude .git -exclude .hg -resolve-src-symlinks -rename /Users/LL/Library/Developer/Xcode/DerivedData/SwiftUIDemo-gojcpzimnqflprcfscrvxatszhih/Build/Intermediates.noindex/swift-case-paths.build/Debug-iphonesimulator/CasePaths.build/Objects-normal/arm64/CasePaths.abi.json /Users/LL/Library/Developer/Xcode/DerivedData/SwiftUIDemo-gojcpzimnqflprcfscrvxatszhih/Build/Products/Debug-iphonesimulator/CasePaths.swiftmodule/arm64-apple-ios-simulator.abi.json

SwiftDriver SwiftNavigation normal arm64 com.apple.xcode.tools.swift.compiler (in target 'SwiftNavigation' from project 'swift-navigation')
    cd /Users/LL/Documents/wordspace/SwiftUIImprove/SwiftUIDemo/SwiftUIDemo.xcodeproj
    builtin-SwiftDriver -- /Applications/Xcode.app/Contents/Developer/Toolchains/XcodeDefault.xctoolchain/usr/bin/swiftc -module-name SwiftNavigation -Onone -enforce-exclusivity\=checked @/Users/LL/Library/Developer/Xcode/DerivedData/SwiftUIDemo-gojcpzimnqflprcfscrvxatszhih/Build/Intermediates.noindex/swift-navigation.build/Debug-iphonesimulator/SwiftNavigation.build/Objects-normal/arm64/SwiftNavigation.SwiftFileList -DSWIFT_PACKAGE -DDEBUG -DXcode -plugin-path /Applications/Xcode.app/Contents/Developer/Toolchains/XcodeDefault.xctoolchain/usr/lib/swift/host/plugins/testing -enable-experimental-feature DebugDescriptionMacro -sdk /Applications/Xcode.app/Contents/Developer/Platforms/iPhoneSimulator.platform/Developer/SDKs/iPhoneSimulator18.4.sdk -target arm64-apple-ios13.0-simulator -g -module-cache-path /Users/LL/Library/Developer/Xcode/DerivedData/ModuleCache.noindex -Xfrontend -serialize-debugging-options -profile-coverage-mapping -profile-generate -enable-testing -suppress-warnings -index-store-path /Users/LL/Library/Developer/Xcode/DerivedData/SwiftUIDemo-gojcpzimnqflprcfscrvxatszhih/Index.noindex/DataStore -swift-version 6 -I /Users/LL/Library/Developer/Xcode/DerivedData/SwiftUIDemo-gojcpzimnqflprcfscrvxatszhih/Build/Products/Debug-iphonesimulator -I /Applications/Xcode.app/Contents/Developer/Platforms/iPhoneSimulator.platform/Developer/usr/lib -F /Users/LL/Library/Developer/Xcode/DerivedData/SwiftUIDemo-gojcpzimnqflprcfscrvxatszhih/Build/Products/Debug-iphonesimulator/PackageFrameworks -F /Users/LL/Library/Developer/Xcode/DerivedData/SwiftUIDemo-gojcpzimnqflprcfscrvxatszhih/Build/Products/Debug-iphonesimulator/PackageFrameworks -F /Users/LL/Library/Developer/Xcode/DerivedData/SwiftUIDemo-gojcpzimnqflprcfscrvxatszhih/Build/Products/Debug-iphonesimulator/PackageFrameworks -F /Users/LL/Library/Developer/Xcode/DerivedData/SwiftUIDemo-gojcpzimnqflprcfscrvxatszhih/Build/Products/Debug-iphonesimulator/PackageFrameworks -F /Users/LL/Library/Developer/Xcode/DerivedData/SwiftUIDemo-gojcpzimnqflprcfscrvxatszhih/Build/Products/Debug-iphonesimulator/PackageFrameworks -F /Users/LL/Library/Developer/Xcode/DerivedData/SwiftUIDemo-gojcpzimnqflprcfscrvxatszhih/Build/Products/Debug-iphonesimulator/PackageFrameworks -F /Users/LL/Library/Developer/Xcode/DerivedData/SwiftUIDemo-gojcpzimnqflprcfscrvxatszhih/Build/Products/Debug-iphonesimulator/PackageFrameworks -F /Users/LL/Library/Developer/Xcode/DerivedData/SwiftUIDemo-gojcpzimnqflprcfscrvxatszhih/Build/Products/Debug-iphonesimulator/PackageFrameworks -F /Users/LL/Library/Developer/Xcode/DerivedData/SwiftUIDemo-gojcpzimnqflprcfscrvxatszhih/Build/Products/Debug-iphonesimulator/PackageFrameworks -F /Users/LL/Library/Developer/Xcode/DerivedData/SwiftUIDemo-gojcpzimnqflprcfscrvxatszhih/Build/Products/Debug-iphonesimulator/PackageFrameworks -F /Users/LL/Library/Developer/Xcode/DerivedData/SwiftUIDemo-gojcpzimnqflprcfscrvxatszhih/Build/Products/Debug-iphonesimulator/PackageFrameworks -F /Users/LL/Library/Developer/Xcode/DerivedData/SwiftUIDemo-gojcpzimnqflprcfscrvxatszhih/Build/Products/Debug-iphonesimulator -F /Applications/Xcode.app/Contents/Developer/Platforms/iPhoneSimulator.platform/Developer/Library/Frameworks -F /Applications/Xcode.app/Contents/Developer/Platforms/iPhoneSimulator.platform/Developer/SDKs/iPhoneSimulator18.4.sdk/Developer/Library/Frameworks -Xfrontend -load-plugin-executable -Xfrontend /Users/LL/Library/Developer/Xcode/DerivedData/SwiftUIDemo-gojcpzimnqflprcfscrvxatszhih/Build/Products/Debug/CasePathsMacros\#CasePathsMacros -Xfrontend -load-plugin-executable -Xfrontend /Users/LL/Library/Developer/Xcode/DerivedData/SwiftUIDemo-gojcpzimnqflprcfscrvxatszhih/Build/Products/Debug/PerceptionMacros\#PerceptionMacros -c -j10 -enable-batch-mode -incremental -Xcc -ivfsstatcache -Xcc /Users/LL/Library/Developer/Xcode/DerivedData/SDKStatCaches.noindex/iphonesimulator18.4-22E235-71825a6d136aa4733edcbe86ece5525b.sdkstatcache -output-file-map /Users/LL/Library/Developer/Xcode/DerivedData/SwiftUIDemo-gojcpzimnqflprcfscrvxatszhih/Build/Intermediates.noindex/swift-navigation.build/Debug-iphonesimulator/SwiftNavigation.build/Objects-normal/arm64/SwiftNavigation-OutputFileMap.json -use-frontend-parseable-output -save-temps -no-color-diagnostics -serialize-diagnostics -emit-dependencies -emit-module -emit-module-path /Users/LL/Library/Developer/Xcode/DerivedData/SwiftUIDemo-gojcpzimnqflprcfscrvxatszhih/Build/Intermediates.noindex/swift-navigation.build/Debug-iphonesimulator/SwiftNavigation.build/Objects-normal/arm64/SwiftNavigation.swiftmodule -user-module-version 2.4.2 -validate-clang-modules-once -clang-build-session-file /Users/LL/Library/Developer/Xcode/DerivedData/ModuleCache.noindex/Session.modulevalidation -package-name swift_navigation -Xcc -I/Users/LL/Library/Developer/Xcode/DerivedData/SwiftUIDemo-gojcpzimnqflprcfscrvxatszhih/Build/Intermediates.noindex/swift-navigation.build/Debug-iphonesimulator/SwiftNavigation.build/swift-overrides.hmap -emit-const-values -Xfrontend -const-gather-protocols-file -Xfrontend /Users/LL/Library/Developer/Xcode/DerivedData/SwiftUIDemo-gojcpzimnqflprcfscrvxatszhih/Build/Intermediates.noindex/swift-navigation.build/Debug-iphonesimulator/SwiftNavigation.build/Objects-normal/arm64/SwiftNavigation_const_extract_protocols.json -Xcc -I/Users/LL/Library/Developer/Xcode/DerivedData/SwiftUIDemo-gojcpzimnqflprcfscrvxatszhih/Build/Products/Debug-iphonesimulator/include -Xcc -I/Users/LL/Library/Developer/Xcode/DerivedData/SwiftUIDemo-gojcpzimnqflprcfscrvxatszhih/Build/Intermediates.noindex/swift-navigation.build/Debug-iphonesimulator/SwiftNavigation.build/DerivedSources-normal/arm64 -Xcc -I/Users/LL/Library/Developer/Xcode/DerivedData/SwiftUIDemo-gojcpzimnqflprcfscrvxatszhih/Build/Intermediates.noindex/swift-navigation.build/Debug-iphonesimulator/SwiftNavigation.build/DerivedSources/arm64 -Xcc -I/Users/LL/Library/Developer/Xcode/DerivedData/SwiftUIDemo-gojcpzimnqflprcfscrvxatszhih/Build/Intermediates.noindex/swift-navigation.build/Debug-iphonesimulator/SwiftNavigation.build/DerivedSources -Xcc -DSWIFT_PACKAGE -Xcc -DDEBUG\=1 -emit-objc-header -emit-objc-header-path /Users/LL/Library/Developer/Xcode/DerivedData/SwiftUIDemo-gojcpzimnqflprcfscrvxatszhih/Build/Intermediates.noindex/swift-navigation.build/Debug-iphonesimulator/SwiftNavigation.build/Objects-normal/arm64/SwiftNavigation-Swift.h -working-directory /Users/LL/Documents/wordspace/SwiftUIImprove/SwiftUIDemo/SwiftUIDemo.xcodeproj -experimental-emit-module-separately -disable-cmo

SwiftDriver\ Compilation\ Requirements SwiftNavigation normal arm64 com.apple.xcode.tools.swift.compiler (in target 'SwiftNavigation' from project 'swift-navigation')
    cd /Users/LL/Documents/wordspace/SwiftUIImprove/SwiftUIDemo/SwiftUIDemo.xcodeproj
    builtin-Swift-Compilation-Requirements -- /Applications/Xcode.app/Contents/Developer/Toolchains/XcodeDefault.xctoolchain/usr/bin/swiftc -module-name SwiftNavigation -Onone -enforce-exclusivity\=checked @/Users/LL/Library/Developer/Xcode/DerivedData/SwiftUIDemo-gojcpzimnqflprcfscrvxatszhih/Build/Intermediates.noindex/swift-navigation.build/Debug-iphonesimulator/SwiftNavigation.build/Objects-normal/arm64/SwiftNavigation.SwiftFileList -DSWIFT_PACKAGE -DDEBUG -DXcode -plugin-path /Applications/Xcode.app/Contents/Developer/Toolchains/XcodeDefault.xctoolchain/usr/lib/swift/host/plugins/testing -enable-experimental-feature DebugDescriptionMacro -sdk /Applications/Xcode.app/Contents/Developer/Platforms/iPhoneSimulator.platform/Developer/SDKs/iPhoneSimulator18.4.sdk -target arm64-apple-ios13.0-simulator -g -module-cache-path /Users/LL/Library/Developer/Xcode/DerivedData/ModuleCache.noindex -Xfrontend -serialize-debugging-options -profile-coverage-mapping -profile-generate -enable-testing -suppress-warnings -index-store-path /Users/LL/Library/Developer/Xcode/DerivedData/SwiftUIDemo-gojcpzimnqflprcfscrvxatszhih/Index.noindex/DataStore -swift-version 6 -I /Users/LL/Library/Developer/Xcode/DerivedData/SwiftUIDemo-gojcpzimnqflprcfscrvxatszhih/Build/Products/Debug-iphonesimulator -I /Applications/Xcode.app/Contents/Developer/Platforms/iPhoneSimulator.platform/Developer/usr/lib -F /Users/LL/Library/Developer/Xcode/DerivedData/SwiftUIDemo-gojcpzimnqflprcfscrvxatszhih/Build/Products/Debug-iphonesimulator/PackageFrameworks -F /Users/LL/Library/Developer/Xcode/DerivedData/SwiftUIDemo-gojcpzimnqflprcfscrvxatszhih/Build/Products/Debug-iphonesimulator/PackageFrameworks -F /Users/LL/Library/Developer/Xcode/DerivedData/SwiftUIDemo-gojcpzimnqflprcfscrvxatszhih/Build/Products/Debug-iphonesimulator/PackageFrameworks -F /Users/LL/Library/Developer/Xcode/DerivedData/SwiftUIDemo-gojcpzimnqflprcfscrvxatszhih/Build/Products/Debug-iphonesimulator/PackageFrameworks -F /Users/LL/Library/Developer/Xcode/DerivedData/SwiftUIDemo-gojcpzimnqflprcfscrvxatszhih/Build/Products/Debug-iphonesimulator/PackageFrameworks -F /Users/LL/Library/Developer/Xcode/DerivedData/SwiftUIDemo-gojcpzimnqflprcfscrvxatszhih/Build/Products/Debug-iphonesimulator/PackageFrameworks -F /Users/LL/Library/Developer/Xcode/DerivedData/SwiftUIDemo-gojcpzimnqflprcfscrvxatszhih/Build/Products/Debug-iphonesimulator/PackageFrameworks -F /Users/LL/Library/Developer/Xcode/DerivedData/SwiftUIDemo-gojcpzimnqflprcfscrvxatszhih/Build/Products/Debug-iphonesimulator/PackageFrameworks -F /Users/LL/Library/Developer/Xcode/DerivedData/SwiftUIDemo-gojcpzimnqflprcfscrvxatszhih/Build/Products/Debug-iphonesimulator/PackageFrameworks -F /Users/LL/Library/Developer/Xcode/DerivedData/SwiftUIDemo-gojcpzimnqflprcfscrvxatszhih/Build/Products/Debug-iphonesimulator/PackageFrameworks -F /Users/LL/Library/Developer/Xcode/DerivedData/SwiftUIDemo-gojcpzimnqflprcfscrvxatszhih/Build/Products/Debug-iphonesimulator/PackageFrameworks -F /Users/LL/Library/Developer/Xcode/DerivedData/SwiftUIDemo-gojcpzimnqflprcfscrvxatszhih/Build/Products/Debug-iphonesimulator -F /Applications/Xcode.app/Contents/Developer/Platforms/iPhoneSimulator.platform/Developer/Library/Frameworks -F /Applications/Xcode.app/Contents/Developer/Platforms/iPhoneSimulator.platform/Developer/SDKs/iPhoneSimulator18.4.sdk/Developer/Library/Frameworks -Xfrontend -load-plugin-executable -Xfrontend /Users/LL/Library/Developer/Xcode/DerivedData/SwiftUIDemo-gojcpzimnqflprcfscrvxatszhih/Build/Products/Debug/CasePathsMacros\#CasePathsMacros -Xfrontend -load-plugin-executable -Xfrontend /Users/LL/Library/Developer/Xcode/DerivedData/SwiftUIDemo-gojcpzimnqflprcfscrvxatszhih/Build/Products/Debug/PerceptionMacros\#PerceptionMacros -c -j10 -enable-batch-mode -incremental -Xcc -ivfsstatcache -Xcc /Users/LL/Library/Developer/Xcode/DerivedData/SDKStatCaches.noindex/iphonesimulator18.4-22E235-71825a6d136aa4733edcbe86ece5525b.sdkstatcache -output-file-map /Users/LL/Library/Developer/Xcode/DerivedData/SwiftUIDemo-gojcpzimnqflprcfscrvxatszhih/Build/Intermediates.noindex/swift-navigation.build/Debug-iphonesimulator/SwiftNavigation.build/Objects-normal/arm64/SwiftNavigation-OutputFileMap.json -use-frontend-parseable-output -save-temps -no-color-diagnostics -serialize-diagnostics -emit-dependencies -emit-module -emit-module-path /Users/LL/Library/Developer/Xcode/DerivedData/SwiftUIDemo-gojcpzimnqflprcfscrvxatszhih/Build/Intermediates.noindex/swift-navigation.build/Debug-iphonesimulator/SwiftNavigation.build/Objects-normal/arm64/SwiftNavigation.swiftmodule -user-module-version 2.4.2 -validate-clang-modules-once -clang-build-session-file /Users/LL/Library/Developer/Xcode/DerivedData/ModuleCache.noindex/Session.modulevalidation -package-name swift_navigation -Xcc -I/Users/LL/Library/Developer/Xcode/DerivedData/SwiftUIDemo-gojcpzimnqflprcfscrvxatszhih/Build/Intermediates.noindex/swift-navigation.build/Debug-iphonesimulator/SwiftNavigation.build/swift-overrides.hmap -emit-const-values -Xfrontend -const-gather-protocols-file -Xfrontend /Users/LL/Library/Developer/Xcode/DerivedData/SwiftUIDemo-gojcpzimnqflprcfscrvxatszhih/Build/Intermediates.noindex/swift-navigation.build/Debug-iphonesimulator/SwiftNavigation.build/Objects-normal/arm64/SwiftNavigation_const_extract_protocols.json -Xcc -I/Users/LL/Library/Developer/Xcode/DerivedData/SwiftUIDemo-gojcpzimnqflprcfscrvxatszhih/Build/Products/Debug-iphonesimulator/include -Xcc -I/Users/LL/Library/Developer/Xcode/DerivedData/SwiftUIDemo-gojcpzimnqflprcfscrvxatszhih/Build/Intermediates.noindex/swift-navigation.build/Debug-iphonesimulator/SwiftNavigation.build/DerivedSources-normal/arm64 -Xcc -I/Users/LL/Library/Developer/Xcode/DerivedData/SwiftUIDemo-gojcpzimnqflprcfscrvxatszhih/Build/Intermediates.noindex/swift-navigation.build/Debug-iphonesimulator/SwiftNavigation.build/DerivedSources/arm64 -Xcc -I/Users/LL/Library/Developer/Xcode/DerivedData/SwiftUIDemo-gojcpzimnqflprcfscrvxatszhih/Build/Intermediates.noindex/swift-navigation.build/Debug-iphonesimulator/SwiftNavigation.build/DerivedSources -Xcc -DSWIFT_PACKAGE -Xcc -DDEBUG\=1 -emit-objc-header -emit-objc-header-path /Users/LL/Library/Developer/Xcode/DerivedData/SwiftUIDemo-gojcpzimnqflprcfscrvxatszhih/Build/Intermediates.noindex/swift-navigation.build/Debug-iphonesimulator/SwiftNavigation.build/Objects-normal/arm64/SwiftNavigation-Swift.h -working-directory /Users/LL/Documents/wordspace/SwiftUIImprove/SwiftUIDemo/SwiftUIDemo.xcodeproj -experimental-emit-module-separately -disable-cmo

SwiftDriver\ Compilation SwiftNavigation normal arm64 com.apple.xcode.tools.swift.compiler (in target 'SwiftNavigation' from project 'swift-navigation')
    cd /Users/LL/Documents/wordspace/SwiftUIImprove/SwiftUIDemo/SwiftUIDemo.xcodeproj
    builtin-Swift-Compilation -- /Applications/Xcode.app/Contents/Developer/Toolchains/XcodeDefault.xctoolchain/usr/bin/swiftc -module-name SwiftNavigation -Onone -enforce-exclusivity\=checked @/Users/LL/Library/Developer/Xcode/DerivedData/SwiftUIDemo-gojcpzimnqflprcfscrvxatszhih/Build/Intermediates.noindex/swift-navigation.build/Debug-iphonesimulator/SwiftNavigation.build/Objects-normal/arm64/SwiftNavigation.SwiftFileList -DSWIFT_PACKAGE -DDEBUG -DXcode -plugin-path /Applications/Xcode.app/Contents/Developer/Toolchains/XcodeDefault.xctoolchain/usr/lib/swift/host/plugins/testing -enable-experimental-feature DebugDescriptionMacro -sdk /Applications/Xcode.app/Contents/Developer/Platforms/iPhoneSimulator.platform/Developer/SDKs/iPhoneSimulator18.4.sdk -target arm64-apple-ios13.0-simulator -g -module-cache-path /Users/LL/Library/Developer/Xcode/DerivedData/ModuleCache.noindex -Xfrontend -serialize-debugging-options -profile-coverage-mapping -profile-generate -enable-testing -suppress-warnings -index-store-path /Users/LL/Library/Developer/Xcode/DerivedData/SwiftUIDemo-gojcpzimnqflprcfscrvxatszhih/Index.noindex/DataStore -swift-version 6 -I /Users/LL/Library/Developer/Xcode/DerivedData/SwiftUIDemo-gojcpzimnqflprcfscrvxatszhih/Build/Products/Debug-iphonesimulator -I /Applications/Xcode.app/Contents/Developer/Platforms/iPhoneSimulator.platform/Developer/usr/lib -F /Users/LL/Library/Developer/Xcode/DerivedData/SwiftUIDemo-gojcpzimnqflprcfscrvxatszhih/Build/Products/Debug-iphonesimulator/PackageFrameworks -F /Users/LL/Library/Developer/Xcode/DerivedData/SwiftUIDemo-gojcpzimnqflprcfscrvxatszhih/Build/Products/Debug-iphonesimulator/PackageFrameworks -F /Users/LL/Library/Developer/Xcode/DerivedData/SwiftUIDemo-gojcpzimnqflprcfscrvxatszhih/Build/Products/Debug-iphonesimulator/PackageFrameworks -F /Users/LL/Library/Developer/Xcode/DerivedData/SwiftUIDemo-gojcpzimnqflprcfscrvxatszhih/Build/Products/Debug-iphonesimulator/PackageFrameworks -F /Users/LL/Library/Developer/Xcode/DerivedData/SwiftUIDemo-gojcpzimnqflprcfscrvxatszhih/Build/Products/Debug-iphonesimulator/PackageFrameworks -F /Users/LL/Library/Developer/Xcode/DerivedData/SwiftUIDemo-gojcpzimnqflprcfscrvxatszhih/Build/Products/Debug-iphonesimulator/PackageFrameworks -F /Users/LL/Library/Developer/Xcode/DerivedData/SwiftUIDemo-gojcpzimnqflprcfscrvxatszhih/Build/Products/Debug-iphonesimulator/PackageFrameworks -F /Users/LL/Library/Developer/Xcode/DerivedData/SwiftUIDemo-gojcpzimnqflprcfscrvxatszhih/Build/Products/Debug-iphonesimulator/PackageFrameworks -F /Users/LL/Library/Developer/Xcode/DerivedData/SwiftUIDemo-gojcpzimnqflprcfscrvxatszhih/Build/Products/Debug-iphonesimulator/PackageFrameworks -F /Users/LL/Library/Developer/Xcode/DerivedData/SwiftUIDemo-gojcpzimnqflprcfscrvxatszhih/Build/Products/Debug-iphonesimulator/PackageFrameworks -F /Users/LL/Library/Developer/Xcode/DerivedData/SwiftUIDemo-gojcpzimnqflprcfscrvxatszhih/Build/Products/Debug-iphonesimulator/PackageFrameworks -F /Users/LL/Library/Developer/Xcode/DerivedData/SwiftUIDemo-gojcpzimnqflprcfscrvxatszhih/Build/Products/Debug-iphonesimulator -F /Applications/Xcode.app/Contents/Developer/Platforms/iPhoneSimulator.platform/Developer/Library/Frameworks -F /Applications/Xcode.app/Contents/Developer/Platforms/iPhoneSimulator.platform/Developer/SDKs/iPhoneSimulator18.4.sdk/Developer/Library/Frameworks -Xfrontend -load-plugin-executable -Xfrontend /Users/LL/Library/Developer/Xcode/DerivedData/SwiftUIDemo-gojcpzimnqflprcfscrvxatszhih/Build/Products/Debug/CasePathsMacros\#CasePathsMacros -Xfrontend -load-plugin-executable -Xfrontend /Users/LL/Library/Developer/Xcode/DerivedData/SwiftUIDemo-gojcpzimnqflprcfscrvxatszhih/Build/Products/Debug/PerceptionMacros\#PerceptionMacros -c -j10 -enable-batch-mode -incremental -Xcc -ivfsstatcache -Xcc /Users/LL/Library/Developer/Xcode/DerivedData/SDKStatCaches.noindex/iphonesimulator18.4-22E235-71825a6d136aa4733edcbe86ece5525b.sdkstatcache -output-file-map /Users/LL/Library/Developer/Xcode/DerivedData/SwiftUIDemo-gojcpzimnqflprcfscrvxatszhih/Build/Intermediates.noindex/swift-navigation.build/Debug-iphonesimulator/SwiftNavigation.build/Objects-normal/arm64/SwiftNavigation-OutputFileMap.json -use-frontend-parseable-output -save-temps -no-color-diagnostics -serialize-diagnostics -emit-dependencies -emit-module -emit-module-path /Users/LL/Library/Developer/Xcode/DerivedData/SwiftUIDemo-gojcpzimnqflprcfscrvxatszhih/Build/Intermediates.noindex/swift-navigation.build/Debug-iphonesimulator/SwiftNavigation.build/Objects-normal/arm64/SwiftNavigation.swiftmodule -user-module-version 2.4.2 -validate-clang-modules-once -clang-build-session-file /Users/LL/Library/Developer/Xcode/DerivedData/ModuleCache.noindex/Session.modulevalidation -package-name swift_navigation -Xcc -I/Users/LL/Library/Developer/Xcode/DerivedData/SwiftUIDemo-gojcpzimnqflprcfscrvxatszhih/Build/Intermediates.noindex/swift-navigation.build/Debug-iphonesimulator/SwiftNavigation.build/swift-overrides.hmap -emit-const-values -Xfrontend -const-gather-protocols-file -Xfrontend /Users/LL/Library/Developer/Xcode/DerivedData/SwiftUIDemo-gojcpzimnqflprcfscrvxatszhih/Build/Intermediates.noindex/swift-navigation.build/Debug-iphonesimulator/SwiftNavigation.build/Objects-normal/arm64/SwiftNavigation_const_extract_protocols.json -Xcc -I/Users/LL/Library/Developer/Xcode/DerivedData/SwiftUIDemo-gojcpzimnqflprcfscrvxatszhih/Build/Products/Debug-iphonesimulator/include -Xcc -I/Users/LL/Library/Developer/Xcode/DerivedData/SwiftUIDemo-gojcpzimnqflprcfscrvxatszhih/Build/Intermediates.noindex/swift-navigation.build/Debug-iphonesimulator/SwiftNavigation.build/DerivedSources-normal/arm64 -Xcc -I/Users/LL/Library/Developer/Xcode/DerivedData/SwiftUIDemo-gojcpzimnqflprcfscrvxatszhih/Build/Intermediates.noindex/swift-navigation.build/Debug-iphonesimulator/SwiftNavigation.build/DerivedSources/arm64 -Xcc -I/Users/LL/Library/Developer/Xcode/DerivedData/SwiftUIDemo-gojcpzimnqflprcfscrvxatszhih/Build/Intermediates.noindex/swift-navigation.build/Debug-iphonesimulator/SwiftNavigation.build/DerivedSources -Xcc -DSWIFT_PACKAGE -Xcc -DDEBUG\=1 -emit-objc-header -emit-objc-header-path /Users/LL/Library/Developer/Xcode/DerivedData/SwiftUIDemo-gojcpzimnqflprcfscrvxatszhih/Build/Intermediates.noindex/swift-navigation.build/Debug-iphonesimulator/SwiftNavigation.build/Objects-normal/arm64/SwiftNavigation-Swift.h -working-directory /Users/LL/Documents/wordspace/SwiftUIImprove/SwiftUIDemo/SwiftUIDemo.xcodeproj -experimental-emit-module-separately -disable-cmo

SwiftDriver UIKitNavigation normal arm64 com.apple.xcode.tools.swift.compiler (in target 'UIKitNavigation' from project 'swift-navigation')
    cd /Users/LL/Documents/wordspace/SwiftUIImprove/SwiftUIDemo/SwiftUIDemo.xcodeproj
    builtin-SwiftDriver -- /Applications/Xcode.app/Contents/Developer/Toolchains/XcodeDefault.xctoolchain/usr/bin/swiftc -module-name UIKitNavigation -Onone -enforce-exclusivity\=checked @/Users/LL/Library/Developer/Xcode/DerivedData/SwiftUIDemo-gojcpzimnqflprcfscrvxatszhih/Build/Intermediates.noindex/swift-navigation.build/Debug-iphonesimulator/UIKitNavigation.build/Objects-normal/arm64/UIKitNavigation.SwiftFileList -DSWIFT_PACKAGE -DDEBUG -Xcc -fmodule-map-file\=/Users/LL/Library/Developer/Xcode/DerivedData/SwiftUIDemo-gojcpzimnqflprcfscrvxatszhih/Build/Intermediates.noindex/GeneratedModuleMaps-iphonesimulator/UIKitNavigationShim.modulemap -DXcode -plugin-path /Applications/Xcode.app/Contents/Developer/Toolchains/XcodeDefault.xctoolchain/usr/lib/swift/host/plugins/testing -enable-experimental-feature DebugDescriptionMacro -sdk /Applications/Xcode.app/Contents/Developer/Platforms/iPhoneSimulator.platform/Developer/SDKs/iPhoneSimulator18.4.sdk -target arm64-apple-ios13.0-simulator -g -module-cache-path /Users/LL/Library/Developer/Xcode/DerivedData/ModuleCache.noindex -Xfrontend -serialize-debugging-options -profile-coverage-mapping -profile-generate -enable-testing -suppress-warnings -index-store-path /Users/LL/Library/Developer/Xcode/DerivedData/SwiftUIDemo-gojcpzimnqflprcfscrvxatszhih/Index.noindex/DataStore -swift-version 6 -I /Users/LL/Library/Developer/Xcode/DerivedData/SwiftUIDemo-gojcpzimnqflprcfscrvxatszhih/Build/Products/Debug-iphonesimulator -I /Applications/Xcode.app/Contents/Developer/Platforms/iPhoneSimulator.platform/Developer/usr/lib -F /Users/LL/Library/Developer/Xcode/DerivedData/SwiftUIDemo-gojcpzimnqflprcfscrvxatszhih/Build/Products/Debug-iphonesimulator/PackageFrameworks -F /Users/LL/Library/Developer/Xcode/DerivedData/SwiftUIDemo-gojcpzimnqflprcfscrvxatszhih/Build/Products/Debug-iphonesimulator/PackageFrameworks -F /Users/LL/Library/Developer/Xcode/DerivedData/SwiftUIDemo-gojcpzimnqflprcfscrvxatszhih/Build/Products/Debug-iphonesimulator/PackageFrameworks -F /Users/LL/Library/Developer/Xcode/DerivedData/SwiftUIDemo-gojcpzimnqflprcfscrvxatszhih/Build/Products/Debug-iphonesimulator/PackageFrameworks -F /Users/LL/Library/Developer/Xcode/DerivedData/SwiftUIDemo-gojcpzimnqflprcfscrvxatszhih/Build/Products/Debug-iphonesimulator/PackageFrameworks -F /Users/LL/Library/Developer/Xcode/DerivedData/SwiftUIDemo-gojcpzimnqflprcfscrvxatszhih/Build/Products/Debug-iphonesimulator/PackageFrameworks -F /Users/LL/Library/Developer/Xcode/DerivedData/SwiftUIDemo-gojcpzimnqflprcfscrvxatszhih/Build/Products/Debug-iphonesimulator/PackageFrameworks -F /Users/LL/Library/Developer/Xcode/DerivedData/SwiftUIDemo-gojcpzimnqflprcfscrvxatszhih/Build/Products/Debug-iphonesimulator/PackageFrameworks -F /Users/LL/Library/Developer/Xcode/DerivedData/SwiftUIDemo-gojcpzimnqflprcfscrvxatszhih/Build/Products/Debug-iphonesimulator/PackageFrameworks -F /Users/LL/Library/Developer/Xcode/DerivedData/SwiftUIDemo-gojcpzimnqflprcfscrvxatszhih/Build/Products/Debug-iphonesimulator/PackageFrameworks -F /Users/LL/Library/Developer/Xcode/DerivedData/SwiftUIDemo-gojcpzimnqflprcfscrvxatszhih/Build/Products/Debug-iphonesimulator/PackageFrameworks -F /Users/LL/Library/Developer/Xcode/DerivedData/SwiftUIDemo-gojcpzimnqflprcfscrvxatszhih/Build/Products/Debug-iphonesimulator/PackageFrameworks -F /Users/LL/Library/Developer/Xcode/DerivedData/SwiftUIDemo-gojcpzimnqflprcfscrvxatszhih/Build/Products/Debug-iphonesimulator/PackageFrameworks -F /Users/LL/Library/Developer/Xcode/DerivedData/SwiftUIDemo-gojcpzimnqflprcfscrvxatszhih/Build/Products/Debug-iphonesimulator -F /Applications/Xcode.app/Contents/Developer/Platforms/iPhoneSimulator.platform/Developer/Library/Frameworks -F /Applications/Xcode.app/Contents/Developer/Platforms/iPhoneSimulator.platform/Developer/SDKs/iPhoneSimulator18.4.sdk/Developer/Library/Frameworks -Xfrontend -load-plugin-executable -Xfrontend /Users/LL/Library/Developer/Xcode/DerivedData/SwiftUIDemo-gojcpzimnqflprcfscrvxatszhih/Build/Products/Debug/CasePathsMacros\#CasePathsMacros -Xfrontend -load-plugin-executable -Xfrontend /Users/LL/Library/Developer/Xcode/DerivedData/SwiftUIDemo-gojcpzimnqflprcfscrvxatszhih/Build/Products/Debug/PerceptionMacros\#PerceptionMacros -c -j10 -enable-batch-mode -incremental -Xcc -ivfsstatcache -Xcc /Users/LL/Library/Developer/Xcode/DerivedData/SDKStatCaches.noindex/iphonesimulator18.4-22E235-71825a6d136aa4733edcbe86ece5525b.sdkstatcache -output-file-map /Users/LL/Library/Developer/Xcode/DerivedData/SwiftUIDemo-gojcpzimnqflprcfscrvxatszhih/Build/Intermediates.noindex/swift-navigation.build/Debug-iphonesimulator/UIKitNavigation.build/Objects-normal/arm64/UIKitNavigation-OutputFileMap.json -use-frontend-parseable-output -save-temps -no-color-diagnostics -serialize-diagnostics -emit-dependencies -emit-module -emit-module-path /Users/LL/Library/Developer/Xcode/DerivedData/SwiftUIDemo-gojcpzimnqflprcfscrvxatszhih/Build/Intermediates.noindex/swift-navigation.build/Debug-iphonesimulator/UIKitNavigation.build/Objects-normal/arm64/UIKitNavigation.swiftmodule -user-module-version 2.4.2 -validate-clang-modules-once -clang-build-session-file /Users/LL/Library/Developer/Xcode/DerivedData/ModuleCache.noindex/Session.modulevalidation -package-name swift_navigation -Xcc -I/Users/LL/Library/Developer/Xcode/DerivedData/SwiftUIDemo-gojcpzimnqflprcfscrvxatszhih/Build/Intermediates.noindex/swift-navigation.build/Debug-iphonesimulator/UIKitNavigation.build/swift-overrides.hmap -emit-const-values -Xfrontend -const-gather-protocols-file -Xfrontend /Users/LL/Library/Developer/Xcode/DerivedData/SwiftUIDemo-gojcpzimnqflprcfscrvxatszhih/Build/Intermediates.noindex/swift-navigation.build/Debug-iphonesimulator/UIKitNavigation.build/Objects-normal/arm64/UIKitNavigation_const_extract_protocols.json -Xcc -I/Users/LL/Library/Developer/Xcode/DerivedData/SwiftUIDemo-gojcpzimnqflprcfscrvxatszhih/SourcePackages/checkouts/swift-navigation/Sources/UIKitNavigationShim/include -Xcc -I/Users/LL/Library/Developer/Xcode/DerivedData/SwiftUIDemo-gojcpzimnqflprcfscrvxatszhih/Build/Products/Debug-iphonesimulator/include -Xcc -I/Users/LL/Library/Developer/Xcode/DerivedData/SwiftUIDemo-gojcpzimnqflprcfscrvxatszhih/Build/Intermediates.noindex/swift-navigation.build/Debug-iphonesimulator/UIKitNavigation.build/DerivedSources-normal/arm64 -Xcc -I/Users/LL/Library/Developer/Xcode/DerivedData/SwiftUIDemo-gojcpzimnqflprcfscrvxatszhih/Build/Intermediates.noindex/swift-navigation.build/Debug-iphonesimulator/UIKitNavigation.build/DerivedSources/arm64 -Xcc -I/Users/LL/Library/Developer/Xcode/DerivedData/SwiftUIDemo-gojcpzimnqflprcfscrvxatszhih/Build/Intermediates.noindex/swift-navigation.build/Debug-iphonesimulator/UIKitNavigation.build/DerivedSources -Xcc -DSWIFT_PACKAGE -Xcc -DDEBUG\=1 -emit-objc-header -emit-objc-header-path /Users/LL/Library/Developer/Xcode/DerivedData/SwiftUIDemo-gojcpzimnqflprcfscrvxatszhih/Build/Intermediates.noindex/swift-navigation.build/Debug-iphonesimulator/UIKitNavigation.build/Objects-normal/arm64/UIKitNavigation-Swift.h -working-directory /Users/LL/Documents/wordspace/SwiftUIImprove/SwiftUIDemo/SwiftUIDemo.xcodeproj -experimental-emit-module-separately -disable-cmo

SwiftDriver\ Compilation\ Requirements UIKitNavigation normal arm64 com.apple.xcode.tools.swift.compiler (in target 'UIKitNavigation' from project 'swift-navigation')
    cd /Users/LL/Documents/wordspace/SwiftUIImprove/SwiftUIDemo/SwiftUIDemo.xcodeproj
    builtin-Swift-Compilation-Requirements -- /Applications/Xcode.app/Contents/Developer/Toolchains/XcodeDefault.xctoolchain/usr/bin/swiftc -module-name UIKitNavigation -Onone -enforce-exclusivity\=checked @/Users/LL/Library/Developer/Xcode/DerivedData/SwiftUIDemo-gojcpzimnqflprcfscrvxatszhih/Build/Intermediates.noindex/swift-navigation.build/Debug-iphonesimulator/UIKitNavigation.build/Objects-normal/arm64/UIKitNavigation.SwiftFileList -DSWIFT_PACKAGE -DDEBUG -Xcc -fmodule-map-file\=/Users/LL/Library/Developer/Xcode/DerivedData/SwiftUIDemo-gojcpzimnqflprcfscrvxatszhih/Build/Intermediates.noindex/GeneratedModuleMaps-iphonesimulator/UIKitNavigationShim.modulemap -DXcode -plugin-path /Applications/Xcode.app/Contents/Developer/Toolchains/XcodeDefault.xctoolchain/usr/lib/swift/host/plugins/testing -enable-experimental-feature DebugDescriptionMacro -sdk /Applications/Xcode.app/Contents/Developer/Platforms/iPhoneSimulator.platform/Developer/SDKs/iPhoneSimulator18.4.sdk -target arm64-apple-ios13.0-simulator -g -module-cache-path /Users/LL/Library/Developer/Xcode/DerivedData/ModuleCache.noindex -Xfrontend -serialize-debugging-options -profile-coverage-mapping -profile-generate -enable-testing -suppress-warnings -index-store-path /Users/LL/Library/Developer/Xcode/DerivedData/SwiftUIDemo-gojcpzimnqflprcfscrvxatszhih/Index.noindex/DataStore -swift-version 6 -I /Users/LL/Library/Developer/Xcode/DerivedData/SwiftUIDemo-gojcpzimnqflprcfscrvxatszhih/Build/Products/Debug-iphonesimulator -I /Applications/Xcode.app/Contents/Developer/Platforms/iPhoneSimulator.platform/Developer/usr/lib -F /Users/LL/Library/Developer/Xcode/DerivedData/SwiftUIDemo-gojcpzimnqflprcfscrvxatszhih/Build/Products/Debug-iphonesimulator/PackageFrameworks -F /Users/LL/Library/Developer/Xcode/DerivedData/SwiftUIDemo-gojcpzimnqflprcfscrvxatszhih/Build/Products/Debug-iphonesimulator/PackageFrameworks -F /Users/LL/Library/Developer/Xcode/DerivedData/SwiftUIDemo-gojcpzimnqflprcfscrvxatszhih/Build/Products/Debug-iphonesimulator/PackageFrameworks -F /Users/LL/Library/Developer/Xcode/DerivedData/SwiftUIDemo-gojcpzimnqflprcfscrvxatszhih/Build/Products/Debug-iphonesimulator/PackageFrameworks -F /Users/LL/Library/Developer/Xcode/DerivedData/SwiftUIDemo-gojcpzimnqflprcfscrvxatszhih/Build/Products/Debug-iphonesimulator/PackageFrameworks -F /Users/LL/Library/Developer/Xcode/DerivedData/SwiftUIDemo-gojcpzimnqflprcfscrvxatszhih/Build/Products/Debug-iphonesimulator/PackageFrameworks -F /Users/LL/Library/Developer/Xcode/DerivedData/SwiftUIDemo-gojcpzimnqflprcfscrvxatszhih/Build/Products/Debug-iphonesimulator/PackageFrameworks -F /Users/LL/Library/Developer/Xcode/DerivedData/SwiftUIDemo-gojcpzimnqflprcfscrvxatszhih/Build/Products/Debug-iphonesimulator/PackageFrameworks -F /Users/LL/Library/Developer/Xcode/DerivedData/SwiftUIDemo-gojcpzimnqflprcfscrvxatszhih/Build/Products/Debug-iphonesimulator/PackageFrameworks -F /Users/LL/Library/Developer/Xcode/DerivedData/SwiftUIDemo-gojcpzimnqflprcfscrvxatszhih/Build/Products/Debug-iphonesimulator/PackageFrameworks -F /Users/LL/Library/Developer/Xcode/DerivedData/SwiftUIDemo-gojcpzimnqflprcfscrvxatszhih/Build/Products/Debug-iphonesimulator/PackageFrameworks -F /Users/LL/Library/Developer/Xcode/DerivedData/SwiftUIDemo-gojcpzimnqflprcfscrvxatszhih/Build/Products/Debug-iphonesimulator/PackageFrameworks -F /Users/LL/Library/Developer/Xcode/DerivedData/SwiftUIDemo-gojcpzimnqflprcfscrvxatszhih/Build/Products/Debug-iphonesimulator/PackageFrameworks -F /Users/LL/Library/Developer/Xcode/DerivedData/SwiftUIDemo-gojcpzimnqflprcfscrvxatszhih/Build/Products/Debug-iphonesimulator -F /Applications/Xcode.app/Contents/Developer/Platforms/iPhoneSimulator.platform/Developer/Library/Frameworks -F /Applications/Xcode.app/Contents/Developer/Platforms/iPhoneSimulator.platform/Developer/SDKs/iPhoneSimulator18.4.sdk/Developer/Library/Frameworks -Xfrontend -load-plugin-executable -Xfrontend /Users/LL/Library/Developer/Xcode/DerivedData/SwiftUIDemo-gojcpzimnqflprcfscrvxatszhih/Build/Products/Debug/CasePathsMacros\#CasePathsMacros -Xfrontend -load-plugin-executable -Xfrontend /Users/LL/Library/Developer/Xcode/DerivedData/SwiftUIDemo-gojcpzimnqflprcfscrvxatszhih/Build/Products/Debug/PerceptionMacros\#PerceptionMacros -c -j10 -enable-batch-mode -incremental -Xcc -ivfsstatcache -Xcc /Users/LL/Library/Developer/Xcode/DerivedData/SDKStatCaches.noindex/iphonesimulator18.4-22E235-71825a6d136aa4733edcbe86ece5525b.sdkstatcache -output-file-map /Users/LL/Library/Developer/Xcode/DerivedData/SwiftUIDemo-gojcpzimnqflprcfscrvxatszhih/Build/Intermediates.noindex/swift-navigation.build/Debug-iphonesimulator/UIKitNavigation.build/Objects-normal/arm64/UIKitNavigation-OutputFileMap.json -use-frontend-parseable-output -save-temps -no-color-diagnostics -serialize-diagnostics -emit-dependencies -emit-module -emit-module-path /Users/LL/Library/Developer/Xcode/DerivedData/SwiftUIDemo-gojcpzimnqflprcfscrvxatszhih/Build/Intermediates.noindex/swift-navigation.build/Debug-iphonesimulator/UIKitNavigation.build/Objects-normal/arm64/UIKitNavigation.swiftmodule -user-module-version 2.4.2 -validate-clang-modules-once -clang-build-session-file /Users/LL/Library/Developer/Xcode/DerivedData/ModuleCache.noindex/Session.modulevalidation -package-name swift_navigation -Xcc -I/Users/LL/Library/Developer/Xcode/DerivedData/SwiftUIDemo-gojcpzimnqflprcfscrvxatszhih/Build/Intermediates.noindex/swift-navigation.build/Debug-iphonesimulator/UIKitNavigation.build/swift-overrides.hmap -emit-const-values -Xfrontend -const-gather-protocols-file -Xfrontend /Users/LL/Library/Developer/Xcode/DerivedData/SwiftUIDemo-gojcpzimnqflprcfscrvxatszhih/Build/Intermediates.noindex/swift-navigation.build/Debug-iphonesimulator/UIKitNavigation.build/Objects-normal/arm64/UIKitNavigation_const_extract_protocols.json -Xcc -I/Users/LL/Library/Developer/Xcode/DerivedData/SwiftUIDemo-gojcpzimnqflprcfscrvxatszhih/SourcePackages/checkouts/swift-navigation/Sources/UIKitNavigationShim/include -Xcc -I/Users/LL/Library/Developer/Xcode/DerivedData/SwiftUIDemo-gojcpzimnqflprcfscrvxatszhih/Build/Products/Debug-iphonesimulator/include -Xcc -I/Users/LL/Library/Developer/Xcode/DerivedData/SwiftUIDemo-gojcpzimnqflprcfscrvxatszhih/Build/Intermediates.noindex/swift-navigation.build/Debug-iphonesimulator/UIKitNavigation.build/DerivedSources-normal/arm64 -Xcc -I/Users/LL/Library/Developer/Xcode/DerivedData/SwiftUIDemo-gojcpzimnqflprcfscrvxatszhih/Build/Intermediates.noindex/swift-navigation.build/Debug-iphonesimulator/UIKitNavigation.build/DerivedSources/arm64 -Xcc -I/Users/LL/Library/Developer/Xcode/DerivedData/SwiftUIDemo-gojcpzimnqflprcfscrvxatszhih/Build/Intermediates.noindex/swift-navigation.build/Debug-iphonesimulator/UIKitNavigation.build/DerivedSources -Xcc -DSWIFT_PACKAGE -Xcc -DDEBUG\=1 -emit-objc-header -emit-objc-header-path /Users/LL/Library/Developer/Xcode/DerivedData/SwiftUIDemo-gojcpzimnqflprcfscrvxatszhih/Build/Intermediates.noindex/swift-navigation.build/Debug-iphonesimulator/UIKitNavigation.build/Objects-normal/arm64/UIKitNavigation-Swift.h -working-directory /Users/LL/Documents/wordspace/SwiftUIImprove/SwiftUIDemo/SwiftUIDemo.xcodeproj -experimental-emit-module-separately -disable-cmo

SwiftDriver\ Compilation UIKitNavigation normal arm64 com.apple.xcode.tools.swift.compiler (in target 'UIKitNavigation' from project 'swift-navigation')
    cd /Users/LL/Documents/wordspace/SwiftUIImprove/SwiftUIDemo/SwiftUIDemo.xcodeproj
    builtin-Swift-Compilation -- /Applications/Xcode.app/Contents/Developer/Toolchains/XcodeDefault.xctoolchain/usr/bin/swiftc -module-name UIKitNavigation -Onone -enforce-exclusivity\=checked @/Users/LL/Library/Developer/Xcode/DerivedData/SwiftUIDemo-gojcpzimnqflprcfscrvxatszhih/Build/Intermediates.noindex/swift-navigation.build/Debug-iphonesimulator/UIKitNavigation.build/Objects-normal/arm64/UIKitNavigation.SwiftFileList -DSWIFT_PACKAGE -DDEBUG -Xcc -fmodule-map-file\=/Users/LL/Library/Developer/Xcode/DerivedData/SwiftUIDemo-gojcpzimnqflprcfscrvxatszhih/Build/Intermediates.noindex/GeneratedModuleMaps-iphonesimulator/UIKitNavigationShim.modulemap -DXcode -plugin-path /Applications/Xcode.app/Contents/Developer/Toolchains/XcodeDefault.xctoolchain/usr/lib/swift/host/plugins/testing -enable-experimental-feature DebugDescriptionMacro -sdk /Applications/Xcode.app/Contents/Developer/Platforms/iPhoneSimulator.platform/Developer/SDKs/iPhoneSimulator18.4.sdk -target arm64-apple-ios13.0-simulator -g -module-cache-path /Users/LL/Library/Developer/Xcode/DerivedData/ModuleCache.noindex -Xfrontend -serialize-debugging-options -profile-coverage-mapping -profile-generate -enable-testing -suppress-warnings -index-store-path /Users/LL/Library/Developer/Xcode/DerivedData/SwiftUIDemo-gojcpzimnqflprcfscrvxatszhih/Index.noindex/DataStore -swift-version 6 -I /Users/LL/Library/Developer/Xcode/DerivedData/SwiftUIDemo-gojcpzimnqflprcfscrvxatszhih/Build/Products/Debug-iphonesimulator -I /Applications/Xcode.app/Contents/Developer/Platforms/iPhoneSimulator.platform/Developer/usr/lib -F /Users/LL/Library/Developer/Xcode/DerivedData/SwiftUIDemo-gojcpzimnqflprcfscrvxatszhih/Build/Products/Debug-iphonesimulator/PackageFrameworks -F /Users/LL/Library/Developer/Xcode/DerivedData/SwiftUIDemo-gojcpzimnqflprcfscrvxatszhih/Build/Products/Debug-iphonesimulator/PackageFrameworks -F /Users/LL/Library/Developer/Xcode/DerivedData/SwiftUIDemo-gojcpzimnqflprcfscrvxatszhih/Build/Products/Debug-iphonesimulator/PackageFrameworks -F /Users/LL/Library/Developer/Xcode/DerivedData/SwiftUIDemo-gojcpzimnqflprcfscrvxatszhih/Build/Products/Debug-iphonesimulator/PackageFrameworks -F /Users/LL/Library/Developer/Xcode/DerivedData/SwiftUIDemo-gojcpzimnqflprcfscrvxatszhih/Build/Products/Debug-iphonesimulator/PackageFrameworks -F /Users/LL/Library/Developer/Xcode/DerivedData/SwiftUIDemo-gojcpzimnqflprcfscrvxatszhih/Build/Products/Debug-iphonesimulator/PackageFrameworks -F /Users/LL/Library/Developer/Xcode/DerivedData/SwiftUIDemo-gojcpzimnqflprcfscrvxatszhih/Build/Products/Debug-iphonesimulator/PackageFrameworks -F /Users/LL/Library/Developer/Xcode/DerivedData/SwiftUIDemo-gojcpzimnqflprcfscrvxatszhih/Build/Products/Debug-iphonesimulator/PackageFrameworks -F /Users/LL/Library/Developer/Xcode/DerivedData/SwiftUIDemo-gojcpzimnqflprcfscrvxatszhih/Build/Products/Debug-iphonesimulator/PackageFrameworks -F /Users/LL/Library/Developer/Xcode/DerivedData/SwiftUIDemo-gojcpzimnqflprcfscrvxatszhih/Build/Products/Debug-iphonesimulator/PackageFrameworks -F /Users/LL/Library/Developer/Xcode/DerivedData/SwiftUIDemo-gojcpzimnqflprcfscrvxatszhih/Build/Products/Debug-iphonesimulator/PackageFrameworks -F /Users/LL/Library/Developer/Xcode/DerivedData/SwiftUIDemo-gojcpzimnqflprcfscrvxatszhih/Build/Products/Debug-iphonesimulator/PackageFrameworks -F /Users/LL/Library/Developer/Xcode/DerivedData/SwiftUIDemo-gojcpzimnqflprcfscrvxatszhih/Build/Products/Debug-iphonesimulator/PackageFrameworks -F /Users/LL/Library/Developer/Xcode/DerivedData/SwiftUIDemo-gojcpzimnqflprcfscrvxatszhih/Build/Products/Debug-iphonesimulator -F /Applications/Xcode.app/Contents/Developer/Platforms/iPhoneSimulator.platform/Developer/Library/Frameworks -F /Applications/Xcode.app/Contents/Developer/Platforms/iPhoneSimulator.platform/Developer/SDKs/iPhoneSimulator18.4.sdk/Developer/Library/Frameworks -Xfrontend -load-plugin-executable -Xfrontend /Users/LL/Library/Developer/Xcode/DerivedData/SwiftUIDemo-gojcpzimnqflprcfscrvxatszhih/Build/Products/Debug/CasePathsMacros\#CasePathsMacros -Xfrontend -load-plugin-executable -Xfrontend /Users/LL/Library/Developer/Xcode/DerivedData/SwiftUIDemo-gojcpzimnqflprcfscrvxatszhih/Build/Products/Debug/PerceptionMacros\#PerceptionMacros -c -j10 -enable-batch-mode -incremental -Xcc -ivfsstatcache -Xcc /Users/LL/Library/Developer/Xcode/DerivedData/SDKStatCaches.noindex/iphonesimulator18.4-22E235-71825a6d136aa4733edcbe86ece5525b.sdkstatcache -output-file-map /Users/LL/Library/Developer/Xcode/DerivedData/SwiftUIDemo-gojcpzimnqflprcfscrvxatszhih/Build/Intermediates.noindex/swift-navigation.build/Debug-iphonesimulator/UIKitNavigation.build/Objects-normal/arm64/UIKitNavigation-OutputFileMap.json -use-frontend-parseable-output -save-temps -no-color-diagnostics -serialize-diagnostics -emit-dependencies -emit-module -emit-module-path /Users/LL/Library/Developer/Xcode/DerivedData/SwiftUIDemo-gojcpzimnqflprcfscrvxatszhih/Build/Intermediates.noindex/swift-navigation.build/Debug-iphonesimulator/UIKitNavigation.build/Objects-normal/arm64/UIKitNavigation.swiftmodule -user-module-version 2.4.2 -validate-clang-modules-once -clang-build-session-file /Users/LL/Library/Developer/Xcode/DerivedData/ModuleCache.noindex/Session.modulevalidation -package-name swift_navigation -Xcc -I/Users/LL/Library/Developer/Xcode/DerivedData/SwiftUIDemo-gojcpzimnqflprcfscrvxatszhih/Build/Intermediates.noindex/swift-navigation.build/Debug-iphonesimulator/UIKitNavigation.build/swift-overrides.hmap -emit-const-values -Xfrontend -const-gather-protocols-file -Xfrontend /Users/LL/Library/Developer/Xcode/DerivedData/SwiftUIDemo-gojcpzimnqflprcfscrvxatszhih/Build/Intermediates.noindex/swift-navigation.build/Debug-iphonesimulator/UIKitNavigation.build/Objects-normal/arm64/UIKitNavigation_const_extract_protocols.json -Xcc -I/Users/LL/Library/Developer/Xcode/DerivedData/SwiftUIDemo-gojcpzimnqflprcfscrvxatszhih/SourcePackages/checkouts/swift-navigation/Sources/UIKitNavigationShim/include -Xcc -I/Users/LL/Library/Developer/Xcode/DerivedData/SwiftUIDemo-gojcpzimnqflprcfscrvxatszhih/Build/Products/Debug-iphonesimulator/include -Xcc -I/Users/LL/Library/Developer/Xcode/DerivedData/SwiftUIDemo-gojcpzimnqflprcfscrvxatszhih/Build/Intermediates.noindex/swift-navigation.build/Debug-iphonesimulator/UIKitNavigation.build/DerivedSources-normal/arm64 -Xcc -I/Users/LL/Library/Developer/Xcode/DerivedData/SwiftUIDemo-gojcpzimnqflprcfscrvxatszhih/Build/Intermediates.noindex/swift-navigation.build/Debug-iphonesimulator/UIKitNavigation.build/DerivedSources/arm64 -Xcc -I/Users/LL/Library/Developer/Xcode/DerivedData/SwiftUIDemo-gojcpzimnqflprcfscrvxatszhih/Build/Intermediates.noindex/swift-navigation.build/Debug-iphonesimulator/UIKitNavigation.build/DerivedSources -Xcc -DSWIFT_PACKAGE -Xcc -DDEBUG\=1 -emit-objc-header -emit-objc-header-path /Users/LL/Library/Developer/Xcode/DerivedData/SwiftUIDemo-gojcpzimnqflprcfscrvxatszhih/Build/Intermediates.noindex/swift-navigation.build/Debug-iphonesimulator/UIKitNavigation.build/Objects-normal/arm64/UIKitNavigation-Swift.h -working-directory /Users/LL/Documents/wordspace/SwiftUIImprove/SwiftUIDemo/SwiftUIDemo.xcodeproj -experimental-emit-module-separately -disable-cmo

SwiftDriver SwiftUINavigation normal arm64 com.apple.xcode.tools.swift.compiler (in target 'SwiftUINavigation' from project 'swift-navigation')
    cd /Users/LL/Documents/wordspace/SwiftUIImprove/SwiftUIDemo/SwiftUIDemo.xcodeproj
    builtin-SwiftDriver -- /Applications/Xcode.app/Contents/Developer/Toolchains/XcodeDefault.xctoolchain/usr/bin/swiftc -module-name SwiftUINavigation -Onone -enforce-exclusivity\=checked @/Users/LL/Library/Developer/Xcode/DerivedData/SwiftUIDemo-gojcpzimnqflprcfscrvxatszhih/Build/Intermediates.noindex/swift-navigation.build/Debug-iphonesimulator/SwiftUINavigation.build/Objects-normal/arm64/SwiftUINavigation.SwiftFileList -DSWIFT_PACKAGE -DDEBUG -Xcc -fmodule-map-file\=/Users/LL/Library/Developer/Xcode/DerivedData/SwiftUIDemo-gojcpzimnqflprcfscrvxatszhih/Build/Intermediates.noindex/GeneratedModuleMaps-iphonesimulator/UIKitNavigationShim.modulemap -DXcode -plugin-path /Applications/Xcode.app/Contents/Developer/Toolchains/XcodeDefault.xctoolchain/usr/lib/swift/host/plugins/testing -enable-experimental-feature DebugDescriptionMacro -sdk /Applications/Xcode.app/Contents/Developer/Platforms/iPhoneSimulator.platform/Developer/SDKs/iPhoneSimulator18.4.sdk -target arm64-apple-ios13.0-simulator -g -module-cache-path /Users/LL/Library/Developer/Xcode/DerivedData/ModuleCache.noindex -Xfrontend -serialize-debugging-options -profile-coverage-mapping -profile-generate -enable-testing -suppress-warnings -index-store-path /Users/LL/Library/Developer/Xcode/DerivedData/SwiftUIDemo-gojcpzimnqflprcfscrvxatszhih/Index.noindex/DataStore -swift-version 6 -I /Users/LL/Library/Developer/Xcode/DerivedData/SwiftUIDemo-gojcpzimnqflprcfscrvxatszhih/Build/Products/Debug-iphonesimulator -I /Applications/Xcode.app/Contents/Developer/Platforms/iPhoneSimulator.platform/Developer/usr/lib -F /Users/LL/Library/Developer/Xcode/DerivedData/SwiftUIDemo-gojcpzimnqflprcfscrvxatszhih/Build/Products/Debug-iphonesimulator/PackageFrameworks -F /Users/LL/Library/Developer/Xcode/DerivedData/SwiftUIDemo-gojcpzimnqflprcfscrvxatszhih/Build/Products/Debug-iphonesimulator/PackageFrameworks -F /Users/LL/Library/Developer/Xcode/DerivedData/SwiftUIDemo-gojcpzimnqflprcfscrvxatszhih/Build/Products/Debug-iphonesimulator/PackageFrameworks -F /Users/LL/Library/Developer/Xcode/DerivedData/SwiftUIDemo-gojcpzimnqflprcfscrvxatszhih/Build/Products/Debug-iphonesimulator/PackageFrameworks -F /Users/LL/Library/Developer/Xcode/DerivedData/SwiftUIDemo-gojcpzimnqflprcfscrvxatszhih/Build/Products/Debug-iphonesimulator/PackageFrameworks -F /Users/LL/Library/Developer/Xcode/DerivedData/SwiftUIDemo-gojcpzimnqflprcfscrvxatszhih/Build/Products/Debug-iphonesimulator/PackageFrameworks -F /Users/LL/Library/Developer/Xcode/DerivedData/SwiftUIDemo-gojcpzimnqflprcfscrvxatszhih/Build/Products/Debug-iphonesimulator/PackageFrameworks -F /Users/LL/Library/Developer/Xcode/DerivedData/SwiftUIDemo-gojcpzimnqflprcfscrvxatszhih/Build/Products/Debug-iphonesimulator/PackageFrameworks -F /Users/LL/Library/Developer/Xcode/DerivedData/SwiftUIDemo-gojcpzimnqflprcfscrvxatszhih/Build/Products/Debug-iphonesimulator/PackageFrameworks -F /Users/LL/Library/Developer/Xcode/DerivedData/SwiftUIDemo-gojcpzimnqflprcfscrvxatszhih/Build/Products/Debug-iphonesimulator/PackageFrameworks -F /Users/LL/Library/Developer/Xcode/DerivedData/SwiftUIDemo-gojcpzimnqflprcfscrvxatszhih/Build/Products/Debug-iphonesimulator/PackageFrameworks -F /Users/LL/Library/Developer/Xcode/DerivedData/SwiftUIDemo-gojcpzimnqflprcfscrvxatszhih/Build/Products/Debug-iphonesimulator/PackageFrameworks -F /Users/LL/Library/Developer/Xcode/DerivedData/SwiftUIDemo-gojcpzimnqflprcfscrvxatszhih/Build/Products/Debug-iphonesimulator/PackageFrameworks -F /Users/LL/Library/Developer/Xcode/DerivedData/SwiftUIDemo-gojcpzimnqflprcfscrvxatszhih/Build/Products/Debug-iphonesimulator/PackageFrameworks -F /Users/LL/Library/Developer/Xcode/DerivedData/SwiftUIDemo-gojcpzimnqflprcfscrvxatszhih/Build/Products/Debug-iphonesimulator -F /Applications/Xcode.app/Contents/Developer/Platforms/iPhoneSimulator.platform/Developer/Library/Frameworks -F /Applications/Xcode.app/Contents/Developer/Platforms/iPhoneSimulator.platform/Developer/SDKs/iPhoneSimulator18.4.sdk/Developer/Library/Frameworks -Xfrontend -load-plugin-executable -Xfrontend /Users/LL/Library/Developer/Xcode/DerivedData/SwiftUIDemo-gojcpzimnqflprcfscrvxatszhih/Build/Products/Debug/CasePathsMacros\#CasePathsMacros -Xfrontend -load-plugin-executable -Xfrontend /Users/LL/Library/Developer/Xcode/DerivedData/SwiftUIDemo-gojcpzimnqflprcfscrvxatszhih/Build/Products/Debug/PerceptionMacros\#PerceptionMacros -c -j10 -enable-batch-mode -incremental -Xcc -ivfsstatcache -Xcc /Users/LL/Library/Developer/Xcode/DerivedData/SDKStatCaches.noindex/iphonesimulator18.4-22E235-71825a6d136aa4733edcbe86ece5525b.sdkstatcache -output-file-map /Users/LL/Library/Developer/Xcode/DerivedData/SwiftUIDemo-gojcpzimnqflprcfscrvxatszhih/Build/Intermediates.noindex/swift-navigation.build/Debug-iphonesimulator/SwiftUINavigation.build/Objects-normal/arm64/SwiftUINavigation-OutputFileMap.json -use-frontend-parseable-output -save-temps -no-color-diagnostics -serialize-diagnostics -emit-dependencies -emit-module -emit-module-path /Users/LL/Library/Developer/Xcode/DerivedData/SwiftUIDemo-gojcpzimnqflprcfscrvxatszhih/Build/Intermediates.noindex/swift-navigation.build/Debug-iphonesimulator/SwiftUINavigation.build/Objects-normal/arm64/SwiftUINavigation.swiftmodule -user-module-version 2.4.2 -validate-clang-modules-once -clang-build-session-file /Users/LL/Library/Developer/Xcode/DerivedData/ModuleCache.noindex/Session.modulevalidation -package-name swift_navigation -Xcc -I/Users/LL/Library/Developer/Xcode/DerivedData/SwiftUIDemo-gojcpzimnqflprcfscrvxatszhih/Build/Intermediates.noindex/swift-navigation.build/Debug-iphonesimulator/SwiftUINavigation.build/swift-overrides.hmap -emit-const-values -Xfrontend -const-gather-protocols-file -Xfrontend /Users/LL/Library/Developer/Xcode/DerivedData/SwiftUIDemo-gojcpzimnqflprcfscrvxatszhih/Build/Intermediates.noindex/swift-navigation.build/Debug-iphonesimulator/SwiftUINavigation.build/Objects-normal/arm64/SwiftUINavigation_const_extract_protocols.json -Xcc -I/Users/LL/Library/Developer/Xcode/DerivedData/SwiftUIDemo-gojcpzimnqflprcfscrvxatszhih/SourcePackages/checkouts/swift-navigation/Sources/UIKitNavigationShim/include -Xcc -I/Users/LL/Library/Developer/Xcode/DerivedData/SwiftUIDemo-gojcpzimnqflprcfscrvxatszhih/Build/Products/Debug-iphonesimulator/include -Xcc -I/Users/LL/Library/Developer/Xcode/DerivedData/SwiftUIDemo-gojcpzimnqflprcfscrvxatszhih/Build/Intermediates.noindex/swift-navigation.build/Debug-iphonesimulator/SwiftUINavigation.build/DerivedSources-normal/arm64 -Xcc -I/Users/LL/Library/Developer/Xcode/DerivedData/SwiftUIDemo-gojcpzimnqflprcfscrvxatszhih/Build/Intermediates.noindex/swift-navigation.build/Debug-iphonesimulator/SwiftUINavigation.build/DerivedSources/arm64 -Xcc -I/Users/LL/Library/Developer/Xcode/DerivedData/SwiftUIDemo-gojcpzimnqflprcfscrvxatszhih/Build/Intermediates.noindex/swift-navigation.build/Debug-iphonesimulator/SwiftUINavigation.build/DerivedSources -Xcc -DSWIFT_PACKAGE -Xcc -DDEBUG\=1 -emit-objc-header -emit-objc-header-path /Users/LL/Library/Developer/Xcode/DerivedData/SwiftUIDemo-gojcpzimnqflprcfscrvxatszhih/Build/Intermediates.noindex/swift-navigation.build/Debug-iphonesimulator/SwiftUINavigation.build/Objects-normal/arm64/SwiftUINavigation-Swift.h -working-directory /Users/LL/Documents/wordspace/SwiftUIImprove/SwiftUIDemo/SwiftUIDemo.xcodeproj -experimental-emit-module-separately -disable-cmo

SwiftDriver\ Compilation\ Requirements SwiftUINavigation normal arm64 com.apple.xcode.tools.swift.compiler (in target 'SwiftUINavigation' from project 'swift-navigation')
    cd /Users/LL/Documents/wordspace/SwiftUIImprove/SwiftUIDemo/SwiftUIDemo.xcodeproj
    builtin-Swift-Compilation-Requirements -- /Applications/Xcode.app/Contents/Developer/Toolchains/XcodeDefault.xctoolchain/usr/bin/swiftc -module-name SwiftUINavigation -Onone -enforce-exclusivity\=checked @/Users/LL/Library/Developer/Xcode/DerivedData/SwiftUIDemo-gojcpzimnqflprcfscrvxatszhih/Build/Intermediates.noindex/swift-navigation.build/Debug-iphonesimulator/SwiftUINavigation.build/Objects-normal/arm64/SwiftUINavigation.SwiftFileList -DSWIFT_PACKAGE -DDEBUG -Xcc -fmodule-map-file\=/Users/LL/Library/Developer/Xcode/DerivedData/SwiftUIDemo-gojcpzimnqflprcfscrvxatszhih/Build/Intermediates.noindex/GeneratedModuleMaps-iphonesimulator/UIKitNavigationShim.modulemap -DXcode -plugin-path /Applications/Xcode.app/Contents/Developer/Toolchains/XcodeDefault.xctoolchain/usr/lib/swift/host/plugins/testing -enable-experimental-feature DebugDescriptionMacro -sdk /Applications/Xcode.app/Contents/Developer/Platforms/iPhoneSimulator.platform/Developer/SDKs/iPhoneSimulator18.4.sdk -target arm64-apple-ios13.0-simulator -g -module-cache-path /Users/LL/Library/Developer/Xcode/DerivedData/ModuleCache.noindex -Xfrontend -serialize-debugging-options -profile-coverage-mapping -profile-generate -enable-testing -suppress-warnings -index-store-path /Users/LL/Library/Developer/Xcode/DerivedData/SwiftUIDemo-gojcpzimnqflprcfscrvxatszhih/Index.noindex/DataStore -swift-version 6 -I /Users/LL/Library/Developer/Xcode/DerivedData/SwiftUIDemo-gojcpzimnqflprcfscrvxatszhih/Build/Products/Debug-iphonesimulator -I /Applications/Xcode.app/Contents/Developer/Platforms/iPhoneSimulator.platform/Developer/usr/lib -F /Users/LL/Library/Developer/Xcode/DerivedData/SwiftUIDemo-gojcpzimnqflprcfscrvxatszhih/Build/Products/Debug-iphonesimulator/PackageFrameworks -F /Users/LL/Library/Developer/Xcode/DerivedData/SwiftUIDemo-gojcpzimnqflprcfscrvxatszhih/Build/Products/Debug-iphonesimulator/PackageFrameworks -F /Users/LL/Library/Developer/Xcode/DerivedData/SwiftUIDemo-gojcpzimnqflprcfscrvxatszhih/Build/Products/Debug-iphonesimulator/PackageFrameworks -F /Users/LL/Library/Developer/Xcode/DerivedData/SwiftUIDemo-gojcpzimnqflprcfscrvxatszhih/Build/Products/Debug-iphonesimulator/PackageFrameworks -F /Users/LL/Library/Developer/Xcode/DerivedData/SwiftUIDemo-gojcpzimnqflprcfscrvxatszhih/Build/Products/Debug-iphonesimulator/PackageFrameworks -F /Users/LL/Library/Developer/Xcode/DerivedData/SwiftUIDemo-gojcpzimnqflprcfscrvxatszhih/Build/Products/Debug-iphonesimulator/PackageFrameworks -F /Users/LL/Library/Developer/Xcode/DerivedData/SwiftUIDemo-gojcpzimnqflprcfscrvxatszhih/Build/Products/Debug-iphonesimulator/PackageFrameworks -F /Users/LL/Library/Developer/Xcode/DerivedData/SwiftUIDemo-gojcpzimnqflprcfscrvxatszhih/Build/Products/Debug-iphonesimulator/PackageFrameworks -F /Users/LL/Library/Developer/Xcode/DerivedData/SwiftUIDemo-gojcpzimnqflprcfscrvxatszhih/Build/Products/Debug-iphonesimulator/PackageFrameworks -F /Users/LL/Library/Developer/Xcode/DerivedData/SwiftUIDemo-gojcpzimnqflprcfscrvxatszhih/Build/Products/Debug-iphonesimulator/PackageFrameworks -F /Users/LL/Library/Developer/Xcode/DerivedData/SwiftUIDemo-gojcpzimnqflprcfscrvxatszhih/Build/Products/Debug-iphonesimulator/PackageFrameworks -F /Users/LL/Library/Developer/Xcode/DerivedData/SwiftUIDemo-gojcpzimnqflprcfscrvxatszhih/Build/Products/Debug-iphonesimulator/PackageFrameworks -F /Users/LL/Library/Developer/Xcode/DerivedData/SwiftUIDemo-gojcpzimnqflprcfscrvxatszhih/Build/Products/Debug-iphonesimulator/PackageFrameworks -F /Users/LL/Library/Developer/Xcode/DerivedData/SwiftUIDemo-gojcpzimnqflprcfscrvxatszhih/Build/Products/Debug-iphonesimulator/PackageFrameworks -F /Users/LL/Library/Developer/Xcode/DerivedData/SwiftUIDemo-gojcpzimnqflprcfscrvxatszhih/Build/Products/Debug-iphonesimulator -F /Applications/Xcode.app/Contents/Developer/Platforms/iPhoneSimulator.platform/Developer/Library/Frameworks -F /Applications/Xcode.app/Contents/Developer/Platforms/iPhoneSimulator.platform/Developer/SDKs/iPhoneSimulator18.4.sdk/Developer/Library/Frameworks -Xfrontend -load-plugin-executable -Xfrontend /Users/LL/Library/Developer/Xcode/DerivedData/SwiftUIDemo-gojcpzimnqflprcfscrvxatszhih/Build/Products/Debug/CasePathsMacros\#CasePathsMacros -Xfrontend -load-plugin-executable -Xfrontend /Users/LL/Library/Developer/Xcode/DerivedData/SwiftUIDemo-gojcpzimnqflprcfscrvxatszhih/Build/Products/Debug/PerceptionMacros\#PerceptionMacros -c -j10 -enable-batch-mode -incremental -Xcc -ivfsstatcache -Xcc /Users/LL/Library/Developer/Xcode/DerivedData/SDKStatCaches.noindex/iphonesimulator18.4-22E235-71825a6d136aa4733edcbe86ece5525b.sdkstatcache -output-file-map /Users/LL/Library/Developer/Xcode/DerivedData/SwiftUIDemo-gojcpzimnqflprcfscrvxatszhih/Build/Intermediates.noindex/swift-navigation.build/Debug-iphonesimulator/SwiftUINavigation.build/Objects-normal/arm64/SwiftUINavigation-OutputFileMap.json -use-frontend-parseable-output -save-temps -no-color-diagnostics -serialize-diagnostics -emit-dependencies -emit-module -emit-module-path /Users/LL/Library/Developer/Xcode/DerivedData/SwiftUIDemo-gojcpzimnqflprcfscrvxatszhih/Build/Intermediates.noindex/swift-navigation.build/Debug-iphonesimulator/SwiftUINavigation.build/Objects-normal/arm64/SwiftUINavigation.swiftmodule -user-module-version 2.4.2 -validate-clang-modules-once -clang-build-session-file /Users/LL/Library/Developer/Xcode/DerivedData/ModuleCache.noindex/Session.modulevalidation -package-name swift_navigation -Xcc -I/Users/LL/Library/Developer/Xcode/DerivedData/SwiftUIDemo-gojcpzimnqflprcfscrvxatszhih/Build/Intermediates.noindex/swift-navigation.build/Debug-iphonesimulator/SwiftUINavigation.build/swift-overrides.hmap -emit-const-values -Xfrontend -const-gather-protocols-file -Xfrontend /Users/LL/Library/Developer/Xcode/DerivedData/SwiftUIDemo-gojcpzimnqflprcfscrvxatszhih/Build/Intermediates.noindex/swift-navigation.build/Debug-iphonesimulator/SwiftUINavigation.build/Objects-normal/arm64/SwiftUINavigation_const_extract_protocols.json -Xcc -I/Users/LL/Library/Developer/Xcode/DerivedData/SwiftUIDemo-gojcpzimnqflprcfscrvxatszhih/SourcePackages/checkouts/swift-navigation/Sources/UIKitNavigationShim/include -Xcc -I/Users/LL/Library/Developer/Xcode/DerivedData/SwiftUIDemo-gojcpzimnqflprcfscrvxatszhih/Build/Products/Debug-iphonesimulator/include -Xcc -I/Users/LL/Library/Developer/Xcode/DerivedData/SwiftUIDemo-gojcpzimnqflprcfscrvxatszhih/Build/Intermediates.noindex/swift-navigation.build/Debug-iphonesimulator/SwiftUINavigation.build/DerivedSources-normal/arm64 -Xcc -I/Users/LL/Library/Developer/Xcode/DerivedData/SwiftUIDemo-gojcpzimnqflprcfscrvxatszhih/Build/Intermediates.noindex/swift-navigation.build/Debug-iphonesimulator/SwiftUINavigation.build/DerivedSources/arm64 -Xcc -I/Users/LL/Library/Developer/Xcode/DerivedData/SwiftUIDemo-gojcpzimnqflprcfscrvxatszhih/Build/Intermediates.noindex/swift-navigation.build/Debug-iphonesimulator/SwiftUINavigation.build/DerivedSources -Xcc -DSWIFT_PACKAGE -Xcc -DDEBUG\=1 -emit-objc-header -emit-objc-header-path /Users/LL/Library/Developer/Xcode/DerivedData/SwiftUIDemo-gojcpzimnqflprcfscrvxatszhih/Build/Intermediates.noindex/swift-navigation.build/Debug-iphonesimulator/SwiftUINavigation.build/Objects-normal/arm64/SwiftUINavigation-Swift.h -working-directory /Users/LL/Documents/wordspace/SwiftUIImprove/SwiftUIDemo/SwiftUIDemo.xcodeproj -experimental-emit-module-separately -disable-cmo

SwiftDriver\ Compilation SwiftUINavigation normal arm64 com.apple.xcode.tools.swift.compiler (in target 'SwiftUINavigation' from project 'swift-navigation')
    cd /Users/LL/Documents/wordspace/SwiftUIImprove/SwiftUIDemo/SwiftUIDemo.xcodeproj
    builtin-Swift-Compilation -- /Applications/Xcode.app/Contents/Developer/Toolchains/XcodeDefault.xctoolchain/usr/bin/swiftc -module-name SwiftUINavigation -Onone -enforce-exclusivity\=checked @/Users/LL/Library/Developer/Xcode/DerivedData/SwiftUIDemo-gojcpzimnqflprcfscrvxatszhih/Build/Intermediates.noindex/swift-navigation.build/Debug-iphonesimulator/SwiftUINavigation.build/Objects-normal/arm64/SwiftUINavigation.SwiftFileList -DSWIFT_PACKAGE -DDEBUG -Xcc -fmodule-map-file\=/Users/LL/Library/Developer/Xcode/DerivedData/SwiftUIDemo-gojcpzimnqflprcfscrvxatszhih/Build/Intermediates.noindex/GeneratedModuleMaps-iphonesimulator/UIKitNavigationShim.modulemap -DXcode -plugin-path /Applications/Xcode.app/Contents/Developer/Toolchains/XcodeDefault.xctoolchain/usr/lib/swift/host/plugins/testing -enable-experimental-feature DebugDescriptionMacro -sdk /Applications/Xcode.app/Contents/Developer/Platforms/iPhoneSimulator.platform/Developer/SDKs/iPhoneSimulator18.4.sdk -target arm64-apple-ios13.0-simulator -g -module-cache-path /Users/LL/Library/Developer/Xcode/DerivedData/ModuleCache.noindex -Xfrontend -serialize-debugging-options -profile-coverage-mapping -profile-generate -enable-testing -suppress-warnings -index-store-path /Users/LL/Library/Developer/Xcode/DerivedData/SwiftUIDemo-gojcpzimnqflprcfscrvxatszhih/Index.noindex/DataStore -swift-version 6 -I /Users/LL/Library/Developer/Xcode/DerivedData/SwiftUIDemo-gojcpzimnqflprcfscrvxatszhih/Build/Products/Debug-iphonesimulator -I /Applications/Xcode.app/Contents/Developer/Platforms/iPhoneSimulator.platform/Developer/usr/lib -F /Users/LL/Library/Developer/Xcode/DerivedData/SwiftUIDemo-gojcpzimnqflprcfscrvxatszhih/Build/Products/Debug-iphonesimulator/PackageFrameworks -F /Users/LL/Library/Developer/Xcode/DerivedData/SwiftUIDemo-gojcpzimnqflprcfscrvxatszhih/Build/Products/Debug-iphonesimulator/PackageFrameworks -F /Users/LL/Library/Developer/Xcode/DerivedData/SwiftUIDemo-gojcpzimnqflprcfscrvxatszhih/Build/Products/Debug-iphonesimulator/PackageFrameworks -F /Users/LL/Library/Developer/Xcode/DerivedData/SwiftUIDemo-gojcpzimnqflprcfscrvxatszhih/Build/Products/Debug-iphonesimulator/PackageFrameworks -F /Users/LL/Library/Developer/Xcode/DerivedData/SwiftUIDemo-gojcpzimnqflprcfscrvxatszhih/Build/Products/Debug-iphonesimulator/PackageFrameworks -F /Users/LL/Library/Developer/Xcode/DerivedData/SwiftUIDemo-gojcpzimnqflprcfscrvxatszhih/Build/Products/Debug-iphonesimulator/PackageFrameworks -F /Users/LL/Library/Developer/Xcode/DerivedData/SwiftUIDemo-gojcpzimnqflprcfscrvxatszhih/Build/Products/Debug-iphonesimulator/PackageFrameworks -F /Users/LL/Library/Developer/Xcode/DerivedData/SwiftUIDemo-gojcpzimnqflprcfscrvxatszhih/Build/Products/Debug-iphonesimulator/PackageFrameworks -F /Users/LL/Library/Developer/Xcode/DerivedData/SwiftUIDemo-gojcpzimnqflprcfscrvxatszhih/Build/Products/Debug-iphonesimulator/PackageFrameworks -F /Users/LL/Library/Developer/Xcode/DerivedData/SwiftUIDemo-gojcpzimnqflprcfscrvxatszhih/Build/Products/Debug-iphonesimulator/PackageFrameworks -F /Users/LL/Library/Developer/Xcode/DerivedData/SwiftUIDemo-gojcpzimnqflprcfscrvxatszhih/Build/Products/Debug-iphonesimulator/PackageFrameworks -F /Users/LL/Library/Developer/Xcode/DerivedData/SwiftUIDemo-gojcpzimnqflprcfscrvxatszhih/Build/Products/Debug-iphonesimulator/PackageFrameworks -F /Users/LL/Library/Developer/Xcode/DerivedData/SwiftUIDemo-gojcpzimnqflprcfscrvxatszhih/Build/Products/Debug-iphonesimulator/PackageFrameworks -F /Users/LL/Library/Developer/Xcode/DerivedData/SwiftUIDemo-gojcpzimnqflprcfscrvxatszhih/Build/Products/Debug-iphonesimulator/PackageFrameworks -F /Users/LL/Library/Developer/Xcode/DerivedData/SwiftUIDemo-gojcpzimnqflprcfscrvxatszhih/Build/Products/Debug-iphonesimulator -F /Applications/Xcode.app/Contents/Developer/Platforms/iPhoneSimulator.platform/Developer/Library/Frameworks -F /Applications/Xcode.app/Contents/Developer/Platforms/iPhoneSimulator.platform/Developer/SDKs/iPhoneSimulator18.4.sdk/Developer/Library/Frameworks -Xfrontend -load-plugin-executable -Xfrontend /Users/LL/Library/Developer/Xcode/DerivedData/SwiftUIDemo-gojcpzimnqflprcfscrvxatszhih/Build/Products/Debug/CasePathsMacros\#CasePathsMacros -Xfrontend -load-plugin-executable -Xfrontend /Users/LL/Library/Developer/Xcode/DerivedData/SwiftUIDemo-gojcpzimnqflprcfscrvxatszhih/Build/Products/Debug/PerceptionMacros\#PerceptionMacros -c -j10 -enable-batch-mode -incremental -Xcc -ivfsstatcache -Xcc /Users/LL/Library/Developer/Xcode/DerivedData/SDKStatCaches.noindex/iphonesimulator18.4-22E235-71825a6d136aa4733edcbe86ece5525b.sdkstatcache -output-file-map /Users/LL/Library/Developer/Xcode/DerivedData/SwiftUIDemo-gojcpzimnqflprcfscrvxatszhih/Build/Intermediates.noindex/swift-navigation.build/Debug-iphonesimulator/SwiftUINavigation.build/Objects-normal/arm64/SwiftUINavigation-OutputFileMap.json -use-frontend-parseable-output -save-temps -no-color-diagnostics -serialize-diagnostics -emit-dependencies -emit-module -emit-module-path /Users/LL/Library/Developer/Xcode/DerivedData/SwiftUIDemo-gojcpzimnqflprcfscrvxatszhih/Build/Intermediates.noindex/swift-navigation.build/Debug-iphonesimulator/SwiftUINavigation.build/Objects-normal/arm64/SwiftUINavigation.swiftmodule -user-module-version 2.4.2 -validate-clang-modules-once -clang-build-session-file /Users/LL/Library/Developer/Xcode/DerivedData/ModuleCache.noindex/Session.modulevalidation -package-name swift_navigation -Xcc -I/Users/LL/Library/Developer/Xcode/DerivedData/SwiftUIDemo-gojcpzimnqflprcfscrvxatszhih/Build/Intermediates.noindex/swift-navigation.build/Debug-iphonesimulator/SwiftUINavigation.build/swift-overrides.hmap -emit-const-values -Xfrontend -const-gather-protocols-file -Xfrontend /Users/LL/Library/Developer/Xcode/DerivedData/SwiftUIDemo-gojcpzimnqflprcfscrvxatszhih/Build/Intermediates.noindex/swift-navigation.build/Debug-iphonesimulator/SwiftUINavigation.build/Objects-normal/arm64/SwiftUINavigation_const_extract_protocols.json -Xcc -I/Users/LL/Library/Developer/Xcode/DerivedData/SwiftUIDemo-gojcpzimnqflprcfscrvxatszhih/SourcePackages/checkouts/swift-navigation/Sources/UIKitNavigationShim/include -Xcc -I/Users/LL/Library/Developer/Xcode/DerivedData/SwiftUIDemo-gojcpzimnqflprcfscrvxatszhih/Build/Products/Debug-iphonesimulator/include -Xcc -I/Users/LL/Library/Developer/Xcode/DerivedData/SwiftUIDemo-gojcpzimnqflprcfscrvxatszhih/Build/Intermediates.noindex/swift-navigation.build/Debug-iphonesimulator/SwiftUINavigation.build/DerivedSources-normal/arm64 -Xcc -I/Users/LL/Library/Developer/Xcode/DerivedData/SwiftUIDemo-gojcpzimnqflprcfscrvxatszhih/Build/Intermediates.noindex/swift-navigation.build/Debug-iphonesimulator/SwiftUINavigation.build/DerivedSources/arm64 -Xcc -I/Users/LL/Library/Developer/Xcode/DerivedData/SwiftUIDemo-gojcpzimnqflprcfscrvxatszhih/Build/Intermediates.noindex/swift-navigation.build/Debug-iphonesimulator/SwiftUINavigation.build/DerivedSources -Xcc -DSWIFT_PACKAGE -Xcc -DDEBUG\=1 -emit-objc-header -emit-objc-header-path /Users/LL/Library/Developer/Xcode/DerivedData/SwiftUIDemo-gojcpzimnqflprcfscrvxatszhih/Build/Intermediates.noindex/swift-navigation.build/Debug-iphonesimulator/SwiftUINavigation.build/Objects-normal/arm64/SwiftUINavigation-Swift.h -working-directory /Users/LL/Documents/wordspace/SwiftUIImprove/SwiftUIDemo/SwiftUIDemo.xcodeproj -experimental-emit-module-separately -disable-cmo

SwiftDriver ComposableArchitecture normal arm64 com.apple.xcode.tools.swift.compiler (in target 'ComposableArchitecture' from project 'swift-composable-architecture')
    cd /Users/LL/Documents/wordspace/SwiftUIImprove/SwiftUIDemo/SwiftUIDemo.xcodeproj
    builtin-SwiftDriver -- /Applications/Xcode.app/Contents/Developer/Toolchains/XcodeDefault.xctoolchain/usr/bin/swiftc -module-name ComposableArchitecture -Onone -enforce-exclusivity\=checked @/Users/LL/Library/Developer/Xcode/DerivedData/SwiftUIDemo-gojcpzimnqflprcfscrvxatszhih/Build/Intermediates.noindex/swift-composable-architecture.build/Debug-iphonesimulator/ComposableArchitecture.build/Objects-normal/arm64/ComposableArchitecture.SwiftFileList -DSWIFT_PACKAGE -DDEBUG -Xcc -fmodule-map-file\=/Users/LL/Library/Developer/Xcode/DerivedData/SwiftUIDemo-gojcpzimnqflprcfscrvxatszhih/Build/Intermediates.noindex/GeneratedModuleMaps-iphonesimulator/UIKitNavigationShim.modulemap -DXcode -enable-upcoming-feature ExistentialAny -plugin-path /Applications/Xcode.app/Contents/Developer/Toolchains/XcodeDefault.xctoolchain/usr/lib/swift/host/plugins/testing -enable-experimental-feature DebugDescriptionMacro -sdk /Applications/Xcode.app/Contents/Developer/Platforms/iPhoneSimulator.platform/Developer/SDKs/iPhoneSimulator18.4.sdk -target arm64-apple-ios13.0-simulator -g -module-cache-path /Users/LL/Library/Developer/Xcode/DerivedData/ModuleCache.noindex -Xfrontend -serialize-debugging-options -profile-coverage-mapping -profile-generate -enable-testing -suppress-warnings -index-store-path /Users/LL/Library/Developer/Xcode/DerivedData/SwiftUIDemo-gojcpzimnqflprcfscrvxatszhih/Index.noindex/DataStore -swift-version 6 -I /Users/LL/Library/Developer/Xcode/DerivedData/SwiftUIDemo-gojcpzimnqflprcfscrvxatszhih/Build/Products/Debug-iphonesimulator -I /Applications/Xcode.app/Contents/Developer/Platforms/iPhoneSimulator.platform/Developer/usr/lib -F /Users/LL/Library/Developer/Xcode/DerivedData/SwiftUIDemo-gojcpzimnqflprcfscrvxatszhih/Build/Products/Debug-iphonesimulator/PackageFrameworks -F /Users/LL/Library/Developer/Xcode/DerivedData/SwiftUIDemo-gojcpzimnqflprcfscrvxatszhih/Build/Products/Debug-iphonesimulator/PackageFrameworks -F /Users/LL/Library/Developer/Xcode/DerivedData/SwiftUIDemo-gojcpzimnqflprcfscrvxatszhih/Build/Products/Debug-iphonesimulator/PackageFrameworks -F /Users/LL/Library/Developer/Xcode/DerivedData/SwiftUIDemo-gojcpzimnqflprcfscrvxatszhih/Build/Products/Debug-iphonesimulator/PackageFrameworks -F /Users/LL/Library/Developer/Xcode/DerivedData/SwiftUIDemo-gojcpzimnqflprcfscrvxatszhih/Build/Products/Debug-iphonesimulator/PackageFrameworks -F /Users/LL/Library/Developer/Xcode/DerivedData/SwiftUIDemo-gojcpzimnqflprcfscrvxatszhih/Build/Products/Debug-iphonesimulator/PackageFrameworks -F /Users/LL/Library/Developer/Xcode/DerivedData/SwiftUIDemo-gojcpzimnqflprcfscrvxatszhih/Build/Products/Debug-iphonesimulator/PackageFrameworks -F /Users/LL/Library/Developer/Xcode/DerivedData/SwiftUIDemo-gojcpzimnqflprcfscrvxatszhih/Build/Products/Debug-iphonesimulator/PackageFrameworks -F /Users/LL/Library/Developer/Xcode/DerivedData/SwiftUIDemo-gojcpzimnqflprcfscrvxatszhih/Build/Products/Debug-iphonesimulator/PackageFrameworks -F /Users/LL/Library/Developer/Xcode/DerivedData/SwiftUIDemo-gojcpzimnqflprcfscrvxatszhih/Build/Products/Debug-iphonesimulator/PackageFrameworks -F /Users/LL/Library/Developer/Xcode/DerivedData/SwiftUIDemo-gojcpzimnqflprcfscrvxatszhih/Build/Products/Debug-iphonesimulator/PackageFrameworks -F /Users/LL/Library/Developer/Xcode/DerivedData/SwiftUIDemo-gojcpzimnqflprcfscrvxatszhih/Build/Products/Debug-iphonesimulator/PackageFrameworks -F /Users/LL/Library/Developer/Xcode/DerivedData/SwiftUIDemo-gojcpzimnqflprcfscrvxatszhih/Build/Products/Debug-iphonesimulator/PackageFrameworks -F /Users/LL/Library/Developer/Xcode/DerivedData/SwiftUIDemo-gojcpzimnqflprcfscrvxatszhih/Build/Products/Debug-iphonesimulator/PackageFrameworks -F /Users/LL/Library/Developer/Xcode/DerivedData/SwiftUIDemo-gojcpzimnqflprcfscrvxatszhih/Build/Products/Debug-iphonesimulator/PackageFrameworks -F /Users/LL/Library/Developer/Xcode/DerivedData/SwiftUIDemo-gojcpzimnqflprcfscrvxatszhih/Build/Products/Debug-iphonesimulator/PackageFrameworks -F /Users/LL/Library/Developer/Xcode/DerivedData/SwiftUIDemo-gojcpzimnqflprcfscrvxatszhih/Build/Products/Debug-iphonesimulator/PackageFrameworks -F /Users/LL/Library/Developer/Xcode/DerivedData/SwiftUIDemo-gojcpzimnqflprcfscrvxatszhih/Build/Products/Debug-iphonesimulator/PackageFrameworks -F /Users/LL/Library/Developer/Xcode/DerivedData/SwiftUIDemo-gojcpzimnqflprcfscrvxatszhih/Build/Products/Debug-iphonesimulator/PackageFrameworks -F /Users/LL/Library/Developer/Xcode/DerivedData/SwiftUIDemo-gojcpzimnqflprcfscrvxatszhih/Build/Products/Debug-iphonesimulator/PackageFrameworks -F /Users/LL/Library/Developer/Xcode/DerivedData/SwiftUIDemo-gojcpzimnqflprcfscrvxatszhih/Build/Products/Debug-iphonesimulator/PackageFrameworks -F /Users/LL/Library/Developer/Xcode/DerivedData/SwiftUIDemo-gojcpzimnqflprcfscrvxatszhih/Build/Products/Debug-iphonesimulator/PackageFrameworks -F /Users/LL/Library/Developer/Xcode/DerivedData/SwiftUIDemo-gojcpzimnqflprcfscrvxatszhih/Build/Products/Debug-iphonesimulator/PackageFrameworks -F /Users/LL/Library/Developer/Xcode/DerivedData/SwiftUIDemo-gojcpzimnqflprcfscrvxatszhih/Build/Products/Debug-iphonesimulator -F /Applications/Xcode.app/Contents/Developer/Platforms/iPhoneSimulator.platform/Developer/Library/Frameworks -F /Applications/Xcode.app/Contents/Developer/Platforms/iPhoneSimulator.platform/Developer/SDKs/iPhoneSimulator18.4.sdk/Developer/Library/Frameworks -Xfrontend -load-plugin-executable -Xfrontend /Users/LL/Library/Developer/Xcode/DerivedData/SwiftUIDemo-gojcpzimnqflprcfscrvxatszhih/Build/Products/Debug/CasePathsMacros\#CasePathsMacros -Xfrontend -load-plugin-executable -Xfrontend /Users/LL/Library/Developer/Xcode/DerivedData/SwiftUIDemo-gojcpzimnqflprcfscrvxatszhih/Build/Products/Debug/ComposableArchitectureMacros\#ComposableArchitectureMacros -Xfrontend -load-plugin-executable -Xfrontend /Users/LL/Library/Developer/Xcode/DerivedData/SwiftUIDemo-gojcpzimnqflprcfscrvxatszhih/Build/Products/Debug/DependenciesMacrosPlugin\#DependenciesMacrosPlugin -Xfrontend -load-plugin-executable -Xfrontend /Users/LL/Library/Developer/Xcode/DerivedData/SwiftUIDemo-gojcpzimnqflprcfscrvxatszhih/Build/Products/Debug/PerceptionMacros\#PerceptionMacros -c -j10 -enable-batch-mode -incremental -Xcc -ivfsstatcache -Xcc /Users/LL/Library/Developer/Xcode/DerivedData/SDKStatCaches.noindex/iphonesimulator18.4-22E235-71825a6d136aa4733edcbe86ece5525b.sdkstatcache -output-file-map /Users/LL/Library/Developer/Xcode/DerivedData/SwiftUIDemo-gojcpzimnqflprcfscrvxatszhih/Build/Intermediates.noindex/swift-composable-architecture.build/Debug-iphonesimulator/ComposableArchitecture.build/Objects-normal/arm64/ComposableArchitecture-OutputFileMap.json -use-frontend-parseable-output -save-temps -no-color-diagnostics -serialize-diagnostics -emit-dependencies -emit-module -emit-module-path /Users/LL/Library/Developer/Xcode/DerivedData/SwiftUIDemo-gojcpzimnqflprcfscrvxatszhih/Build/Intermediates.noindex/swift-composable-architecture.build/Debug-iphonesimulator/ComposableArchitecture.build/Objects-normal/arm64/ComposableArchitecture.swiftmodule -user-module-version 1.22.2 -validate-clang-modules-once -clang-build-session-file /Users/LL/Library/Developer/Xcode/DerivedData/ModuleCache.noindex/Session.modulevalidation -package-name swift_composable_architecture -Xcc -I/Users/LL/Library/Developer/Xcode/DerivedData/SwiftUIDemo-gojcpzimnqflprcfscrvxatszhih/Build/Intermediates.noindex/swift-composable-architecture.build/Debug-iphonesimulator/ComposableArchitecture.build/swift-overrides.hmap -emit-const-values -Xfrontend -const-gather-protocols-file -Xfrontend /Users/LL/Library/Developer/Xcode/DerivedData/SwiftUIDemo-gojcpzimnqflprcfscrvxatszhih/Build/Intermediates.noindex/swift-composable-architecture.build/Debug-iphonesimulator/ComposableArchitecture.build/Objects-normal/arm64/ComposableArchitecture_const_extract_protocols.json -Xcc -I/Users/LL/Library/Developer/Xcode/DerivedData/SwiftUIDemo-gojcpzimnqflprcfscrvxatszhih/SourcePackages/checkouts/swift-navigation/Sources/UIKitNavigationShim/include -Xcc -I/Users/LL/Library/Developer/Xcode/DerivedData/SwiftUIDemo-gojcpzimnqflprcfscrvxatszhih/Build/Products/Debug-iphonesimulator/include -Xcc -I/Users/LL/Library/Developer/Xcode/DerivedData/SwiftUIDemo-gojcpzimnqflprcfscrvxatszhih/Build/Intermediates.noindex/swift-composable-architecture.build/Debug-iphonesimulator/ComposableArchitecture.build/DerivedSources-normal/arm64 -Xcc -I/Users/LL/Library/Developer/Xcode/DerivedData/SwiftUIDemo-gojcpzimnqflprcfscrvxatszhih/Build/Intermediates.noindex/swift-composable-architecture.build/Debug-iphonesimulator/ComposableArchitecture.build/DerivedSources/arm64 -Xcc -I/Users/LL/Library/Developer/Xcode/DerivedData/SwiftUIDemo-gojcpzimnqflprcfscrvxatszhih/Build/Intermediates.noindex/swift-composable-architecture.build/Debug-iphonesimulator/ComposableArchitecture.build/DerivedSources -Xcc -DSWIFT_PACKAGE -Xcc -DDEBUG\=1 -emit-objc-header -emit-objc-header-path /Users/LL/Library/Developer/Xcode/DerivedData/SwiftUIDemo-gojcpzimnqflprcfscrvxatszhih/Build/Intermediates.noindex/swift-composable-architecture.build/Debug-iphonesimulator/ComposableArchitecture.build/Objects-normal/arm64/ComposableArchitecture-Swift.h -working-directory /Users/LL/Documents/wordspace/SwiftUIImprove/SwiftUIDemo/SwiftUIDemo.xcodeproj -experimental-emit-module-separately -disable-cmo

SwiftEmitModule normal arm64 Emitting\ module\ for\ ComposableArchitecture (in target 'ComposableArchitecture' from project 'swift-composable-architecture')

EmitSwiftModule normal arm64 (in target 'ComposableArchitecture' from project 'swift-composable-architecture')
    cd /Users/LL/Documents/wordspace/SwiftUIImprove/SwiftUIDemo/SwiftUIDemo.xcodeproj
    
